03-04 08:25:33.545   946  1044 W RefBase : CallStack::logStackInternal not linked
03-04 08:25:33.545   946  1044 W RefBase : CallStack::getCurrentInternal not linked, returning null
03-04 08:25:33.545   946  1044 W RefBase : CallStack::logStackInternal not linked
03-04 08:25:33.546   946  1044 W RefBase : CallStack::getCurrentInternal not linked, returning null
03-04 08:25:33.546   946  1044 W RefBase : CallStack::logStackInternal not linked
03-04 08:25:33.547   946  1044 W RefBase : CallStack::getCurrentInternal not linked, returning null
03-04 08:25:33.547   946  1044 W RefBase : CallStack::logStackInternal not linked
03-04 08:25:33.548   946  1044 W RefBase : CallStack::getCurrentInternal not linked, returning null
03-04 08:25:33.548   946  1044 W RefBase : CallStack::logStackInternal not linked
03-04 08:25:33.549   946  1044 W RefBase : CallStack::getCurrentInternal not linked, returning null
03-04 08:25:33.549   946  1044 W RefBase : CallStack::logStackInternal not linked
03-04 08:25:33.549   946  1044 W RefBase : CallStack::getCurrentInternal not linked, returning null
03-04 08:25:33.549   946  1044 W RefBase : CallStack::logStackInternal not linked
03-04 08:25:33.550   946  1044 W RefBase : CallStack::getCurrentInternal not linked, returning null
03-04 08:25:33.550   946  1044 W RefBase : CallStack::logStackInternal not linked
03-04 08:25:33.551   946  1044 W RefBase : CallStack::getCurrentInternal not linked, returning null
03-04 08:25:33.551   946  1044 W RefBase : CallStack::logStackInternal not linked
03-04 08:25:33.552   946  1044 W RefBase : CallStack::getCurrentInternal not linked, returning null
03-04 08:25:33.552   946  1044 W RefBase : CallStack::logStackInternal not linked
03-04 08:25:33.552   946  1044 W RefBase : CallStack::getCurrentInternal not linked, returning null
03-04 08:25:33.552   946  1044 W RefBase : CallStack::logStackInternal not linked
03-04 08:25:33.553   946  1044 W RefBase : CallStack::getCurrentInternal not linked, returning null
03-04 08:25:33.553   946  1044 W RefBase : CallStack::logStackInternal not linked
03-04 08:25:33.558   867 28299 E engmode_world: Unknown token(00/00/00)
03-04 08:25:33.559   658   658 E engmode_hidl_service: error to server(0xd0060012)
03-04 08:25:33.562   908   935 E mtkpower@impl: [setMode] unknown type
03-04 08:25:33.566  1961  2857 E BufferQueueProducer: [SurfaceView[NotificationShade]@0#2062(BLAST Consumer)2062](id:7a90000080e,api:0,p:-1,c:1961) cancelBuffer: BufferQueue has no connected producer
03-04 08:25:33.566  1961  2857 E BufferQueueProducer: [SurfaceView[NotificationShade]@0#2062(BLAST Consumer)2062](id:7a90000080e,api:0,p:-1,c:1961) cancelBuffer: BufferQueue has no connected producer
03-04 08:25:33.566  1961  2857 E BufferQueueProducer: [SurfaceView[NotificationShade]@0#2062(BLAST Consumer)2062](id:7a90000080e,api:0,p:-1,c:1961) cancelBuffer: BufferQueue has no connected producer
03-04 08:25:33.566  1961  2857 E BufferQueueProducer: [SurfaceView[NotificationShade]@0#2062(BLAST Consumer)2062](id:7a90000080e,api:0,p:-1,c:1961) cancelBuffer: BufferQueue has no connected producer
03-04 08:25:33.567  1961  2857 E BufferQueueProducer: [SurfaceView[NotificationShade]@0#2062(BLAST Consumer)2062](id:7a90000080e,api:0,p:-1,c:1961) cancelBuffer: BufferQueue has no connected producer
03-04 08:25:33.567  1961  2857 E BufferQueueProducer: [SurfaceView[NotificationShade]@0#2062(BLAST Consumer)2062](id:7a90000080e,api:0,p:-1,c:1961) cancelBuffer: BufferQueue has no connected producer
03-04 08:25:33.567  1961  2857 E BufferQueueProducer: [SurfaceView[NotificationShade]@0#2062(BLAST Consumer)2062](id:7a90000080e,api:0,p:-1,c:1961) cancelBuffer: BufferQueue has no connected producer
03-04 08:25:33.582  1313  1888 E (FPLOG) : 2.0.36.0 DeviceSetClock 0
03-04 08:25:33.632  1491  1504 W System  : A resource failed to call close. 
03-04 08:25:33.679  1434  1434 E [WEATHER]: {[CE5143DBF08B65C96DED694BAAA07806E2DD8C56416AE8FF750412664A5BA873]}
03-04 08:25:33.683  1961  2771 W VideoPlayer: setSurface() is null or not valid, surface = null
03-04 08:25:33.684  1961  2771 W VideoPlayer: stopDrawing() mediaPlayer is null
03-04 08:25:33.697   946  1554 E BufferQueueDebug: [Surface(name=1ebb8f3 StatusBar)/@0xaa700a4 - animation-leash of insets_animation#39733](this:0xb400007e291e2570,id:-1,api:0,p:-1,c:-1) id info cannot be read from 'Surface(name=1ebb8f3 StatusBar)/@0xaa700a4 - animation-leash of insets_animation#39733'
03-04 08:25:33.699   946  1554 E BufferQueueDebug: [Surface(name=763d0f7 NavigationBar0)/@0xa58310 - animation-leash of insets_animation#39734](this:0xb400007e2916d960,id:-1,api:0,p:-1,c:-1) id info cannot be read from 'Surface(name=763d0f7 NavigationBar0)/@0xa58310 - animation-leash of insets_animation#39734'
03-04 08:25:33.706  1961  1961 W View    : requestLayout() improperly called by android.widget.FrameLayout{2ac7743 V.E...... ......ID 0,133-1080,2214 #7f0a0846 app:id/qs_frame} during layout: running second layout pass
03-04 08:25:33.717  1961  2771 W VideoPlayer: stopDrawing() mediaPlayer is null
03-04 08:25:33.717  1961  2771 W VideoPlayer: stopDrawing() mediaPlayer is null
03-04 08:25:33.740   946  1044 W RefBase : CallStack::getCurrentInternal not linked, returning null
03-04 08:25:33.740   946  1044 W RefBase : CallStack::logStackInternal not linked
03-04 08:25:33.758  1961  1961 W View    : requestLayout() improperly called by android.widget.FrameLayout{2ac7743 V.E...... ......ID 0,133-1080,2214 #7f0a0846 app:id/qs_frame} during layout: running second layout pass
03-04 08:25:33.773  1899  1899 E WifiHAL : handleResponse: data=0xb400007c7121a0b0, len=2448
03-04 08:25:33.784  1961  2771 W VideoPlayer: stopDrawing() mediaPlayer is null
03-04 08:25:33.805  1491  4053 E WindowManager: win=Window{53ce3f1 u0 NotificationShade} destroySurfaces: appStopped=true cleanupOnResume=false win.mWindowRemovalAllowed=false win.mRemoveOnExit=false win.mViewVisibility=4 caller=com.android.server.wm.WindowManagerService.tryStartExitingAnimation:2980 com.android.server.wm.WindowManagerService.relayoutWindow:2685 com.android.server.wm.Session.relayout:282 android.view.IWindowSession$Stub.onTransact:782 com.android.server.wm.Session.onTransact:204 android.os.Binder.execTransactInternal:1380 android.os.Binder.execTransact:1311 
03-04 08:25:33.826 32405 32405 D StroopAccessibility_DEBUG: [onAccessibilityEvent] WINDOW CHANGE: package=com.sec.android.app.launcher, class=com.sec.android.app.launcher.Launcher
03-04 08:25:33.826 32405 32405 D StroopAccessibility_DEBUG: [onAccessibilityEvent] HOME SCREEN: Ending all sessions
03-04 08:25:33.968  6530  6530 W fbservices:InitStatus: Not blocking Service (15096567)
03-04 08:25:33.980  6530  6530 W fbservices:InitStatus: Not blocking Service (15096567)
03-04 08:25:34.033  1491  4053 E WindowManager: win=Window{1b7d286 u0 FP Iconview} destroySurfaces: appStopped=true cleanupOnResume=false win.mWindowRemovalAllowed=false win.mRemoveOnExit=false win.mViewVisibility=8 caller=com.android.server.wm.WindowManagerService.tryStartExitingAnimation:2980 com.android.server.wm.WindowManagerService.relayoutWindow:2685 com.android.server.wm.Session.relayout:282 android.view.IWindowSession$Stub.onTransact:782 com.android.server.wm.Session.onTransact:204 android.os.Binder.execTransactInternal:1375 android.os.Binder.execTransact:1311 
03-04 08:25:34.041   908   935 E mtkpower@impl: [setMode] unknown type
03-04 08:25:34.451  1491  1920 W ContextImpl: Calling a method in the system process without a qualified user: android.app.ContextImpl.startActivity:1156 com.android.server.wm.ActivityTaskManagerService$ActiveLaunchReceiver.onReceive:1401 android.app.LoadedApk$ReceiverDispatcher$Args.lambda$getRunnable$0:1911 android.app.LoadedApk$ReceiverDispatcher$Args.$r8$lambda$gDuJqgxY6Zb-ifyeubKeivTLAwk:0 android.app.LoadedApk$ReceiverDispatcher$Args$$ExternalSyntheticLambda0.run:2 
03-04 08:25:34.452  1491  1920 E ActivityTaskManager: TouchDown intent received, starting ActiveLaunch
03-04 08:25:34.530  1491  2113 W WindowManager: setSyncMethod, id=2474, method=0, caller=com.android.server.wm.Transition.startCollecting:712 com.android.server.wm.TransitionController.moveToCollecting:360 com.android.server.wm.TransitionController.createAndStartCollecting:1766 
03-04 08:25:34.531  3001  3001 E pageboostd: Received HALT command code 2
03-04 08:25:34.535  3001  3001 E pageboostd: Received HALT command code 2
03-04 08:25:34.535  1491  4053 W WindowManager: Failed looking up window session=Session{a98c2e2 1961:u0a10044} callers=com.android.server.wm.WindowManagerService.windowForClientLocked:6719 com.android.server.wm.WindowManagerService.removeWindow:2146 com.android.server.wm.Session.remove:257 
03-04 08:25:34.536   946  1022 E BufferQueueDebug: [d5705df SnapshotStartingWindow for taskId=7020#39735](this:0xb400007e291ac3c0,id:-1,api:0,p:-1,c:-1) id info cannot be read from 'd5705df SnapshotStartingWindow for taskId=7020#39735'
03-04 08:25:34.537   946  1022 E BufferQueueDebug: [SnapshotStartingWindow for taskId=7020$_1961#39736](this:0xb400007e2920a350,id:-1,api:0,p:-1,c:-1) id info cannot be read from 'SnapshotStartingWindow for taskId=7020$_1961#39736'
03-04 08:25:34.545  1491  2245 E Transition: Trying to add a ready-group twice: Display{#0 state=ON size=1080x2340 ROTATION_0}
03-04 08:25:34.548   946  1554 E BufferQueueDebug: [Transition Root: Task=7020#39737](this:0xb400007e291b7a00,id:-1,api:0,p:-1,c:-1) id info cannot be read from 'Transition Root: Task=7020#39737'
03-04 08:25:34.550 17354 17354 W BackgroundStartupDetector: bgMode=FOREGROUND
03-04 08:25:34.551 17354 17408 W MultiSignalANRDetectorLacrima: Resuming error state checks
03-04 08:25:34.552   946  1022 E BufferQueueDebug: [Surface(name=1ebb8f3 StatusBar)/@0xaa700a4 - animation-leash of insets_animation#39738](this:0xb400007e291d41a0,id:-1,api:0,p:-1,c:-1) id info cannot be read from 'Surface(name=1ebb8f3 StatusBar)/@0xaa700a4 - animation-leash of insets_animation#39738'
03-04 08:25:34.552   946  1024 E BufferQueueDebug: [Surface(name=Task=7020)/@0x383e029_transition-leash#39739](this:0xb400007e29162320,id:-1,api:0,p:-1,c:-1) id info cannot be read from 'Surface(name=Task=7020)/@0x383e029_transition-leash#39739'
03-04 08:25:34.552   946  1554 E BufferQueueDebug: [Surface(name=Task=1)/@0x5bdb14f_transition-leash#39740](this:0xb400007e29159a70,id:-1,api:0,p:-1,c:-1) id info cannot be read from 'Surface(name=Task=1)/@0x5bdb14f_transition-leash#39740'
03-04 08:25:34.553   946  1554 E BufferQueueDebug: [Surface(name=763d0f7 NavigationBar0)/@0xa58310 - animation-leash of insets_animation#39741](this:0xb400007e291af150,id:-1,api:0,p:-1,c:-1) id info cannot be read from 'Surface(name=763d0f7 NavigationBar0)/@0xa58310 - animation-leash of insets_animation#39741'
03-04 08:25:34.556   946  1554 E BufferQueueDebug: [e06312e KHCD.00GJ.feed_timeline#39742](this:0xb400007e291ba790,id:-1,api:0,p:-1,c:-1) id info cannot be read from 'e06312e KHCD.00GJ.feed_timeline#39742'
03-04 08:25:34.559   946  1554 E BufferQueueDebug: [Surface(name=RemoteWallpaperAnim:1:1)/@0x4e5440c - animation-leash of remote_wallpaper#39743](this:0xb400007e291fbf80,id:-1,api:0,p:-1,c:-1) id info cannot be read from 'Surface(name=RemoteWallpaperAnim:1:1)/@0x4e5440c - animation-leash of remote_wallpaper#39743'
03-04 08:25:34.585 17354 17494 W LibevQuicAsyncUDPSocket.h: setReuseAddr not implemented in LibevQuicAsyncUDPSocket
03-04 08:25:34.585 17354 17494 W LibevQuicAsyncUDPSocket.h: setTosOrTrafficClass not implemented in LibevQuicAsyncUDPSocket
03-04 08:25:34.590 17354 17542 W MqttDozeAwareClientWrapper: Doze mode disabled. Starting client
03-04 08:25:34.591 17354 17542 W RealtimeClientManager: Channel state: MqttChannelState{mConnectionState=CONNECTING, mDisconnectionReason=null, mLastConnectionMs=77909617, mLastDisconnectMs=78036687}
03-04 08:25:34.593   908   935 E mtkpower@impl: [setMode] unknown type
03-04 08:25:34.598 17354 17542 W MqttDozeAwareClientWrapper: Doze mode disabled. Starting client
03-04 08:25:34.608  6530  6530 W fbservices:InitStatus: Not blocking Service (15096567)
03-04 08:25:34.626 17354 17354 W RageShakeSensorHelper: onActivityResume
03-04 08:25:34.626 17354 17354 W RageShakeEligibilityHelper: Showing public rageshake flow
03-04 08:25:34.626 17354 17354 W ShakeSensorHelper: registerShakeListener started | mRegistered=false
03-04 08:25:34.626 17354 17354 W ShakeSensorHelper: registerShakeListener registered
03-04 08:25:34.637 17354 17542 W RealtimeClientManager: Channel state: MqttChannelState{mConnectionState=CONNECTING, mDisconnectionReason=null, mLastConnectionMs=77909617, mLastDisconnectMs=78036687}
03-04 08:25:34.654   946  1554 E BufferQueueDebug: [com.instagram.android/com.instagram.mainactivity.InstagramMainActivity$_17354#39744](this:0xb400007e291b1ee0,id:-1,api:0,p:-1,c:-1) id info cannot be read from 'com.instagram.android/com.instagram.mainactivity.InstagramMainActivity$_17354#39744'
03-04 08:25:34.697   946  1554 E BufferQueueDebug: [KHCD.00GJ.feed_timeline$_17354#39745](this:0xb400007e292075c0,id:-1,api:0,p:-1,c:-1) id info cannot be read from 'KHCD.00GJ.feed_timeline$_17354#39745'
03-04 08:25:34.747 17354 17365 W stagram.android: Profile data size exceeds 500000 bytes. It has 573011 bytes.
03-04 08:25:34.755  1491  2936 W LocationManagerService: onFreezeStateChanged, uid[10061]=false
03-04 08:25:34.755  1491  2936 W LocationManagerService: onFreezeStateChanged, uid[10303]=false
03-04 08:25:34.760   946  1022 E BufferQueueDebug: [Surface(name=fc0ac53 InputMethod)/@0xdbaad9f - animation-leash of insets_animation#39746](this:0xb400007e291bd520,id:-1,api:0,p:-1,c:-1) id info cannot be read from 'Surface(name=fc0ac53 InputMethod)/@0xdbaad9f - animation-leash of insets_animation#39746'
03-04 08:25:34.784 17354 17354 E VideoPlayerImpl: IgBaseVideoPlayer Warning: AV1_INSTANTIATION AV1_INSTANTIATION AV1 decoding using Dav1d;meta.dav1d.av1.decoder
03-04 08:25:34.786 17354  1322 E ExoDav1dDecoder_JNI: Dav1dDecoder::dav1dInit -- setup signal action
03-04 08:25:34.795   946  2427 E BufferQueueDebug: [Surface(name=d5705df SnapshotStartingWindow for taskId=7020)/@0xd02ec44 - animation-leash of window_animation#39747](this:0xb400007e291e2570,id:-1,api:0,p:-1,c:-1) id info cannot be read from 'Surface(name=d5705df SnapshotStartingWindow for taskId=7020)/@0xd02ec44 - animation-leash of window_animation#39747'
03-04 08:25:34.796 17354 17354 E SlowAppComponent: 0ms: TaskLifeDetectingService instantiating
03-04 08:25:34.796 17354 17354 E SlowAppComponent: Main thread was blocked for 55ms in the foreground starting with TaskLifeDetectingService
03-04 08:25:34.836 17354 17542 W RealtimeClientManager: Channel state: MqttChannelState{mConnectionState=CONNECTED, mDisconnectionReason=null, mLastConnectionMs=78088529, mLastDisconnectMs=78036687}
03-04 08:25:34.856 32405 32405 D StroopAccessibility_DEBUG: [onAccessibilityEvent] WINDOW CHANGE: package=com.instagram.android, class=com.instagram.mainactivity.InstagramMainActivity
03-04 08:25:34.856 32405 32405 D StroopAccessibility_DEBUG: [onAccessibilityEvent] APP SWITCH: From com.sec.android.app.launcher to com.instagram.android
03-04 08:25:34.856 32405 32405 D StroopAccessibility_DEBUG: LOCK CHECK STARTED: Is com.instagram.android locked?
03-04 08:25:34.856 32405 32405 D StroopAccessibility_DEBUG: Service active: true
03-04 08:25:34.857 32405 32625 D StroopAccessibility_DEBUG: Refreshing locked apps cache (old cache: com.facebook.katana, com.instagram.android)
03-04 08:25:34.858  5108  4026 E AtomicFile: Failed to rename /data/user_de/0/com.samsung.android.honeyboard/files/selected.json.new to /data/user_de/0/com.samsung.android.honeyboard/files/selected.json
03-04 08:25:34.859 32405 32625 D StroopAccessibility_DEBUG: [refreshLockedAppsCache] Updated locked apps cache: com.facebook.katana, com.instagram.android
03-04 08:25:34.859 32405 32625 D StroopAccessibility_DEBUG: Cache refreshed: com.facebook.katana, com.instagram.android
03-04 08:25:34.859 32405 32625 D StroopAccessibility_DEBUG: Is com.instagram.android in locked list? true
03-04 08:25:34.859 32405 32625 D SessionManager: Checking if challenge for com.instagram.android is completed
03-04 08:25:34.859 32405 32625 D SessionManager: Current completed challenges: 
03-04 08:25:34.859 32405 32625 D StroopAccessibility_DEBUG: Has com.instagram.android completed a challenge? false
03-04 08:25:34.859 32405 32625 D SessionManager: App switch: com.sec.android.app.launcher -> com.instagram.android
03-04 08:25:34.859 32405 32625 D SessionManager: Ending session for app we're leaving: com.sec.android.app.launcher
03-04 08:25:34.859 32405 32625 D SessionManager: Ending session for: com.sec.android.app.launcher
03-04 08:25:34.859 32405 32625 D SessionManager: Ensuring a fresh challenge for locked app: com.instagram.android
03-04 08:25:34.859 32405 32625 D SessionManager: Ending session for: com.instagram.android
03-04 08:25:34.859 32405 32625 D StroopAccessibility_DEBUG: DEBUG FORCING: Clearing any existing completion status for com.instagram.android
03-04 08:25:34.859 32405 32625 D SessionManager: Ending session for: com.instagram.android
03-04 08:25:34.859 32405 32625 D SessionManager: Checking if challenge for com.instagram.android is completed
03-04 08:25:34.859 32405 32625 D SessionManager: Current completed challenges: 
03-04 08:25:34.859 32405 32625 D StroopAccessibility_DEBUG: After forcing: Challenge completed status is now: false
03-04 08:25:34.859 32405 32625 D SessionManager: Checking if challenge for com.instagram.android is completed
03-04 08:25:34.860 32405 32625 D SessionManager: Current completed challenges: 
03-04 08:25:34.860 32405 32625 D StroopAccessibility_DEBUG: FINAL APP STATUS: com.instagram.android | Locked: true | Should show lock: true
03-04 08:25:34.860 32405 32625 D SessionManager: Starting challenge for com.instagram.android
03-04 08:25:34.860 32405 32625 D StroopAccessibility_DEBUG: Attempt to start challenge: true
03-04 08:25:34.860  1491  2461 W PresentationStatsEventLogger: Shouldn't be logging AutofillPresentationEventReported again for same event
03-04 08:25:34.860 32405 32405 D StroopAccessibility_DEBUG: LAUNCHING LOCK CHALLENGE for: com.instagram.android
03-04 08:25:34.870  1491  2461 E WindowManager: win=Window{8578661 u0 com.sec.android.app.launcher/com.sec.android.app.launcher.activities.LauncherActivity} destroySurfaces: appStopped=true cleanupOnResume=false win.mWindowRemovalAllowed=false win.mRemoveOnExit=false win.mViewVisibility=8 caller=com.android.server.wm.ActivityRecord.destroySurfaces:6952 com.android.server.wm.ActivityRecord.destroySurfaces:6933 com.android.server.wm.ActivityRecord.activityStopped:7633 com.android.server.wm.ActivityClientController.activityStopped:321 android.app.IActivityClientController$Stub.onTransact:702 com.android.server.wm.ActivityClientController.onTransact:186 android.os.Binder.execTransactInternal:1380 
03-04 08:25:34.881  1491  4644 E NotificationService: Suppressing toast from package com.example.strooplocker by user request.
03-04 08:25:34.901  2478  2478 W FrameTracker: Missed App frame:UNKNOWN: 12, 21037149, 11187340, CUJ=J<LAUNCHER_APP_LAUNCH_FROM_ICON>
03-04 08:25:34.901  2478  2478 W FrameTracker: Missed SF frame:UNKNOWN: 12, 21037149, 11187340, CUJ=J<LAUNCHER_APP_LAUNCH_FROM_ICON>
03-04 08:25:34.901  2478  2478 W FrameTracker: Missing HWUI jank callback for vsyncId: 21037249, CUJ=J<LAUNCHER_APP_LAUNCH_FROM_ICON>
03-04 08:25:34.901  2478  2478 W FrameTracker: Missed SF frame:UNKNOWN: 68, 21037399, 0, CUJ=J<LAUNCHER_APP_LAUNCH_FROM_ICON>
03-04 08:25:34.901  2478  2478 W FrameTracker: Missing HWUI jank callback for vsyncId: 21037399, CUJ=J<LAUNCHER_APP_LAUNCH_FROM_ICON>
03-04 08:25:34.901  2478  2478 W FrameTracker: Missing HWUI jank callback for vsyncId: 21037459, CUJ=J<LAUNCHER_APP_LAUNCH_FROM_ICON>
03-04 08:25:34.901  2478  2478 W FrameTracker: Missed SF frame:UNKNOWN: 68, 21037503, 17881027, CUJ=J<LAUNCHER_APP_LAUNCH_FROM_ICON>
03-04 08:25:34.901  2478  2478 W FrameTracker: Missed SF frame:UNKNOWN: 68, 21037547, 0, CUJ=J<LAUNCHER_APP_LAUNCH_FROM_ICON>
03-04 08:25:34.901  2478  2478 W FrameTracker: Missing HWUI jank callback for vsyncId: 21037547, CUJ=J<LAUNCHER_APP_LAUNCH_FROM_ICON>
03-04 08:25:34.901  2478  2478 W FrameTracker: Missing HWUI jank callback for vsyncId: 21037562, CUJ=J<LAUNCHER_APP_LAUNCH_FROM_ICON>
03-04 08:25:34.948  1491  1515 E WindowManager: win=Window{d5705df u0 SnapshotStartingWindow for taskId=7020 EXITING} destroySurfaces: appStopped=false cleanupOnResume=false win.mWindowRemovalAllowed=true win.mRemoveOnExit=true win.mViewVisibility=0 caller=com.android.server.wm.WindowState.onExitAnimationDone:5764 com.android.server.wm.WindowStateAnimator.onAnimationFinished:208 com.android.server.wm.WindowState.onAnimationFinished:5995 com.android.server.wm.WindowContainer$$ExternalSyntheticLambda4.onAnimationFinished:0 com.android.server.wm.SurfaceAnimator.lambda$getFinishedCallback$0:140 com.android.server.wm.SurfaceAnimator.$r8$lambda$eYT7rjaBOE8bCIRq043wVzQ_RTM:0 com.android.server.wm.SurfaceAnimator$$ExternalSyntheticLambda1.run:0 
03-04 08:25:34.959   908   935 E mtkpower@impl: [setMode] unknown type
03-04 08:25:35.202  1491  1491 W AccessibilityManagerService:  wait for adding window timeout: 3009
03-04 08:25:35.256 17354 17494 W LibevQuicAsyncUDPSocket.h: setReuseAddr not implemented in LibevQuicAsyncUDPSocket
03-04 08:25:35.256 17354 17494 W LibevQuicAsyncUDPSocket.h: setTosOrTrafficClass not implemented in LibevQuicAsyncUDPSocket
03-04 08:25:35.303 32405 32405 D StroopAccessibility_DEBUG: [onAccessibilityEvent] WINDOW CHANGE: package=com.instagram.android, class=android.view.View
03-04 08:25:35.310  1899  1899 E WifiHAL : handleResponse: data=0xb400007c7121a0b0, len=2448
03-04 08:25:35.387  1491  4644 W ActivityTaskManager: Background activity start for com.example.strooplocker allowed because SYSTEM_ALERT_WINDOW permission is granted.
03-04 08:25:35.397  1491  4644 W WindowManager: setSyncMethod, id=2475, method=0, caller=com.android.server.wm.Transition.startCollecting:712 com.android.server.wm.TransitionController.moveToCollecting:360 com.android.server.wm.TransitionController.createAndStartCollecting:1766 
03-04 08:25:35.403   946  1555 E BufferQueueDebug: [Task=7060#39748](this:0xb400007e2920a350,id:-1,api:0,p:-1,c:-1) id info cannot be read from 'Task=7060#39748'
03-04 08:25:35.406   946  1555 E BufferQueueDebug: [ActivityRecord{727c971 u0 com.example.strooplocker/.StroopLockActivity t7060}#39749](this:0xb400007e291e2570,id:-1,api:0,p:-1,c:-1) id info cannot be read from 'ActivityRecord{727c971 u0 com.example.strooplocker/.StroopLockActivity t7060}#39749'
03-04 08:25:35.418 32405 32405 D StroopAccessibility_DEBUG: Lock intent for com.instagram.android sent successfully
03-04 08:25:35.419  3001  3001 E pageboostd: Received HALT command code 2
03-04 08:25:35.426 17354 17354 W RageShakeSensorHelper: onActivityPause
03-04 08:25:35.426 17354 17354 W ShakeSensorHelper: unregisterShakeListener started | mRegistered=true
03-04 08:25:35.426 17354 17354 W ShakeSensorHelper: unregisterShakeListener unregistered
03-04 08:25:35.436   946  1555 E BufferQueueDebug: [887872e Splash Screen com.example.strooplocker#39750](this:0xb400007e291ac3c0,id:-1,api:0,p:-1,c:-1) id info cannot be read from '887872e Splash Screen com.example.strooplocker#39750'
03-04 08:25:35.454   946  1555 E BufferQueueDebug: [Splash Screen com.example.strooplocker$_1961#39751](this:0xb400007e291fbf80,id:-1,api:0,p:-1,c:-1) id info cannot be read from 'Splash Screen com.example.strooplocker$_1961#39751'
03-04 08:25:35.454 32405 32405 D StroopLockActivity: Initializing UI components
03-04 08:25:35.454 32405 32405 D StroopLockActivity: Checking app permissions and setup status
03-04 08:25:35.455 32405 32405 D StroopLockActivity: Handling intent: Intent { flg=0x14000000 cmp=com.example.strooplocker/.StroopLockActivity (has extras) }
03-04 08:25:35.455 32405 32405 D StroopLockActivity: No locked package provided in the intent.
03-04 08:25:35.455 32405 32405 D StroopLockActivity: Generating new challenge - BEGIN
03-04 08:25:35.455 32405 32405 E StroopLockActivity: Color map not initialized! Initializing now...
03-04 08:25:35.455 32405 32405 D StroopLockActivity: Color map initialized with 9 colors
03-04 08:25:35.455 32405 32405 D StroopLockActivity: Color map has 9 colors: Red, Green, Blue, Yellow, Purple, Orange, Pink, Brown, Cyan
03-04 08:25:35.456 32405 32405 D StroopLockActivity: Set challenge text to 'Orange' with ink color 'Purple' (-8388480)
03-04 08:25:35.456 32405 32405 D StroopLockActivity: Creating color buttons with 9 available colors
03-04 08:25:35.456 32405 32405 D StroopLockActivity: Will create 9 buttons
03-04 08:25:35.456 32405 32405 D StroopLockActivity: Added button for color: Orange
03-04 08:25:35.457 32405 32405 D StroopLockActivity: Added button for color: Red
03-04 08:25:35.457 32405 32405 D StroopLockActivity: Added button for color: Purple
03-04 08:25:35.458 32405 32405 D StroopLockActivity: Added button for color: Blue
03-04 08:25:35.458 32405 32405 D StroopLockActivity: Added button for color: Brown
03-04 08:25:35.458 32405 32405 D StroopLockActivity: Added button for color: Cyan
03-04 08:25:35.459 32405 32405 D StroopLockActivity: Added button for color: Pink
03-04 08:25:35.459 32405 32405 D StroopLockActivity: Added button for color: Green
03-04 08:25:35.460 32405 32405 D StroopLockActivity: Added button for color: Yellow
03-04 08:25:35.460 32405 32405 D StroopLockActivity: Challenge generation complete
03-04 08:25:35.460 32405 32405 D StroopLockActivity: Color map initialized with 9 colors
03-04 08:25:35.467   946  2427 E BufferQueueDebug: [bd24a43 com.example.strooplocker/com.example.strooplocker.StroopLockActivity#39752](this:0xb400007e29162320,id:-1,api:0,p:-1,c:-1) id info cannot be read from 'bd24a43 com.example.strooplocker/com.example.strooplocker.StroopLockActivity#39752'
03-04 08:25:35.479   946  2427 E BufferQueueDebug: [com.example.strooplocker/com.example.strooplocker.StroopLockActivity$_32405#39753](this:0xb400007e291cb8f0,id:-1,api:0,p:-1,c:-1) id info cannot be read from 'com.example.strooplocker/com.example.strooplocker.StroopLockActivity$_32405#39753'
03-04 08:25:35.482   946  2427 E BufferQueueDebug: [Surface(name=1ebb8f3 StatusBar)/@0xaa700a4 - animation-leash of insets_animation#39754](this:0xb400007e29159a70,id:-1,api:0,p:-1,c:-1) id info cannot be read from 'Surface(name=1ebb8f3 StatusBar)/@0xaa700a4 - animation-leash of insets_animation#39754'
03-04 08:25:35.483   946  1555 E BufferQueueDebug: [Surface(name=763d0f7 NavigationBar0)/@0xa58310 - animation-leash of insets_animation#39755](this:0xb400007e291b7a00,id:-1,api:0,p:-1,c:-1) id info cannot be read from 'Surface(name=763d0f7 NavigationBar0)/@0xa58310 - animation-leash of insets_animation#39755'
03-04 08:25:35.491   946  1022 E BufferQueueDebug: [Transition Root: Task=7060#39756](this:0xb400007e291d1410,id:-1,api:0,p:-1,c:-1) id info cannot be read from 'Transition Root: Task=7060#39756'
03-04 08:25:35.494   946   946 E BufferQueueDebug: [Screenshot Parent#39757](this:0xb400007e2916d960,id:-1,api:0,p:-1,c:-1) id info cannot be read from 'Screenshot Parent#39757'
03-04 08:25:35.504   946  1555 E BufferQueueDebug: [cd61efb ActivityRecordInputSink com.example.strooplocker/.StroopLockActivity#39758](this:0xb400007e2918ce90,id:-1,api:0,p:-1,c:-1) id info cannot be read from 'cd61efb ActivityRecordInputSink com.example.strooplocker/.StroopLockActivity#39758'
03-04 08:25:35.506   946  1024 E BufferQueueDebug: [Bottom Edge Extension#39759](this:0xb400007e291a9630,id:-1,api:0,p:-1,c:-1) id info cannot be read from 'Bottom Edge Extension#39759'
03-04 08:25:35.509   946   946 E BufferQueueDebug: [Screenshot Parent#39760](this:0xb400007e291d41a0,id:-1,api:0,p:-1,c:-1) id info cannot be read from 'Screenshot Parent#39760'
03-04 08:25:35.513   945   952 E perfmond: [PERFMOND][BOTTLENECK_HINT]  HINT ON  WIN=0 AVG=0 JANK=4
03-04 08:25:35.514   945   952 E PerfHint: REPORT_BOTTLENECK_HINT_TRANSACTION :: name = perfmond
03-04 08:25:35.514  1491  2245 W ContextImpl: Calling a method in the system process without a qualified user: android.app.ContextImpl.sendBroadcast:1281 com.android.server.am.ActivityManagerService.onTransact:3147 android.os.Binder.execTransactInternal:1380 android.os.Binder.execTransact:1311 <bottom of call stack> 
03-04 08:25:35.514  1491  2245 W ContextImpl: Calling a method in the system process without a qualified user: android.app.ContextImpl.sendBroadcast:1281 com.android.server.am.ActivityManagerService.onTransact:3166 android.os.Binder.execTransactInternal:1380 android.os.Binder.execTransact:1311 <bottom of call stack> 
03-04 08:25:35.517   946  1024 E BufferQueueDebug: [bbq-wrapper#39761](this:0xb400007e2916d960,id:-1,api:0,p:-1,c:-1) id info cannot be read from 'bbq-wrapper#39761'
03-04 08:25:35.527  1491  1511 W ziparchive: Unable to open '/data/app/~~WWSiLgL6XB-3cZzOJz9wzw==/com.example.strooplocker-DWOR_0m3BUJXUWGymMbDmQ==/base.dm': No such file or directory
03-04 08:25:35.530   946  1555 E BufferQueueDebug: [DimTransitionLayer for Surface(name=Task=7060)/@0x9a4283f#39762](this:0xb400007e291d41a0,id:-1,api:0,p:-1,c:-1) id info cannot be read from 'DimTransitionLayer for Surface(name=Task=7060)/@0x9a4283f#39762'
03-04 08:25:35.536  3001  3001 E pageboostd: Received HALT command code 2
03-04 08:25:35.541   946  1022 E BufferQueueDebug: [Top Edge Extension#39763](this:0xb400007e2918a100,id:-1,api:0,p:-1,c:-1) id info cannot be read from 'Top Edge Extension#39763'
03-04 08:25:35.543   946   946 E BufferQueueDebug: [Screenshot Parent#39764](this:0xb400007e291df7e0,id:-1,api:0,p:-1,c:-1) id info cannot be read from 'Screenshot Parent#39764'
03-04 08:25:35.544   946  1555 E BufferQueueDebug: [Surface(name=bd24a43 com.example.strooplocker/com.example.strooplocker.StroopLockActivity)/@0xe55a498 - animation-leash of starting_reveal#39765](this:0xb400007e291af150,id:-1,api:0,p:-1,c:-1) id info cannot be read from 'Surface(name=bd24a43 com.example.strooplocker/com.example.strooplocker.StroopLockActivity)/@0xe55a498 - animation-leash of starting_reveal#39765'
03-04 08:25:35.548   946  1022 E BufferQueueDebug: [bbq-wrapper#39766](this:0xb400007e291df7e0,id:-1,api:0,p:-1,c:-1) id info cannot be read from 'bbq-wrapper#39766'
03-04 08:25:35.577   908   935 E mtkpower@impl: [setMode] unknown type
03-04 08:25:35.582   946  1555 E BufferQueueDebug: [Surface(name=fc0ac53 InputMethod)/@0xdbaad9f - animation-leash of insets_animation#39767](this:0xb400007e29176210,id:-1,api:0,p:-1,c:-1) id info cannot be read from 'Surface(name=fc0ac53 InputMethod)/@0xdbaad9f - animation-leash of insets_animation#39767'
03-04 08:25:35.612  1961  2204 W WindowOnBackDispatcher: sendCancelIfRunning: isInProgress=falsecallback=android.view.ViewRootImpl$$ExternalSyntheticLambda19@53d6f6b
03-04 08:25:35.614  1491  4644 W InputManager-JNI: Input channel object '887872e Splash Screen com.example.strooplocker (client)' was disposed without first being removed with the input manager!
03-04 08:25:35.666   908   935 E mtkpower@impl: [setMode] unknown type
03-04 08:25:35.688 32405 32405 D StroopAccessibility_DEBUG: [onAccessibilityEvent] WINDOW CHANGE: package=com.example.strooplocker, class=com.example.strooplocker.StroopLockActivity
03-04 08:25:35.688 32405 32405 D StroopAccessibility_DEBUG: [onAccessibilityEvent] SKIPPING: Our own app events
03-04 08:25:35.722  1491  1504 W system_server: ApkAssets: Deleting an ApkAssets object '<empty> and /data/app/~~cDOt1tS2laRgyN1xE4EKNQ==/com.facebook.katana-bUfY3eWs17D0rl8gJC929g==/base.apk' with 1 weak references
03-04 08:25:35.722  1491  1504 W system_server: ApkAssets: Deleting an ApkAssets object '<empty> and /data/app/~~cDOt1tS2laRgyN1xE4EKNQ==/com.facebook.katana-bUfY3eWs17D0rl8gJC929g==/split_arservicesoptional.apk' with 1 weak references
03-04 08:25:35.722  1491  1504 W system_server: ApkAssets: Deleting an ApkAssets object '<empty> and /data/app/~~cDOt1tS2laRgyN1xE4EKNQ==/com.facebook.katana-bUfY3eWs17D0rl8gJC929g==/split_heliumcore.apk' with 1 weak references
03-04 08:25:35.722  1491  1504 W system_server: ApkAssets: Deleting an ApkAssets object '<empty> and /data/app/~~cDOt1tS2laRgyN1xE4EKNQ==/com.facebook.katana-bUfY3eWs17D0rl8gJC929g==/split_heliumiab.apk' with 1 weak references
03-04 08:25:35.722  1491  1504 W system_server: ApkAssets: Deleting an ApkAssets object '<empty> and /data/app/~~cDOt1tS2laRgyN1xE4EKNQ==/com.facebook.katana-bUfY3eWs17D0rl8gJC929g==/split_papaya.apk' with 1 weak references
03-04 08:25:35.722  1491  1504 W system_server: ApkAssets: Deleting an ApkAssets object '<empty> and /data/app/~~cDOt1tS2laRgyN1xE4EKNQ==/com.facebook.katana-bUfY3eWs17D0rl8gJC929g==/split_papayaanalyticstorch.apk' with 1 weak references
03-04 08:25:35.722  1491  1504 W system_server: ApkAssets: Deleting an ApkAssets object '<empty> and /data/app/~~cDOt1tS2laRgyN1xE4EKNQ==/com.facebook.katana-bUfY3eWs17D0rl8gJC929g==/split_papayatorch.apk' with 1 weak references
03-04 08:25:35.722  1491  1504 W system_server: ApkAssets: Deleting an ApkAssets object '<empty> and /data/app/~~cDOt1tS2laRgyN1xE4EKNQ==/com.facebook.katana-bUfY3eWs17D0rl8gJC929g==/split_pytorch.apk' with 1 weak references
03-04 08:25:35.723  1491  1504 W system_server: ApkAssets: Deleting an ApkAssets object '<empty> and /data/app/~~cDOt1tS2laRgyN1xE4EKNQ==/com.facebook.katana-bUfY3eWs17D0rl8gJC929g==/split_s_arservicesoptional_slam.apk' with 1 weak references
03-04 08:25:35.723  1491  1504 W system_server: ApkAssets: Deleting an ApkAssets object '<empty> and /data/app/~~cDOt1tS2laRgyN1xE4EKNQ==/com.facebook.katana-bUfY3eWs17D0rl8gJC929g==/split_s_papayaanalyticstorch_papayatorch.apk' with 1 weak references
03-04 08:25:35.723  1491  1504 W system_server: ApkAssets: Deleting an ApkAssets object '<empty> and /data/app/~~cDOt1tS2laRgyN1xE4EKNQ==/com.facebook.katana-bUfY3eWs17D0rl8gJC929g==/split_s_papayaanalyticstorch_papayatorch_torchedlooper.apk' with 1 weak references
03-04 08:25:35.723  1491  1504 W system_server: ApkAssets: Deleting an ApkAssets object '<empty> and /data/app/~~cDOt1tS2laRgyN1xE4EKNQ==/com.facebook.katana-bUfY3eWs17D0rl8gJC929g==/split_s_papayatorch_torchedlooper.apk' with 1 weak references
03-04 08:25:35.723  1491  1504 W system_server: ApkAssets: Deleting an ApkAssets object '<empty> and /data/app/~~cDOt1tS2laRgyN1xE4EKNQ==/com.facebook.katana-bUfY3eWs17D0rl8gJC929g==/split_s_smartcropnative_smartplacementnative.apk' with 1 weak references
03-04 08:25:35.723  1491  1504 W system_server: ApkAssets: Deleting an ApkAssets object '<empty> and /data/app/~~cDOt1tS2laRgyN1xE4EKNQ==/com.facebook.katana-bUfY3eWs17D0rl8gJC929g==/split_s_smartcropnative_smartplacementnative_smarttrim.apk' with 1 weak references
03-04 08:25:35.723  1491  1504 W system_server: ApkAssets: Deleting an ApkAssets object '<empty> and /data/app/~~cDOt1tS2laRgyN1xE4EKNQ==/com.facebook.katana-bUfY3eWs17D0rl8gJC929g==/split_slam.apk' with 1 weak references
03-04 08:25:35.723  1491  1504 W system_server: ApkAssets: Deleting an ApkAssets object '<empty> and /data/app/~~cDOt1tS2laRgyN1xE4EKNQ==/com.facebook.katana-bUfY3eWs17D0rl8gJC929g==/split_smartcropnative.apk' with 1 weak references
03-04 08:25:35.725  1491  1504 W System  : A resource failed to call release. 
03-04 08:25:35.727  1491  1504 W System  : A resource failed to call HardwareBuffer.close. 
03-04 08:25:35.731  1491  1504 W System  : A resource failed to call HardwareBuffer.close. 
03-04 08:25:35.732  1491  1504 W System  : A resource failed to call HardwareBuffer.close. 
03-04 08:25:35.826 29820  4052 W BDClientLib: [a] file path is invalid
03-04 08:25:35.970  1491  1491 W AccessibilityManagerService:  wait for adding window timeout: 3010
03-04 08:25:35.989 17354 17408 W MultiSignalANRDetectorLacrima: Moving to background
03-04 08:25:35.993 17354 17354 W BackgroundStartupDetector: bgMode=BACKGROUND
03-04 08:25:35.999 17354 17354 W WindowOnBackDispatcher: sendCancelIfRunning: isInProgress=falsecallback=android.view.ViewRootImpl$$ExternalSyntheticLambda19@3b3e7ea
03-04 08:25:36.000  1491  4644 W InputManager-JNI: Input channel object 'e06312e KHCD.00GJ.feed_timeline (client)' was disposed without first being removed with the input manager!
03-04 08:25:36.003  1491  4644 E WindowManager: win=Window{8302ba6 u0 com.instagram.android/com.instagram.mainactivity.InstagramMainActivity} destroySurfaces: appStopped=true cleanupOnResume=false win.mWindowRemovalAllowed=false win.mRemoveOnExit=false win.mViewVisibility=8 caller=com.android.server.wm.ActivityRecord.destroySurfaces:6952 com.android.server.wm.ActivityRecord.destroySurfaces:6933 com.android.server.wm.ActivityRecord.activityStopped:7633 com.android.server.wm.ActivityClientController.activityStopped:321 android.app.IActivityClientController$Stub.onTransact:702 com.android.server.wm.ActivityClientController.onTransact:186 android.os.Binder.execTransactInternal:1380 
03-04 08:25:36.071 32405 32405 D StroopAccessibility_DEBUG: [onAccessibilityEvent] WINDOW CHANGE: package=com.example.strooplocker, class=android.widget.FrameLayout
03-04 08:25:36.071 32405 32405 D StroopAccessibility_DEBUG: [onAccessibilityEvent] SKIPPING: Our own app events
03-04 08:25:36.515   945   953 E PerfHint: PerfHint release
03-04 08:25:36.516   945   953 E perfmond: [PERFMOND][BOTTLENECK_HINT]  HINT OFF  WIN=0 AVG=0
03-04 08:25:36.642  1491  1633 W ProcessStats: Tracking association SourceState{554daa4 com.google.android.gms/10227 BFgs #220375} whose proc state 4 is better than process ProcessState{6ebc923 com.google.android.adservices.api/10266 pkg=com.google.android.adservices.api} proc state 14 (397 skipped)
03-04 08:25:36.729  4065  4065 E e.process.gapps: Not starting debugger since process cannot load the jdwp agent.
03-04 08:25:36.884  1491  1518 E Watchdog: !@Sync: 1720 heap: 112 / 130 FD: 1085 WaitTime: 0.000 GCcnt: 0 FullGC: 0 [2025-03-04 08:25:36.882]
03-04 08:25:36.885  1491  4522 E KernelCpuUidFullTimeReader: Negative delta from freq time for uid: 10317, delta: -47650
03-04 08:25:36.885  1491  4522 E KernelCpuUidFullTimeReader: Negative delta from freq time for uid: 90000, delta: -370
03-04 08:25:36.885  1491  4522 E KernelCpuUidFullTimeReader: Negative delta from freq time for uid: 90001, delta: -26
03-04 08:25:37.476  1368  1368 W WindowOnBackDispatcher: sendCancelIfRunning: isInProgress=falsecallback=android.view.ViewRootImpl$$ExternalSyntheticLambda19@ed1b794
03-04 08:25:37.482  1491  2245 W InputManager-JNI: Input channel object '1b7d286 FP Iconview (client)' was disposed without first being removed with the input manager!
03-04 08:25:37.488  1368  1368 W WindowOnBackDispatcher: sendCancelIfRunning: isInProgress=falsecallback=android.view.ViewRootImpl$$ExternalSyntheticLambda19@158f539
03-04 08:25:37.491  1491  2245 W InputManager-JNI: Input channel object '1f370e3 FP Maskview (client)' was disposed without first being removed with the input manager!
03-04 08:25:38.061 17354 17408 W MultiSignalANRDetectorLacrima: Pausing error state checks
03-04 08:25:38.329  1899  1899 E WifiHAL : handleResponse: data=0xb400007c7121a0b0, len=2448
03-04 08:25:38.356 16322 17944 W fb4a.MqttDozeAwareClientWrapper: Doze mode disabled. Starting client
03-04 08:25:38.362 16322 16322 E fb4a.Execution: Redirecting MSYS Execution scheduling from the UI thread to a custom executor
03-04 08:25:38.368 16322 16322 E fb4a.Execution: Redirecting MSYS Execution scheduling from the UI thread to a custom executor
03-04 08:25:38.393 16322 16322 E fb4a.Execution: Redirecting MSYS Execution scheduling from the UI thread to a custom executor
03-04 08:25:39.324 32405 32405 D StroopLockActivity: Color button clicked: Purple
03-04 08:25:39.324 32405 32405 D StroopLockActivity: Correct answer selected: Purple
03-04 08:25:39.332  1491  4644 W ContextImpl: Calling a method in the system process without a qualified user: android.app.ContextImpl.sendBroadcast:1281 com.android.server.notification.sec.DisplayToast.sendIntentForToastDumpLog:156 com.android.server.notification.sec.DisplayToast.outFile:106 com.android.server.notification.sec.DisplayToast.out:62 com.android.server.notification.NotificationManagerService$15.enqueueToastForDex:5125 
03-04 08:25:39.333   946  2427 E BufferQueueDebug: [WindowToken{b3ce6ec type=2005 android.os.Binder@c05659f}#39768](this:0xb400007e29201aa0,id:-1,api:0,p:-1,c:-1) id info cannot be read from 'WindowToken{b3ce6ec type=2005 android.os.Binder@c05659f}#39768'
03-04 08:25:39.336  1491  4644 W WindowManager: setSyncMethod, id=2476, method=0, caller=com.android.server.wm.Transition.startCollecting:712 com.android.server.wm.TransitionController.moveToCollecting:360 com.android.server.wm.TransitionController.createTransition:341 
03-04 08:25:39.353 17354 17408 W MultiSignalANRDetectorLacrima: Resuming error state checks
03-04 08:25:39.353 17354 17354 W BackgroundStartupDetector: bgMode=FOREGROUND
03-04 08:25:39.359   946  1024 E BufferQueueDebug: [9a5ec16 KHCD.00GJ.feed_timeline#39769](this:0xb400007e291c02b0,id:-1,api:0,p:-1,c:-1) id info cannot be read from '9a5ec16 KHCD.00GJ.feed_timeline#39769'
03-04 08:25:39.374 17354 17354 W RageShakeSensorHelper: onActivityResume
03-04 08:25:39.374 17354 17354 W RageShakeEligibilityHelper: Showing public rageshake flow
03-04 08:25:39.374 17354 17354 W ShakeSensorHelper: registerShakeListener started | mRegistered=false
03-04 08:25:39.374 17354 17354 W ShakeSensorHelper: registerShakeListener registered
03-04 08:25:39.390   946  1022 E BufferQueueDebug: [9ba8849 Toast#39770](this:0xb400007e292c6270,id:-1,api:0,p:-1,c:-1) id info cannot be read from '9ba8849 Toast#39770'
03-04 08:25:39.396   946  1022 E BufferQueueDebug: [com.instagram.android/com.instagram.mainactivity.InstagramMainActivity$_17354#39771](this:0xb400007e291d1410,id:-1,api:0,p:-1,c:-1) id info cannot be read from 'com.instagram.android/com.instagram.mainactivity.InstagramMainActivity$_17354#39771'
03-04 08:25:39.400   946  1555 E BufferQueueDebug: [Surface(name=1ebb8f3 StatusBar)/@0xaa700a4 - animation-leash of insets_animation#39772](this:0xb400007e291706f0,id:-1,api:0,p:-1,c:-1) id info cannot be read from 'Surface(name=1ebb8f3 StatusBar)/@0xaa700a4 - animation-leash of insets_animation#39772'
03-04 08:25:39.401   946  2427 E BufferQueueDebug: [Surface(name=763d0f7 NavigationBar0)/@0xa58310 - animation-leash of insets_animation#39773](this:0xb400007e2916abd0,id:-1,api:0,p:-1,c:-1) id info cannot be read from 'Surface(name=763d0f7 NavigationBar0)/@0xa58310 - animation-leash of insets_animation#39773'
03-04 08:25:39.405   946  2427 E BufferQueueDebug: [Toast$_1961#39774](this:0xb400007e291c5dd0,id:-1,api:0,p:-1,c:-1) id info cannot be read from 'Toast$_1961#39774'
03-04 08:25:39.429   946  2427 E BufferQueueDebug: [Surface(name=9ba8849 Toast)/@0xb914a61 - animation-leash of window_animation#39775](this:0xb400007e291e8090,id:-1,api:0,p:-1,c:-1) id info cannot be read from 'Surface(name=9ba8849 Toast)/@0xb914a61 - animation-leash of window_animation#39775'
03-04 08:25:39.436   946  2427 E BufferQueueDebug: [KHCD.00GJ.feed_timeline$_17354#39776](this:0xb400007e29159a70,id:-1,api:0,p:-1,c:-1) id info cannot be read from 'KHCD.00GJ.feed_timeline$_17354#39776'
03-04 08:25:39.449   946  1024 E BufferQueueDebug: [Transition Root: Task=7020#39777](this:0xb400007e291b7a00,id:-1,api:0,p:-1,c:-1) id info cannot be read from 'Transition Root: Task=7020#39777'
03-04 08:25:39.452   946   946 E BufferQueueDebug: [Screenshot Parent#39778](this:0xb400007e2917eac0,id:-1,api:0,p:-1,c:-1) id info cannot be read from 'Screenshot Parent#39778'
03-04 08:25:39.464   946  1555 E BufferQueueDebug: [Top Edge Extension#39779](this:0xb400007e2917eac0,id:-1,api:0,p:-1,c:-1) id info cannot be read from 'Top Edge Extension#39779'
03-04 08:25:39.472   946   946 E BufferQueueDebug: [Screenshot Parent#39780](this:0xb400007e291fbf80,id:-1,api:0,p:-1,c:-1) id info cannot be read from 'Screenshot Parent#39780'
03-04 08:25:39.472 17354 17354 E VideoPlayerImpl: IgBaseVideoPlayer Warning: AV1_INSTANTIATION AV1_INSTANTIATION AV1 decoding using Dav1d;meta.dav1d.av1.decoder
03-04 08:25:39.476   946  1022 E BufferQueueDebug: [bbq-wrapper#39781](this:0xb400007e292075c0,id:-1,api:0,p:-1,c:-1) id info cannot be read from 'bbq-wrapper#39781'
03-04 08:25:39.489 17354  1322 E ExoDav1dDecoder_JNI: Dav1dDecoder::dav1dInit -- setup signal action
03-04 08:25:39.491   946  1022 E BufferQueueDebug: [Bottom Edge Extension#39782](this:0xb400007e29195740,id:-1,api:0,p:-1,c:-1) id info cannot be read from 'Bottom Edge Extension#39782'
03-04 08:25:39.494   946   946 E BufferQueueDebug: [Screenshot Parent#39783](this:0xb400007e291fbf80,id:-1,api:0,p:-1,c:-1) id info cannot be read from 'Screenshot Parent#39783'
03-04 08:25:39.499   946  1024 E BufferQueueDebug: [bbq-wrapper#39784](this:0xb400007e291ba790,id:-1,api:0,p:-1,c:-1) id info cannot be read from 'bbq-wrapper#39784'
03-04 08:25:39.504   946  1022 E BufferQueueDebug: [Surface(name=fc0ac53 InputMethod)/@0xdbaad9f - animation-leash of insets_animation#39785](this:0xb400007e291fbf80,id:-1,api:0,p:-1,c:-1) id info cannot be read from 'Surface(name=fc0ac53 InputMethod)/@0xdbaad9f - animation-leash of insets_animation#39785'
03-04 08:25:39.534  5108  4121 E AtomicFile: Failed to rename /data/user_de/0/com.samsung.android.honeyboard/files/selected.json.new to /data/user_de/0/com.samsung.android.honeyboard/files/selected.json
03-04 08:25:39.535  5108  4125 E AtomicFile: Failed to rename /data/user_de/0/com.samsung.android.honeyboard/files/selected.json.new to /data/user_de/0/com.samsung.android.honeyboard/files/selected.json
03-04 08:25:39.590 17354 17354 E fatal   : runForegroundReporters
03-04 08:25:39.604 32405 32405 D StroopAccessibility_DEBUG: [onAccessibilityEvent] WINDOW CHANGE: package=com.instagram.android, class=com.instagram.mainactivity.InstagramMainActivity
03-04 08:25:39.849 32405 32405 W WindowOnBackDispatcher: sendCancelIfRunning: isInProgress=falsecallback=android.view.ViewRootImpl$$ExternalSyntheticLambda19@e1917ba
03-04 08:25:39.854  1491  4644 W InputManager-JNI: Input channel object 'bd24a43 com.example.strooplocker/com.example.strooplocker.StroopLockActivity (client)' was disposed without first being removed with the input manager!
03-04 08:25:39.859   946  2427 E BufferQueueDebug: [Task=7060#39786](this:0xb400007e291ac3c0,id:-1,api:0,p:-1,c:-1) id info cannot be read from 'Task=7060#39786'
03-04 08:25:39.945  1491  1491 W AccessibilityManagerService:  wait for adding window timeout: 3012
03-04 08:25:39.965  1491  1514 W AccessibilityWindowsPopulator: Windows change within in 2 frames continuously over 500 ms and notify windows changed immediately
03-04 08:25:40.047 32405 32405 D StroopAccessibility_DEBUG: [onAccessibilityEvent] WINDOW CHANGE: package=com.instagram.android, class=android.view.View
03-04 08:25:40.187   919   919 E SecVibrator-HAL-AIDL-EXT: V_5_0: performHapticEngine
03-04 08:25:40.187   919   919 E SecVibrator-HAL-AIDL-EXT: V_5_0: performHapticEngine amplitude : 10000
03-04 08:25:40.187   919   919 E SecVibrator-HAL-AIDL-EXT: V_5_0: performHapticEngine packet_cnt : 1
03-04 08:25:40.187   919   919 E SecVibrator-HAL-AIDL-EXT: V_5_0: performHapticEngine total_size : 4
03-04 08:25:40.187   919   919 E SecVibrator-HAL-AIDL-EXT: V_5_0: performHapticEngine : 4 7 10000 2000 1
03-04 08:25:40.188   919   919 E SecVibrator-HAL-AIDL-CORE: HW_API: do_on for timeoutMs: 1
03-04 08:25:40.188   919   919 E SecVibrator-HAL-AIDL-CORE: HW_API: >> writeNode node:/timed_output/vibrator/enable val:1
03-04 08:25:40.188   919   919 E SecVibrator-HAL-AIDL-CORE: HW_API: << writeNode node OK : 2
03-04 08:25:40.188   919   919 E SecVibrator-HAL-AIDL-EXT: V_5_0: performHapticEngine OK
03-04 08:25:40.417   919   919 E SecVibrator-HAL-AIDL-CORE: V_2_0: Vibrator off
03-04 08:25:40.417   919   919 E SecVibrator-HAL-AIDL-CORE: HW_API: do_off
03-04 08:25:40.417   919   919 E SecVibrator-HAL-AIDL-CORE: HW_API: >> writeNode node:/timed_output/vibrator/enable val:0
03-04 08:25:40.418   919   919 E SecVibrator-HAL-AIDL-CORE: HW_API: << writeNode node OK : 2
03-04 08:25:40.426 17354 17415 W 03cn    : CLOSE_SYSTEM_DIALOGS received, likely heading to background: homekey
03-04 08:25:40.428  1491  1512 W WindowManager: setSyncMethod, id=2477, method=0, caller=com.android.server.wm.Transition.startCollecting:712 com.android.server.wm.TransitionController.moveToCollecting:360 com.android.server.wm.TransitionController.createAndStartCollecting:1766 
03-04 08:25:40.435  3001  3001 E pageboostd: Received HALT command code 2
03-04 08:25:40.439  3822  3822 W ContextImpl: Calling a method in the system process without a qualified user: android.app.ContextImpl.startService:1960 android.content.ContextWrapper.startService:842 android.content.ContextWrapper.startService:842 com.sec.android.diagmonagent.sa.receiver.CFLogReceiver.a:17 com.sec.android.diagmonagent.sa.receiver.CFLogReceiver.onReceive:40 
03-04 08:25:40.444   946  1555 E BufferQueueDebug: [com.sec.android.app.launcher/com.sec.android.app.launcher.activities.LauncherActivity$_2478#39787](this:0xb400007e291cb8f0,id:-1,api:0,p:-1,c:-1) id info cannot be read from 'com.sec.android.app.launcher/com.sec.android.app.launcher.activities.LauncherActivity$_2478#39787'
03-04 08:25:40.447   946  1555 E BufferQueueDebug: [Surface(name=1ebb8f3 StatusBar)/@0xaa700a4 - animation-leash of insets_animation#39788](this:0xb400007e291b7a00,id:-1,api:0,p:-1,c:-1) id info cannot be read from 'Surface(name=1ebb8f3 StatusBar)/@0xaa700a4 - animation-leash of insets_animation#39788'
03-04 08:25:40.448   946  1022 E BufferQueueDebug: [Surface(name=763d0f7 NavigationBar0)/@0xa58310 - animation-leash of insets_animation#39789](this:0xb400007e291ac3c0,id:-1,api:0,p:-1,c:-1) id info cannot be read from 'Surface(name=763d0f7 NavigationBar0)/@0xa58310 - animation-leash of insets_animation#39789'
