03-04 08:25:54.496 17354 17354 W WindowOnBackDispatcher: sendCancelIfRunning: isInProgress=falsecallback=android.view.ViewRootImpl$$ExternalSyntheticLambda19@9de9658
03-04 08:25:54.497  1491  4063 W InputManager-JNI: Input channel object '59b32d0 KHCD.00GJ.feed_timeline (client)' was disposed without first being removed with the input manager!
03-04 08:25:54.501  1491  4061 E WindowManager: win=Window{8302ba6 u0 com.instagram.android/com.instagram.mainactivity.InstagramMainActivity} destroySurfaces: appStopped=true cleanupOnResume=false win.mWindowRemovalAllowed=false win.mRemoveOnExit=false win.mViewVisibility=8 caller=com.android.server.wm.ActivityRecord.destroySurfaces:6952 com.android.server.wm.ActivityRecord.destroySurfaces:6933 com.android.server.wm.ActivityRecord.activityStopped:7633 com.android.server.wm.ActivityClientController.activityStopped:321 android.app.IActivityClientController$Stub.onTransact:702 com.android.server.wm.ActivityClientController.onTransact:186 android.os.Binder.execTransactInternal:1380 
03-04 08:25:55.182  1899  1899 E WifiHAL : handleResponse: data=0xb400007c7121a0b0, len=2448
03-04 08:25:55.451  1961  1961 W WindowOnBackDispatcher: sendCancelIfRunning: isInProgress=falsecallback=android.view.ViewRootImpl$$ExternalSyntheticLambda19@b5a4ecd
03-04 08:25:55.457  1491  4061 W InputManager-JNI: Input channel object '788f000 Toast (client)' was disposed without first being removed with the input manager!
03-04 08:25:55.459   946  1022 E BufferQueueDebug: [Surface(name=788f000 Toast)/@0xd81d206 - animation-leash of window_animation#39912](this:0xb400007e291df7e0,id:-1,api:0,p:-1,c:-1) id info cannot be read from 'Surface(name=788f000 Toast)/@0xd81d206 - animation-leash of window_animation#39912'
03-04 08:25:55.465  1491  4061 W NotificationService: Toast already killed. pkg=com.example.strooplocker token=android.os.BinderProxy@9e197bd
03-04 08:25:55.940  1491  1514 W AccessibilityWindowsPopulator: Windows change within in 2 frames continuously over 500 ms and notify windows changed immediately
03-04 08:25:56.645 17354 17408 W MultiSignalANRDetectorLacrima: Pausing error state checks
03-04 08:25:57.148  1491  1514 W WindowManager: Unable to start animation, surface is null or no children.
03-04 08:25:57.688 17354 17354 E CriticalPathManagerImpl: critical path timeout: 15335435,
03-04 08:25:58.213  1899  1899 E WifiHAL : handleResponse: data=0xb400007c7121a0b0, len=2448
03-04 08:25:59.163 17354 17558 E AppStates.cpp: Event 2 is not expected in BACKGROUND_VOIPOFF
03-04 08:26:00.031  1961  1961 W View    : requestLayout() improperly called by android.widget.FrameLayout{2ac7743 V.E...... ......ID 0,133-1080,2214 #7f0a0846 app:id/qs_frame} during layout: running second layout pass
03-04 08:26:01.236  1899  1899 E WifiHAL : handleResponse: data=0xb400007c7121a0b0, len=2448
03-04 08:26:01.266  1491  1920 W ContextImpl: Calling a method in the system process without a qualified user: android.app.ContextImpl.startActivity:1156 com.android.server.wm.ActivityTaskManagerService$ActiveLaunchReceiver.onReceive:1401 android.app.LoadedApk$ReceiverDispatcher$Args.lambda$getRunnable$0:1911 android.app.LoadedApk$ReceiverDispatcher$Args.$r8$lambda$gDuJqgxY6Zb-ifyeubKeivTLAwk:0 android.app.LoadedApk$ReceiverDispatcher$Args$$ExternalSyntheticLambda0.run:2 
03-04 08:26:01.267  1491  1920 E ActivityTaskManager: TouchDown intent received, starting ActiveLaunch
03-04 08:26:01.317  1491  1504 W System  : A resource failed to call HardwareBuffer.close. 
03-04 08:26:01.367  1491  4053 W WindowManager: setSyncMethod, id=2486, method=0, caller=com.android.server.wm.Transition.startCollecting:712 com.android.server.wm.TransitionController.moveToCollecting:360 com.android.server.wm.TransitionController.createAndStartCollecting:1766 
03-04 08:26:01.369  3001  3001 E pageboostd: Received HALT command code 2
03-04 08:26:01.373  3001  3001 E pageboostd: Received HALT command code 2
03-04 08:26:01.375  1491  4061 W WindowManager: Failed looking up window session=Session{a98c2e2 1961:u0a10044} callers=com.android.server.wm.WindowManagerService.windowForClientLocked:6719 com.android.server.wm.WindowManagerService.removeWindow:2146 com.android.server.wm.Session.remove:257 
03-04 08:26:01.375  1491  4372 E Transition: Trying to add a ready-group twice: Display{#0 state=ON size=1080x2340 ROTATION_0}
03-04 08:26:01.379 16322 16322 W fb4a.BackgroundStartupDetector: bgMode=FOREGROUND
03-04 08:26:01.379 16322 16322 W fb4a.StartupMetricTracker: Begin HOT start
03-04 08:26:01.379 16322 16322 W fb4a.StartupMetricTracker: Surface (tentative, via activity create) = native_newsfeed (com.facebook.katana.activity.FbMainTabActivity)
03-04 08:26:01.380 16322 16610 W fb4a.MultiSignalANRDetectorLacrima: Resuming error state checks
03-04 08:26:01.381   946  1022 E BufferQueueDebug: [8ac4f6b SnapshotStartingWindow for taskId=7022#39913](this:0xb400007e291df7e0,id:-1,api:0,p:-1,c:-1) id info cannot be read from '8ac4f6b SnapshotStartingWindow for taskId=7022#39913'
03-04 08:26:01.384   946  1022 E BufferQueueDebug: [SnapshotStartingWindow for taskId=7022$_1961#39914](this:0xb400007e291d41a0,id:-1,api:0,p:-1,c:-1) id info cannot be read from 'SnapshotStartingWindow for taskId=7022$_1961#39914'
03-04 08:26:01.385 16322 16322 W fb4a.StartupMetricTracker: Surface (tentative, via activity resume) = native_newsfeed (com.facebook.katana.activity.FbMainTabActivity)
03-04 08:26:01.386 16322 16322 W fb4a.RageShakeDetector: onResume: com.facebook.katana.activity.FbMainTabActivity@b4b96c0
03-04 08:26:01.386 16322 16322 W fb4a.RageShakeDetector: maybeEnableDetector
03-04 08:26:01.390 16322 16322 W fb4a.StartupMetricTracker: surface (via navigation) = native_newsfeed
03-04 08:26:01.390 16322 16322 W fb4a.StartupMetricTracker: doneStrategy (via navigation) = feed
03-04 08:26:01.390   946  1555 E BufferQueueDebug: [Transition Root: Task=7022#39915](this:0xb400007e292c6270,id:-1,api:0,p:-1,c:-1) id info cannot be read from 'Transition Root: Task=7022#39915'
03-04 08:26:01.391 16322  4188 W fb4a.RageShakeAsyncSensorRegistration: startReceiving
03-04 08:26:01.391 16322  4188 W fb4a.RageShakeDetector: Enabled
03-04 08:26:01.392   946  1555 E BufferQueueDebug: [Surface(name=1ebb8f3 StatusBar)/@0xaa700a4 - animation-leash of insets_animation#39916](this:0xb400007e29248db0,id:-1,api:0,p:-1,c:-1) id info cannot be read from 'Surface(name=1ebb8f3 StatusBar)/@0xaa700a4 - animation-leash of insets_animation#39916'
03-04 08:26:01.393 16322  4166 W fb4a.RageShakeAsyncSensorRegistration: doRegisterListener, algo: X.2Uh@f54cc9f
03-04 08:26:01.393 16322  4166 W fb4a.FbRageShakeManager: starting
03-04 08:26:01.394   946  1555 E BufferQueueDebug: [Surface(name=763d0f7 NavigationBar0)/@0xa58310 - animation-leash of insets_animation#39917](this:0xb400007e29212c00,id:-1,api:0,p:-1,c:-1) id info cannot be read from 'Surface(name=763d0f7 NavigationBar0)/@0xa58310 - animation-leash of insets_animation#39917'
03-04 08:26:01.397   946  1555 E BufferQueueDebug: [Surface(name=Task=7022)/@0xe9aecf6_transition-leash#39918](this:0xb400007e29201aa0,id:-1,api:0,p:-1,c:-1) id info cannot be read from 'Surface(name=Task=7022)/@0xe9aecf6_transition-leash#39918'
03-04 08:26:01.398   946  1555 E BufferQueueDebug: [Surface(name=Task=1)/@0x39f4364_transition-leash#39919](this:0xb400007e291cb8f0,id:-1,api:0,p:-1,c:-1) id info cannot be read from 'Surface(name=Task=1)/@0x39f4364_transition-leash#39919'
03-04 08:26:01.405   946  1554 E BufferQueueDebug: [com.facebook.katana/com.facebook.katana.LoginActivity$_16322#39920](this:0xb400007e2920a350,id:-1,api:0,p:-1,c:-1) id info cannot be read from 'com.facebook.katana/com.facebook.katana.LoginActivity$_16322#39920'
03-04 08:26:01.410 16322  4166 W fb4a.FbRageShakeManager: registered
03-04 08:26:01.410   946  1022 E BufferQueueDebug: [Surface(name=RemoteWallpaperAnim:1:1)/@0x4e5440c - animation-leash of remote_wallpaper#39921](this:0xb400007e291706f0,id:-1,api:0,p:-1,c:-1) id info cannot be read from 'Surface(name=RemoteWallpaperAnim:1:1)/@0x4e5440c - animation-leash of remote_wallpaper#39921'
03-04 08:26:01.434 16322 16322 W fb4a.StartupMetricTracker: HOT start successful. Reason: display_done
03-04 08:26:01.434 16322 16322 W fb4a.StartupMetricTracker: surface = native_newsfeed
03-04 08:26:01.435 16322  3272 E fb4a.AppState: Returning default for first run info
03-04 08:26:01.435   908   935 E mtkpower@impl: [setMode] unknown type
03-04 08:26:01.438  1491  1514 W ProcessStats: Tracking association SourceState{9fc93d5 com.google.android.googlequicksearchbox:search/10230 BTop #220684} whose proc state 2 is better than process ProcessState{8f369ea com.google.android.googlequicksearchbox:interactor/10230 pkg=com.google.android.googlequicksearchbox} proc state 4 (199 skipped)
03-04 08:26:01.440 16322 16322 W fb4a.InitStatus: Not blocking Service (151659810)
03-04 08:26:01.465   946  1555 E BufferQueueDebug: [Surface(name=fc0ac53 InputMethod)/@0xdbaad9f - animation-leash of insets_animation#39922](this:0xb400007e291929b0,id:-1,api:0,p:-1,c:-1) id info cannot be read from 'Surface(name=fc0ac53 InputMethod)/@0xdbaad9f - animation-leash of insets_animation#39922'
03-04 08:26:01.477 16322  4097 E fb4a.QpTooltip: No valid QP
03-04 08:26:01.532  5108  4463 E AtomicFile: Failed to rename /data/user_de/0/com.samsung.android.honeyboard/files/selected.json.new to /data/user_de/0/com.samsung.android.honeyboard/files/selected.json
03-04 08:26:01.534  1491  2936 W LocationManagerService: onFreezeStateChanged, uid[10424]=false
03-04 08:26:01.537   946  1024 E BufferQueueDebug: [Surface(name=8ac4f6b SnapshotStartingWindow for taskId=7022)/@0xc7f7b7 - animation-leash of window_animation#39923](this:0xb400007e2916abd0,id:-1,api:0,p:-1,c:-1) id info cannot be read from 'Surface(name=8ac4f6b SnapshotStartingWindow for taskId=7022)/@0xc7f7b7 - animation-leash of window_animation#39923'
03-04 08:26:01.546  5108  4464 E AtomicFile: Failed to rename /data/user_de/0/com.samsung.android.honeyboard/files/selected.json.new to /data/user_de/0/com.samsung.android.honeyboard/files/selected.json
03-04 08:26:01.558  1491  1511 W Looper  : Slow dispatch took 125ms android.fg h=android.os.Handler c=com.android.server.wm.ActivityMetricsLogger$$ExternalSyntheticLambda4@73635c1 m=0
03-04 08:26:01.599 16322  4179 W ModelLoader.cpp: Require to load PyTorch voltron module
03-04 08:26:01.600 16322  3278 W ModelLoader.cpp: Require to load PyTorch voltron module
03-04 08:26:01.610 32405 32405 D StroopAccessibility_DEBUG: [onAccessibilityEvent] WINDOW CHANGE: package=com.facebook.katana, class=com.facebook.katana.activity.FbMainTabActivity
03-04 08:26:01.611 32405 32405 D StroopAccessibility_DEBUG: [onAccessibilityEvent] APP SWITCH: From com.sec.android.app.launcher to com.facebook.katana
03-04 08:26:01.611 32405 32405 D StroopAccessibility_DEBUG: LOCK CHECK STARTED: Is com.facebook.katana locked?
03-04 08:26:01.611 32405 32405 D StroopAccessibility_DEBUG: Service active: true
03-04 08:26:01.611 32405 32405 D StroopAccessibility_DEBUG: SKIPPING LOCK: Challenge already in progress
03-04 08:26:01.677   908   935 E mtkpower@impl: [setMode] unknown type
03-04 08:26:01.684 16322 16322 W fb4a.AppComponentFactory: Instantiating Service
03-04 08:26:01.685  1491  4061 W PresentationStatsEventLogger: Shouldn't be logging AutofillPresentationEventReported again for same event
03-04 08:26:01.698  1491  1515 E WindowManager: win=Window{8ac4f6b u0 SnapshotStartingWindow for taskId=7022 EXITING} destroySurfaces: appStopped=false cleanupOnResume=false win.mWindowRemovalAllowed=true win.mRemoveOnExit=true win.mViewVisibility=0 caller=com.android.server.wm.WindowState.onExitAnimationDone:5764 com.android.server.wm.WindowStateAnimator.onAnimationFinished:208 com.android.server.wm.WindowState.onAnimationFinished:5995 com.android.server.wm.WindowContainer$$ExternalSyntheticLambda4.onAnimationFinished:0 com.android.server.wm.SurfaceAnimator.lambda$getFinishedCallback$0:140 com.android.server.wm.SurfaceAnimator.$r8$lambda$eYT7rjaBOE8bCIRq043wVzQ_RTM:0 com.android.server.wm.SurfaceAnimator$$ExternalSyntheticLambda1.run:0 
03-04 08:26:01.704  1491  4372 E WindowManager: win=Window{8578661 u0 com.sec.android.app.launcher/com.sec.android.app.launcher.activities.LauncherActivity} destroySurfaces: appStopped=true cleanupOnResume=false win.mWindowRemovalAllowed=false win.mRemoveOnExit=false win.mViewVisibility=8 caller=com.android.server.wm.ActivityRecord.destroySurfaces:6952 com.android.server.wm.ActivityRecord.destroySurfaces:6933 com.android.server.wm.ActivityRecord.activityStopped:7633 com.android.server.wm.ActivityClientController.activityStopped:321 android.app.IActivityClientController$Stub.onTransact:702 com.android.server.wm.ActivityClientController.onTransact:186 android.os.Binder.execTransactInternal:1380 
03-04 08:26:01.718   896   918 E BatteryDump: !@new_battery_dump : 4054,-1068,100,100,74,262,287,305,0,0,314,305,0,Discharging,NO_CHARGING,None,Good,NONE,0,Normal,0,0,9840,0x40000000,0x10000,0x0,0,0,0000,0000,00000000,0,0,0,0,260,4043,7520,0,0,
03-04 08:26:01.728  1961  1961 W PowerUI : Plug reason
03-04 08:26:01.728  1961  1961 W PowerUI : Skip charging animation - by plug status
03-04 08:26:01.728  1961  1961 W PowerUI : Plug reason
03-04 08:26:01.728  1961  1961 W PowerUI : Skip charging sound - by plug status
03-04 08:26:01.743 16322  4178 W fb4a.1Kf: class X.2IL submitted as runnable to class X.1Kf. Potential deadlocks on get().
03-04 08:26:02.308 12200 12208 W gle.android.gms: ApkAssets: Deleting an ApkAssets object '<empty> and /data/app/~~1cw-3VrfkzPzXGlTdNGNlQ==/com.google.android.apps.googleassistant-OZFutaThhpyB8jxOfEQQXg==/base.apk' with 1 weak references
03-04 08:26:02.308 12200 12208 W gle.android.gms: ApkAssets: Deleting an ApkAssets object '<empty> and /data/app/~~cNH9bam8iEDhOIttNCIA_A==/com.google.earth-V4dOZkB1DLSif1Yo8EjvRw==/base.apk' with 1 weak references
03-04 08:26:02.309 12200 12208 W gle.android.gms: ApkAssets: Deleting an ApkAssets object '<empty> and /data/app/~~cNH9bam8iEDhOIttNCIA_A==/com.google.earth-V4dOZkB1DLSif1Yo8EjvRw==/split_config.arm64_v8a.apk' with 1 weak references
03-04 08:26:02.309 12200 12208 W gle.android.gms: ApkAssets: Deleting an ApkAssets object '<empty> and /data/app/~~WWSiLgL6XB-3cZzOJz9wzw==/com.example.strooplocker-DWOR_0m3BUJXUWGymMbDmQ==/base.apk' with 1 weak references
03-04 08:26:02.309 12200 12208 W gle.android.gms: ApkAssets: Deleting an ApkAssets object '<empty> and /system/priv-app/SecSettings/SecSettings.apk' with 1 weak references
03-04 08:26:02.311 12200 12208 W gle.android.gms: ApkAssets: Deleting an ApkAssets object '<empty> and /data/app/~~cDOt1tS2laRgyN1xE4EKNQ==/com.facebook.katana-bUfY3eWs17D0rl8gJC929g==/base.apk' with 1 weak references
03-04 08:26:02.312 12200 12208 W gle.android.gms: ApkAssets: Deleting an ApkAssets object '<empty> and /data/app/~~cDOt1tS2laRgyN1xE4EKNQ==/com.facebook.katana-bUfY3eWs17D0rl8gJC929g==/split_arservicesoptional.apk' with 1 weak references
03-04 08:26:02.312 12200 12208 W gle.android.gms: ApkAssets: Deleting an ApkAssets object '<empty> and /data/app/~~cDOt1tS2laRgyN1xE4EKNQ==/com.facebook.katana-bUfY3eWs17D0rl8gJC929g==/split_heliumcore.apk' with 1 weak references
03-04 08:26:02.312 12200 12208 W gle.android.gms: ApkAssets: Deleting an ApkAssets object '<empty> and /data/app/~~cDOt1tS2laRgyN1xE4EKNQ==/com.facebook.katana-bUfY3eWs17D0rl8gJC929g==/split_heliumiab.apk' with 1 weak references
03-04 08:26:02.312 12200 12208 W gle.android.gms: ApkAssets: Deleting an ApkAssets object '<empty> and /data/app/~~cDOt1tS2laRgyN1xE4EKNQ==/com.facebook.katana-bUfY3eWs17D0rl8gJC929g==/split_papaya.apk' with 1 weak references
03-04 08:26:02.312 12200 12208 W gle.android.gms: ApkAssets: Deleting an ApkAssets object '<empty> and /data/app/~~cDOt1tS2laRgyN1xE4EKNQ==/com.facebook.katana-bUfY3eWs17D0rl8gJC929g==/split_papayaanalyticstorch.apk' with 1 weak references
03-04 08:26:02.312 12200 12208 W gle.android.gms: ApkAssets: Deleting an ApkAssets object '<empty> and /data/app/~~cDOt1tS2laRgyN1xE4EKNQ==/com.facebook.katana-bUfY3eWs17D0rl8gJC929g==/split_papayatorch.apk' with 1 weak references
03-04 08:26:02.312 12200 12208 W gle.android.gms: ApkAssets: Deleting an ApkAssets object '<empty> and /data/app/~~cDOt1tS2laRgyN1xE4EKNQ==/com.facebook.katana-bUfY3eWs17D0rl8gJC929g==/split_pytorch.apk' with 1 weak references
03-04 08:26:02.312 12200 12208 W gle.android.gms: ApkAssets: Deleting an ApkAssets object '<empty> and /data/app/~~cDOt1tS2laRgyN1xE4EKNQ==/com.facebook.katana-bUfY3eWs17D0rl8gJC929g==/split_s_arservicesoptional_slam.apk' with 1 weak references
03-04 08:26:02.312 12200 12208 W gle.android.gms: ApkAssets: Deleting an ApkAssets object '<empty> and /data/app/~~cDOt1tS2laRgyN1xE4EKNQ==/com.facebook.katana-bUfY3eWs17D0rl8gJC929g==/split_s_papayaanalyticstorch_papayatorch.apk' with 1 weak references
03-04 08:26:02.312 12200 12208 W gle.android.gms: ApkAssets: Deleting an ApkAssets object '<empty> and /data/app/~~cDOt1tS2laRgyN1xE4EKNQ==/com.facebook.katana-bUfY3eWs17D0rl8gJC929g==/split_s_papayaanalyticstorch_papayatorch_torchedlooper.apk' with 1 weak references
03-04 08:26:02.312 12200 12208 W gle.android.gms: ApkAssets: Deleting an ApkAssets object '<empty> and /data/app/~~cDOt1tS2laRgyN1xE4EKNQ==/com.facebook.katana-bUfY3eWs17D0rl8gJC929g==/split_s_papayatorch_torchedlooper.apk' with 1 weak references
03-04 08:26:02.312 12200 12208 W gle.android.gms: ApkAssets: Deleting an ApkAssets object '<empty> and /data/app/~~cDOt1tS2laRgyN1xE4EKNQ==/com.facebook.katana-bUfY3eWs17D0rl8gJC929g==/split_s_smartcropnative_smartplacementnative.apk' with 1 weak references
03-04 08:26:02.312 12200 12208 W gle.android.gms: ApkAssets: Deleting an ApkAssets object '<empty> and /data/app/~~cDOt1tS2laRgyN1xE4EKNQ==/com.facebook.katana-bUfY3eWs17D0rl8gJC929g==/split_s_smartcropnative_smartplacementnative_smarttrim.apk' with 1 weak references
03-04 08:26:02.312 12200 12208 W gle.android.gms: ApkAssets: Deleting an ApkAssets object '<empty> and /data/app/~~cDOt1tS2laRgyN1xE4EKNQ==/com.facebook.katana-bUfY3eWs17D0rl8gJC929g==/split_slam.apk' with 1 weak references
03-04 08:26:02.312 12200 12208 W gle.android.gms: ApkAssets: Deleting an ApkAssets object '<empty> and /data/app/~~cDOt1tS2laRgyN1xE4EKNQ==/com.facebook.katana-bUfY3eWs17D0rl8gJC929g==/split_smartcropnative.apk' with 1 weak references
03-04 08:26:02.312 12200 12208 W gle.android.gms: ApkAssets: Deleting an ApkAssets object '<empty> and /data/app/~~WReII1Tro35vHuIufhg2mA==/com.instagram.android-E_ffvaHuskQcq6RRGLItWw==/base.apk' with 1 weak references
03-04 08:26:02.313 12200 12208 W gle.android.gms: ApkAssets: Deleting an ApkAssets object '<empty> and /data/app/~~WReII1Tro35vHuIufhg2mA==/com.instagram.android-E_ffvaHuskQcq6RRGLItWw==/split_audio_stream_processor.apk' with 1 weak references
03-04 08:26:02.313 12200 12208 W gle.android.gms: ApkAssets: Deleting an ApkAssets object '<empty> and /data/app/~~WReII1Tro35vHuIufhg2mA==/com.instagram.android-E_ffvaHuskQcq6RRGLItWw==/split_audio_stream_processor_shim_impl.apk' with 1 weak references
03-04 08:26:02.313 12200 12208 W gle.android.gms: ApkAssets: Deleting an ApkAssets object '<empty> and /data/app/~~WReII1Tro35vHuIufhg2mA==/com.instagram.android-E_ffvaHuskQcq6RRGLItWw==/split_executorch.apk' with 1 weak references
03-04 08:26:02.313 12200 12208 W gle.android.gms: ApkAssets: Deleting an ApkAssets object '<empty> and /data/app/~~WReII1Tro35vHuIufhg2mA==/com.instagram.android-E_ffvaHuskQcq6RRGLItWw==/split_pytorch.apk' with 1 weak references
03-04 08:26:02.314 12200 12208 W gle.android.gms: ApkAssets: Deleting an ApkAssets object '<empty> and /data/app/~~WReII1Tro35vHuIufhg2mA==/com.instagram.android-E_ffvaHuskQcq6RRGLItWw==/split_s_1687668038.apk' with 1 weak references
03-04 08:26:02.314 12200 12208 W gle.android.gms: ApkAssets: Deleting an ApkAssets object '<empty> and /data/app/~~WReII1Tro35vHuIufhg2mA==/com.instagram.android-E_ffvaHuskQcq6RRGLItWw==/split_s_audio_stream_processor_configurable_audio.apk' with 1 weak references
03-04 08:26:02.314 12200 12208 W gle.android.gms: ApkAssets: Deleting an ApkAssets object '<empty> and /data/app/~~WReII1Tro35vHuIufhg2mA==/com.instagram.android-E_ffvaHuskQcq6RRGLItWw==/split_s_executorch_pytorch.apk' with 1 weak references
03-04 08:26:02.316 12200 12208 W gle.android.gms: ApkAssets: Deleting an ApkAssets object '<empty> and /data/app/~~WReII1Tro35vHuIufhg2mA==/com.instagram.android-E_ffvaHuskQcq6RRGLItWw==/split_spm.apk' with 1 weak references
03-04 08:26:03.288   919   919 E SecVibrator-HAL-AIDL-EXT: V_5_0: performHapticEngine
03-04 08:26:03.288   919   919 E SecVibrator-HAL-AIDL-EXT: V_5_0: performHapticEngine amplitude : 10000
03-04 08:26:03.288   919   919 E SecVibrator-HAL-AIDL-EXT: V_5_0: performHapticEngine packet_cnt : 1
03-04 08:26:03.288   919   919 E SecVibrator-HAL-AIDL-EXT: V_5_0: performHapticEngine total_size : 4
03-04 08:26:03.288   919   919 E SecVibrator-HAL-AIDL-EXT: V_5_0: performHapticEngine : 4 7 10000 2000 1
03-04 08:26:03.288   919   919 E SecVibrator-HAL-AIDL-CORE: HW_API: do_on for timeoutMs: 1
03-04 08:26:03.288   919   919 E SecVibrator-HAL-AIDL-CORE: HW_API: >> writeNode node:/timed_output/vibrator/enable val:1
03-04 08:26:03.288   919   919 E SecVibrator-HAL-AIDL-CORE: HW_API: << writeNode node OK : 2
03-04 08:26:03.288   919   919 E SecVibrator-HAL-AIDL-EXT: V_5_0: performHapticEngine OK
03-04 08:26:03.517   919   919 E SecVibrator-HAL-AIDL-CORE: V_2_0: Vibrator off
03-04 08:26:03.517   919   919 E SecVibrator-HAL-AIDL-CORE: HW_API: do_off
03-04 08:26:03.517   919   919 E SecVibrator-HAL-AIDL-CORE: HW_API: >> writeNode node:/timed_output/vibrator/enable val:0
03-04 08:26:03.518   919   919 E SecVibrator-HAL-AIDL-CORE: HW_API: << writeNode node OK : 2
03-04 08:26:03.531 16322 17137 W fb4a.0Td: CLOSE_SYSTEM_DIALOGS received, likely heading to background: homekey
03-04 08:26:03.536  1491  1512 W WindowManager: setSyncMethod, id=2487, method=0, caller=com.android.server.wm.Transition.startCollecting:712 com.android.server.wm.TransitionController.moveToCollecting:360 com.android.server.wm.TransitionController.createAndStartCollecting:1766 
03-04 08:26:03.544  3001  3001 E pageboostd: Received HALT command code 2
03-04 08:26:03.547  3822  3822 W ContextImpl: Calling a method in the system process without a qualified user: android.app.ContextImpl.startService:1960 android.content.ContextWrapper.startService:842 android.content.ContextWrapper.startService:842 com.sec.android.diagmonagent.sa.receiver.CFLogReceiver.a:17 com.sec.android.diagmonagent.sa.receiver.CFLogReceiver.onReceive:40 
03-04 08:26:03.552 16322 16593 W fb4a.NoOpQuickPerformanceLogger: markerStart(int markerId, int instanceKey) has not been implemented
03-04 08:26:03.552 16322 16593 W fb4a.NoOpQuickPerformanceLogger: markerAnnotate(int markerId, int instanceKey, String annotationKey, @Nullable String annotationValue) has not been implemented
03-04 08:26:03.552 16322  4165 W fb4a.NoOpQuickPerformanceLogger: markerAnnotate(int markerId, int instanceKey, String annotationKey, @Nullable String annotationValue) has not been implemented
03-04 08:26:03.552 16322  4165 W fb4a.NoOpQuickPerformanceLogger: markerPoint(int markerId, int instanceKey, String name) has not been implemented
03-04 08:26:03.552 16322 16322 W fb4a.RageShakeDetector: onPause: com.facebook.katana.activity.FbMainTabActivity@b4b96c0
03-04 08:26:03.552 16322 16322 W fb4a.RageShakeDetector: maybeDisableDetector
03-04 08:26:03.552 16322  4095 W fb4a.RageShakeDetector: disableDetector
03-04 08:26:03.552 16322  4095 W fb4a.RageShakeAsyncSensorRegistration: stopReceiving
03-04 08:26:03.552 16322  4095 W fb4a.RageShakeDetector: Disabled
03-04 08:26:03.553 16322 16322 E fb4a.Execution: Redirecting MSYS Execution scheduling from the UI thread to a custom executor
03-04 08:26:03.561   946  1554 E BufferQueueDebug: [com.sec.android.app.launcher/com.sec.android.app.launcher.activities.LauncherActivity$_2478#39924](this:0xb400007e291cb8f0,id:-1,api:0,p:-1,c:-1) id info cannot be read from 'com.sec.android.app.launcher/com.sec.android.app.launcher.activities.LauncherActivity$_2478#39924'
03-04 08:26:03.562 16322  4165 W fb4a.NoOpQuickPerformanceLogger: markerEnd(int markerId, int instanceKey, short action) has not been implemented
03-04 08:26:03.564   946  1554 E BufferQueueDebug: [Surface(name=1ebb8f3 StatusBar)/@0xaa700a4 - animation-leash of insets_animation#39925](this:0xb400007e291df7e0,id:-1,api:0,p:-1,c:-1) id info cannot be read from 'Surface(name=1ebb8f3 StatusBar)/@0xaa700a4 - animation-leash of insets_animation#39925'
03-04 08:26:03.565   946  1024 E BufferQueueDebug: [Surface(name=763d0f7 NavigationBar0)/@0xa58310 - animation-leash of insets_animation#39926](this:0xb400007e29201aa0,id:-1,api:0,p:-1,c:-1) id info cannot be read from 'Surface(name=763d0f7 NavigationBar0)/@0xa58310 - animation-leash of insets_animation#39926'
03-04 08:26:03.568 16322 17137 W fb4a.0Td: CLOSE_SYSTEM_DIALOGS received, likely heading to background: homekey
03-04 08:26:03.600   946  1554 E BufferQueueDebug: [Transition Root: Task=1#39927](this:0xb400007e29248db0,id:-1,api:0,p:-1,c:-1) id info cannot be read from 'Transition Root: Task=1#39927'
03-04 08:26:03.602   946   946 E BufferQueueDebug: [Screenshot Parent#39928](this:0xb400007e29212c00,id:-1,api:0,p:-1,c:-1) id info cannot be read from 'Screenshot Parent#39928'
03-04 08:26:03.615   946  1024 E BufferQueueDebug: [Surface(name=Task=1)/@0xb03ba4e_transition-leash#39929](this:0xb400007e291d41a0,id:-1,api:0,p:-1,c:-1) id info cannot be read from 'Surface(name=Task=1)/@0xb03ba4e_transition-leash#39929'
03-04 08:26:03.616   946  1554 E BufferQueueDebug: [Surface(name=Task=7022)/@0x7d26c7c_transition-leash#39930](this:0xb400007e2916abd0,id:-1,api:0,p:-1,c:-1) id info cannot be read from 'Surface(name=Task=7022)/@0x7d26c7c_transition-leash#39930'
03-04 08:26:03.620   946  1554 E BufferQueueDebug: [Surface(name=RemoteWallpaperAnim:1:1)/@0x4e5440c - animation-leash of remote_wallpaper#39931](this:0xb400007e291706f0,id:-1,api:0,p:-1,c:-1) id info cannot be read from 'Surface(name=RemoteWallpaperAnim:1:1)/@0x4e5440c - animation-leash of remote_wallpaper#39931'
03-04 08:26:03.639   946  1024 E BufferQueueDebug: [Surface(name=fc0ac53 InputMethod)/@0xdbaad9f - animation-leash of insets_animation#39932](this:0xb400007e2920d0e0,id:-1,api:0,p:-1,c:-1) id info cannot be read from 'Surface(name=fc0ac53 InputMethod)/@0xdbaad9f - animation-leash of insets_animation#39932'
03-04 08:26:03.639   908   935 E mtkpower@impl: [setMode] unknown type
03-04 08:26:03.756 32405 32405 D StroopAccessibility_DEBUG: [onAccessibilityEvent] WINDOW CHANGE: package=com.sec.android.app.launcher, class=com.sec.android.app.launcher.Launcher
03-04 08:26:03.756 32405 32405 D StroopAccessibility_DEBUG: [onAccessibilityEvent] HOME SCREEN: Ending all sessions
03-04 08:26:03.756 32405 32625 D SessionManager: App switch: com.facebook.katana -> com.sec.android.app.launcher
03-04 08:26:03.756 32405 32625 D SessionManager: Ending session for app we're leaving: com.facebook.katana
03-04 08:26:03.756 32405 32625 D SessionManager: Ending session for: com.facebook.katana
03-04 08:26:03.756 32405 32625 D SessionManager: Going to home screen - ending all active sessions
03-04 08:26:03.855   908   935 E mtkpower@impl: [setMode] unknown type
03-04 08:26:03.903 16322 16322 W fb4a.InitStatus: Not blocking Service (151659810)
03-04 08:26:03.904 16322 16610 W fb4a.MultiSignalANRDetectorLacrima: Moving to background
03-04 08:26:03.906 16322 17843 W fb4a.3ce: onUserLeftApp mSweepFuture=null
03-04 08:26:03.906 16322 17843 W fb4a.3ce: Scheduling memory leak check in 5000 ms 
03-04 08:26:03.907 16322 16322 W fb4a.BackgroundStartupDetector: bgMode=BACKGROUND
03-04 08:26:03.923  1491  2461 E WindowManager: win=Window{86c2afe u0 com.facebook.katana/com.facebook.katana.LoginActivity} destroySurfaces: appStopped=true cleanupOnResume=false win.mWindowRemovalAllowed=false win.mRemoveOnExit=false win.mViewVisibility=8 caller=com.android.server.wm.ActivityRecord.destroySurfaces:6952 com.android.server.wm.ActivityRecord.destroySurfaces:6933 com.android.server.wm.ActivityRecord.activityStopped:7633 com.android.server.wm.ActivityClientController.activityStopped:321 android.app.IActivityClientController$Stub.onTransact:702 com.android.server.wm.ActivityClientController.onTransact:186 android.os.Binder.execTransactInternal:1380 
03-04 08:26:04.254  1899  1899 E WifiHAL : handleResponse: data=0xb400007c7121a0b0, len=2448
03-04 08:26:04.817   946  1554 E BufferQueueDebug: [ColorFade_d0#39933](this:0xb400007e2920a350,id:-1,api:0,p:-1,c:-1) id info cannot be read from 'ColorFade_d0#39933'
03-04 08:26:04.818  3822  3822 W ContextImpl: Calling a method in the system process without a qualified user: android.app.ContextImpl.startService:1960 android.content.ContextWrapper.startService:842 android.content.ContextWrapper.startService:842 com.sec.android.diagmonagent.sa.receiver.CFLogReceiver.a:17 com.sec.android.diagmonagent.sa.receiver.CFLogReceiver.onReceive:40 
03-04 08:26:04.818   946  1555 E BufferQueueDebug: [ColorFade BLAST_d0#39934](this:0xb400007e29248db0,id:-1,api:0,p:-1,c:-1) id info cannot be read from 'ColorFade BLAST_d0#39934'
03-04 08:26:04.820  1961  2771 W VideoPlayer: stopDrawing() mediaPlayer is null
03-04 08:26:04.826  1313  4504 E (FPLOG) : 2.0.36.0 DeviceSetClock 1
03-04 08:26:04.844  1313  4504 E bauth_FPBAuthServiceStorage: isValidTemplFormat fopen is null : 2
03-04 08:26:04.844  1313  4504 E bauth_FPBAuthServiceStorage: isValidTemplFormat fopen is null : 2
03-04 08:26:04.844  1313  4504 E bauth_FPBAuthServiceStorage: isValidTemplFormat fopen is null : 2
03-04 08:26:04.852  1368  1368 E ThemeUtils: View class com.airbnb.lottie.LottieAnimationView is an AppCompat widget that can only be used with a Theme.AppCompat theme (or descendant).
03-04 08:26:04.967  1961  1961 W KeyguardFingerprint: handleFingerprintAuth dispatchCount = 1 / elapsed time: 0ms
03-04 08:26:04.968  1491  1491 E PocketProximityManager: onSensorChanged : proxVal: 255.0
03-04 08:26:04.973  1313  4504 E (FPLOG) : 2.0.36.0 DeviceSetClock 0
03-04 08:26:05.111   946  1555 E BufferQueueDebug: [WindowToken{40738ff type=2619 android.os.BinderProxy@6ea381e}#39935](this:0xb400007e2916abd0,id:-1,api:0,p:-1,c:-1) id info cannot be read from 'WindowToken{40738ff type=2619 android.os.BinderProxy@6ea381e}#39935'
03-04 08:26:05.114   946  1555 E BufferQueueDebug: [eab26cc FP Iconview#39936](this:0xb400007e291d41a0,id:-1,api:0,p:-1,c:-1) id info cannot be read from 'eab26cc FP Iconview#39936'
03-04 08:26:05.129   946  1024 E BufferQueueDebug: [WindowToken{8c9e3b8 type=2619 android.os.BinderProxy@820661b}#39937](this:0xb400007e291706f0,id:-1,api:0,p:-1,c:-1) id info cannot be read from 'WindowToken{8c9e3b8 type=2619 android.os.BinderProxy@820661b}#39937'
03-04 08:26:05.131   946  1554 E BufferQueueDebug: [9a83591 FP Maskview#39938](this:0xb400007e291929b0,id:-1,api:0,p:-1,c:-1) id info cannot be read from '9a83591 FP Maskview#39938'
03-04 08:26:05.140  1368  1368 E ThemeUtils: View class com.airbnb.lottie.LottieAnimationView is an AppCompat widget that can only be used with a Theme.AppCompat theme (or descendant).
03-04 08:26:05.191   946   946 E BufferQueueDebug: [Screenshot Parent#39939](this:0xb400007e291ba790,id:-1,api:0,p:-1,c:-1) id info cannot be read from 'Screenshot Parent#39939'
03-04 08:26:05.192   655  1804 W android.system.suspend-service: getWakeLockStats +
03-04 08:26:05.198   946   946 E BufferQueueDebug: [Screenshot Parent#39940](this:0xb400007e291ba790,id:-1,api:0,p:-1,c:-1) id info cannot be read from 'Screenshot Parent#39940'
03-04 08:26:05.241  1491  1515 W SurfaceControl: Invalid layer stack -1
03-04 08:26:05.252  1491  2241 W PresentationStatsEventLogger: Shouldn't be logging AutofillPresentationEventReported again for same event
03-04 08:26:05.256  1491  4522 E WindowManager: win=Window{8578661 u0 com.sec.android.app.launcher/com.sec.android.app.launcher.activities.LauncherActivity} destroySurfaces: appStopped=true cleanupOnResume=false win.mWindowRemovalAllowed=false win.mRemoveOnExit=false win.mViewVisibility=8 caller=com.android.server.wm.ActivityRecord.destroySurfaces:6952 com.android.server.wm.ActivityRecord.destroySurfaces:6933 com.android.server.wm.ActivityRecord.activityStopped:7633 com.android.server.wm.ActivityClientController.activityStopped:321 android.app.IActivityClientController$Stub.onTransact:702 com.android.server.wm.ActivityClientController.onTransact:186 android.os.Binder.execTransactInternal:1380 
03-04 08:26:05.312   655  1804 W android.system.suspend-service: getWakeLockStats -
03-04 08:26:05.313   655  2778 W android.system.suspend-service: getWakeLockStats +
03-04 08:26:05.359   655  2778 W android.system.suspend-service: getWakeLockStats -
03-04 08:26:05.393   908   935 E mtkpower@impl: [setMode] unknown type
03-04 08:26:05.435  1961  1961 E AbsSettings: refreshInner: refreshedSettingsDBItem key SELECTED_THEME_CLOCK_TYPE val = 0
03-04 08:26:05.435  1961  1961 E AbsSettings: refreshInner: refreshedSettingsDBItem key CLOCK_VERSION val = 300000
03-04 08:26:05.435  1961  1961 E AbsSettings: refreshInner: refreshedSettingsDBItem key PALETTE_VERSION val = 90000
03-04 08:26:05.443  1961  1961 W AODAlarmTimer_AOD_CHARGING_INFO_TICK: stop : not yet started 
03-04 08:26:05.449  1961  1961 E AbsSettings: refreshInner: refreshedSettingsDBItem key SELECTED_THEME_CLOCK_TYPE val = 0
03-04 08:26:05.460  1961  1961 E AbsSettings: refreshInner: refreshedSettingsDBItem key SELECTED_THEME_CLOCK_TYPE val = 0
03-04 08:26:05.477  1491  2461 E WindowManager: win=Window{767a98f u0 com.sec.android.app.launcher/com.samsung.app.honeyspace.edge.CocktailBarService} destroySurfaces: appStopped=true cleanupOnResume=false win.mWindowRemovalAllowed=false win.mRemoveOnExit=false win.mViewVisibility=8 caller=com.android.server.wm.WindowManagerService.tryStartExitingAnimation:2980 com.android.server.wm.WindowManagerService.relayoutWindow:2685 com.android.server.wm.Session.relayout:282 android.view.IWindowSession$Stub.onTransact:782 com.android.server.wm.Session.onTransact:204 android.os.Binder.execTransactInternal:1375 android.os.Binder.execTransact:1311 
03-04 08:26:05.491   867 28299 E engmode_world: Unknown token(00/00/00)
03-04 08:26:05.493   658   658 E engmode_hidl_service: error to server(0xd0060012)
03-04 08:26:05.493  1961  1961 W WindowOnBackDispatcher: OnBackInvokedCallback is not enabled for the application.
03-04 08:26:05.493  1961  1961 W WindowOnBackDispatcher: Set 'android:enableOnBackInvokedCallback="true"' in the application manifest.
03-04 08:26:05.514  1491  1491 E PocketModeEvent: ACTION_SCREEN_OFF
03-04 08:26:05.514  1491  1491 E PocketModeEvent: currentState : 1
03-04 08:26:05.515  1961  1961 W AOD_MONITOR@SleepStateMonitor: register: not supports sleep mode
03-04 08:26:05.516  1491  1735 E PocketModeEvent: MSG_TYPE_STOP_SENSING
03-04 08:26:05.516  1491  1491 W CAE     : unregisterCallback(ContextAwareService.java:230) - [unregi 01] Mutex is locked for ACTIVITY_TRACKER
03-04 08:26:05.517  1491  1491 W CAE     : getListener(ListenerListManager.java:127) - [getListener1]  com.samsung.android.contextaware.ContextAwareManager$CaListenerDelegate@b1835d4
03-04 08:26:05.517  1491  1491 W CAE     : getListener(ListenerListManager.java:128) - [getListener2]  com.samsung.android.contextaware.manager.ContextAwareService$Listener@4a27f27
03-04 08:26:05.518  1961  1961 E AbsSettings: refreshInner: refreshedSettingsDBItem key SELECTED_PALETTE_INDEX val = 0
03-04 08:26:05.519  1961  1961 E AbsSettings: refreshInner: refreshedSettingsDBItem key CLOCK_VERSION val = 300000
03-04 08:26:05.519  1961  1961 E AbsSettings: refreshInner: refreshedSettingsDBItem key PALETTE_VERSION val = 400000
03-04 08:26:05.519  1961  1961 E AbsSettings: refreshInner: refreshedSettingsDBItem key lock_clock_scale_rate val = 1.0
03-04 08:26:05.519  1961  1961 E AbsSettings: refreshInner: refreshedSettingsDBItem key lock_clock_font_type val = 0
03-04 08:26:05.520  1961  1961 E AbsSettings: refreshInner: refreshedSettingsDBItem key lock_clock_font_path val = 
03-04 08:26:05.520  1961  1961 E AbsSettings: refreshInner: refreshedSettingsDBItem key lock_clock_visibility val = 0
03-04 08:26:05.520  1961  1961 E AbsSettings: refreshInner: refreshedSettingsDBItem key profile_id val = 0
03-04 08:26:05.520  1961  1961 E AbsSettings: refreshInner: refreshedSettingsDBItem key clock_gravity val = 0
03-04 08:26:05.520  1961  1961 E AbsSettings: refreshInner: refreshedSettingsDBItem key clock_bottom_margin_ratio val = 0.14700855
03-04 08:26:05.520  1961  1961 E AbsSettings: refreshInner: refreshedSettingsDBItem key clock_horizontal_margin_ratio val = 0.0
03-04 08:26:05.520  1961  1961 E AbsSettings: refreshInner: refreshedSettingsDBItem key clock_show_weather_info val = 0
03-04 08:26:05.520  1961  1961 E AbsSettings: refreshInner: refreshedSettingsDBItem key lock_world_clock_city_list val = 
03-04 08:26:05.521  1961  1961 E AbsSettings: refreshInner: refreshedSettingsDBItem key SELECTED_CLOCK_TYPE val = 2
03-04 08:26:05.522  1961  1961 E AbsSettings: refreshInner: refreshedSettingsDBItem key SELECTED_THEME_CLOCK_TYPE val = 0
03-04 08:26:05.527  1491  1491 W CAE     : unregisterCallback(ContextAwareService.java:251) - [unregi 02] Mutex is unlocked for ACTIVITY_TRACKER
03-04 08:26:05.527  1491  1491 E PocketMotionManager: unregister activity tracker
03-04 08:26:05.534  1961  1961 E ThemeUtils: View class com.airbnb.lottie.LottieAnimationView is an AppCompat widget that can only be used with a Theme.AppCompat theme (or descendant).
03-04 08:26:05.540   657   657 W keymint_tee: [WRN]ret OK PARAMS: A32, UAT2, PP1, BM32, PD1, AT15, CN1, KS256, CD2025.03.04,08:26:05.537, 
03-04 08:26:05.542   946  1024 E BufferQueueDebug: [WindowToken{c4f6798 type=2228 android.os.BinderProxy@8bc0d7b}#39941](this:0xb400007e291154f0,id:-1,api:0,p:-1,c:-1) id info cannot be read from 'WindowToken{c4f6798 type=2228 android.os.BinderProxy@8bc0d7b}#39941'
03-04 08:26:05.547   946  1024 E BufferQueueDebug: [6ef9bf1 KeyguardBiometricToastView#39942](this:0xb400007e291cb8f0,id:-1,api:0,p:-1,c:-1) id info cannot be read from '6ef9bf1 KeyguardBiometricToastView#39942'
03-04 08:26:05.547   867 28299 E engmode_world: Unknown token(00/00/00)
03-04 08:26:05.548   658   658 E engmode_hidl_service: error to server(0xd0060012)
03-04 08:26:05.550 32405 32405 D StroopAccessibility_DEBUG: [onAccessibilityEvent] WINDOW CHANGE: package=com.sec.android.app.launcher, class=android.widget.FrameLayout
03-04 08:26:05.550 32405 32405 D StroopAccessibility_DEBUG: [onAccessibilityEvent] HOME SCREEN: Ending all sessions
03-04 08:26:05.559 16322  4095 W fb4a.RageShakeAsyncSensorRegistration: doUnregisterListener, algo: X.2Uh@f54cc9f
03-04 08:26:05.559 16322  4095 W fb4a.FbRageShakeManager: stopping
03-04 08:26:05.563  1961  2771 W VideoPlayer: setSurface() is null or not valid, surface = Surface(name=null)/@0x6fe22b1
03-04 08:26:05.563 16322  4095 W fb4a.FbRageShakeManager: unregistered
03-04 08:26:05.568  1050 20125 W ServiceManagerCppClient: Permission failure: com.oma.drm.permission.ACCESS_OMA_DRM from uid=10044 pid=1961
03-04 08:26:05.577  1961  2771 W VideoPlayer: setSurface() is null or not valid, surface = Surface(name=null)/@0x6fe22b1
03-04 08:26:05.578  1961 14875 E engmode_client_list: Cannot find client
03-04 08:26:05.578  1961 14875 E engmode_hidl_client_service: Client error
03-04 08:26:05.583   867 28299 E engmode_world: Unknown token(00/00/00)
03-04 08:26:05.584   658   658 E engmode_hidl_service: error to server(0xd0060012)
03-04 08:26:05.596   946  1024 E BufferQueueDebug: [NotificationShade$_1961#39943](this:0xb400007e291ba790,id:-1,api:0,p:-1,c:-1) id info cannot be read from 'NotificationShade$_1961#39943'
03-04 08:26:05.599   946  1024 E BufferQueueDebug: [Surface(name=1ebb8f3 StatusBar)/@0xaa700a4 - animation-leash of insets_animation#39944](this:0xb400007e291c5dd0,id:-1,api:0,p:-1,c:-1) id info cannot be read from 'Surface(name=1ebb8f3 StatusBar)/@0xaa700a4 - animation-leash of insets_animation#39944'
03-04 08:26:05.601   946  1024 E BufferQueueDebug: [Surface(name=763d0f7 NavigationBar0)/@0xa58310 - animation-leash of insets_animation#39945](this:0xb400007e29159a70,id:-1,api:0,p:-1,c:-1) id info cannot be read from 'Surface(name=763d0f7 NavigationBar0)/@0xa58310 - animation-leash of insets_animation#39945'
03-04 08:26:05.604  1491  1514 W AccessibilityWindowsPopulator: The displayInfo of this displayId (0) called back from the surface fligner is null
03-04 08:26:05.621  2342  4254 E LoadedApk: Exception : java.lang.NullPointerException: Attempt to invoke virtual method 'boolean android.os.Looper.isPerfLogEnable()' on a null object reference
03-04 08:26:05.623  1961  1961 W View    : requestLayout() improperly called by android.widget.FrameLayout{2ac7743 V.E...... ......ID 0,133-1080,2214 #7f0a0846 app:id/qs_frame} during layout: running second layout pass
03-04 08:26:05.636  1491  2461 W AccessibilityWindowsPopulator: The displayInfo of this displayId (0) called back from the surface fligner is null
03-04 08:26:05.639   946  1554 E BufferQueueDebug: [Bounds for - NotificationShade@145#39946](this:0xb400007e291a9630,id:-1,api:0,p:-1,c:-1) id info cannot be read from 'Bounds for - NotificationShade@145#39946'
03-04 08:26:05.640  1491  2245 W AccessibilityWindowsPopulator: The displayInfo of this displayId (0) called back from the surface fligner is null
03-04 08:26:05.641   946  1554 E BufferQueueDebug: [SurfaceView[NotificationShade]@0#39947](this:0xb400007e291bd520,id:-1,api:0,p:-1,c:-1) id info cannot be read from 'SurfaceView[NotificationShade]@0#39947'
03-04 08:26:05.641   946  1554 E BufferQueueDebug: [SurfaceView[NotificationShade]@0(BLAST)#39948](this:0xb400007e291e2570,id:-1,api:0,p:-1,c:-1) id info cannot be read from 'SurfaceView[NotificationShade]@0(BLAST)#39948'
03-04 08:26:05.642   946  1554 E BufferQueueDebug: [Background for SurfaceView[NotificationShade]@0#39949](this:0xb400007e29212c00,id:-1,api:0,p:-1,c:-1) id info cannot be read from 'Background for SurfaceView[NotificationShade]@0#39949'
03-04 08:26:05.647  1961  4517 E BufferQueueProducer: [](id:7a90000081e,api:0,p:-1,c:1961) disconnect: not connected (req=3)
03-04 08:26:05.647  1961  4517 W MediaCodecOutputGenerator: failed to disconnect from surface: -19
03-04 08:26:05.665  2342  9540 E LoadedApk: Exception : java.lang.NullPointerException: Attempt to invoke virtual method 'boolean android.os.Looper.isPerfLogEnable()' on a null object reference
03-04 08:26:05.670  2342  9540 E LoadedApk: Exception : java.lang.NullPointerException: Attempt to invoke virtual method 'boolean android.os.Looper.isPerfLogEnable()' on a null object reference
03-04 08:26:05.689 32405 32405 D StroopAccessibility_DEBUG: [onReceive] SCREEN OFF detected
03-04 08:26:05.695  1491  1514 W AccessibilityWindowsPopulator: The displayInfo of this displayId (0) called back from the surface fligner is null
03-04 08:26:05.698  1961  4520 W ColorUtils: expected specified color aspects (2:0:0:0)
03-04 08:26:05.703  2342  2342 W ChimeraUtils: Module com.google.android.gms.cast missing resource cast_module_display_name(0)
03-04 08:26:05.703  1961  4508 W APlayer : index(0) is not added in mTextRenderers
03-04 08:26:05.703  1961  4508 W APlayer : index(1) is not added in mTextRenderers
03-04 08:26:05.707  1961  1961 W WindowOnBackDispatcher: sendCancelIfRunning: isInProgress=falsecallback=android.view.ViewRootImpl$$ExternalSyntheticLambda19@6598da0
03-04 08:26:05.709  1961  4520 W Codec2Client: query -- param skipped: index = 1107298332.
03-04 08:26:05.709  2342  2342 W AxMediaRouter: Ignoring null provider descriptor from ComponentInfo{com.google.android.gms/com.google.android.gms.cast.media.CastMediaRoute2ProviderService_Persistent}
03-04 08:26:05.709  1491  2245 W InputManager-JNI: Input channel object 'a155c19 KeyguardBiometricToastView (client)' was disposed without first being removed with the input manager!
03-04 08:26:05.714  1491  1491 W ContextImpl: Calling a method in the system process without a qualified user: android.app.ContextImpl.sendBroadcast:1281 vendor.samsung.frameworks.codecsolution.Logging.insertDiagmonLog:13 vendor.samsung.frameworks.codecsolution.Logging.insertLog:6 vendor.samsung.frameworks.codecsolution.Logging.insertLog:1 vendor.samsung.frameworks.codecsolution.SehCodecSolutionService$1.handleMessage:24 
03-04 08:26:05.723  3822  3822 W ContextImpl: Calling a method in the system process without a qualified user: android.app.ContextImpl.startService:1960 android.content.ContextWrapper.startService:842 android.content.ContextWrapper.startService:842 com.sec.android.diagmonagent.sa.receiver.CFLogReceiver.a:17 com.sec.android.diagmonagent.sa.receiver.CFLogReceiver.onReceive:40 
03-04 08:26:05.723  1491  1514 W AccessibilityWindowsPopulator: The displayInfo of this displayId (0) called back from the surface fligner is null
03-04 08:26:05.726  1961  1961 W Settings: Setting accessibility_reduce_transparency has moved from android.provider.Settings.System to android.provider.Settings.Global, returning read-only global URI.
03-04 08:26:05.726  1961  4520 W Codec2Client: query -- param skipped: index = 1342179345.
03-04 08:26:05.726  1961  4520 W Codec2Client: query -- param skipped: index = 2415921170.
03-04 08:26:05.726  1961  4520 W Codec2Client: query -- param skipped: index = 1610614798.
03-04 08:26:05.726  1961  1961 W Settings: Setting accessibility_reduce_transparency has moved from android.provider.Settings.System to android.provider.Settings.Global, returning read-only global URI.
03-04 08:26:05.727  1899  1899 E WifiHAL : handleResponse: data=0xb400007c7121a0b0, len=2448
03-04 08:26:05.728  1961  1961 W Settings: Setting accessibility_reduce_transparency has moved from android.provider.Settings.System to android.provider.Settings.Global, returning read-only global URI.
03-04 08:26:05.729  1961  1961 W Settings: Setting accessibility_reduce_transparency has moved from android.provider.Settings.System to android.provider.Settings.Global, returning read-only global URI.
03-04 08:26:05.730  1961  1961 W Settings: Setting accessibility_reduce_transparency has moved from android.provider.Settings.System to android.provider.Settings.Global, returning read-only global URI.
03-04 08:26:05.732  1961  1961 W Settings: Setting accessibility_reduce_transparency has moved from android.provider.Settings.System to android.provider.Settings.Global, returning read-only global URI.
03-04 08:26:05.733  1961  1961 W Settings: Setting accessibility_reduce_transparency has moved from android.provider.Settings.System to android.provider.Settings.Global, returning read-only global URI.
03-04 08:26:05.739  1961  1961 W Settings: Setting accessibility_reduce_transparency has moved from android.provider.Settings.System to android.provider.Settings.Global, returning read-only global URI.
03-04 08:26:05.743  1153  5305 W ResourceManagerService: Ignoring request to add new resource entry with value <= 0
03-04 08:26:05.746  1961  1961 W Settings: Setting accessibility_reduce_transparency has moved from android.provider.Settings.System to android.provider.Settings.Global, returning read-only global URI.
03-04 08:26:05.747  1961  1961 W Settings: Setting accessibility_reduce_transparency has moved from android.provider.Settings.System to android.provider.Settings.Global, returning read-only global URI.
03-04 08:26:05.747  1961  1961 W Settings: Setting accessibility_reduce_transparency has moved from android.provider.Settings.System to android.provider.Settings.Global, returning read-only global URI.
03-04 08:26:05.748  1961  1961 E SystemUITextView: set Background Drawable!!
03-04 08:26:05.750  1961  1961 W Settings: Setting accessibility_reduce_transparency has moved from android.provider.Settings.System to android.provider.Settings.Global, returning read-only global URI.
03-04 08:26:05.750  1961  1961 W Settings: Setting accessibility_reduce_transparency has moved from android.provider.Settings.System to android.provider.Settings.Global, returning read-only global URI.
03-04 08:26:05.751  1961  1961 W Settings: Setting accessibility_reduce_transparency has moved from android.provider.Settings.System to android.provider.Settings.Global, returning read-only global URI.
03-04 08:26:05.751  1961  1961 W Settings: Setting accessibility_reduce_transparency has moved from android.provider.Settings.System to android.provider.Settings.Global, returning read-only global URI.
03-04 08:26:05.751  1961  1961 W Settings: Setting accessibility_reduce_transparency has moved from android.provider.Settings.System to android.provider.Settings.Global, returning read-only global URI.
03-04 08:26:05.751  1961  1961 W Settings: Setting accessibility_reduce_transparency has moved from android.provider.Settings.System to android.provider.Settings.Global, returning read-only global URI.
03-04 08:26:05.751  1961  1961 W Settings: Setting accessibility_reduce_transparency has moved from android.provider.Settings.System to android.provider.Settings.Global, returning read-only global URI.
03-04 08:26:05.751  1961  1961 W Settings: Setting accessibility_reduce_transparency has moved from android.provider.Settings.System to android.provider.Settings.Global, returning read-only global URI.
03-04 08:26:05.751  1961  1961 W Settings: Setting accessibility_reduce_transparency has moved from android.provider.Settings.System to android.provider.Settings.Global, returning read-only global URI.
03-04 08:26:05.751  1961  1961 W Settings: Setting accessibility_reduce_transparency has moved from android.provider.Settings.System to android.provider.Settings.Global, returning read-only global URI.
