03-04 08:26:35.847   896   918 E BatteryDump: !@new_battery_dump : 4101,-1068,100,100,74,273,287,290,0,0,319,290,0,Discharging,NO_CHARGING,None,Good,NONE,0,Normal,0,0,9840,0x40000000,0x10000,0x0,0,0,0000,0000,00000000,0,0,0,0,260,4109,7490,0,0,
03-04 08:26:37.089   955   955 E ccci_rpcd: Failed to read from RPC device (-1) !! errno = 4
03-04 08:26:37.090  1194  1301 E AAL     : IOCTL_MTK_AAL_EVENTCTL error: -1
03-04 08:26:37.092   917   917 E SehThermal-HAL: need_to_update: 15592
03-04 08:26:37.095   896   918 E BatteryDump: !@new_battery_dump : 4102,-1068,100,100,74,273,287,289,0,0,319,289,0,Discharging,NO_CHARGING,None,Good,NONE,0,Normal,0,0,9840,0x40000000,0x10000,0x0,0,0,0000,0000,00000000,0,0,0,0,260,4105,7490,0,0,
03-04 08:26:38.318   889  1318 W audio_messenger_ipi: read_ipi_thread(), read dsp fail!! length_read: 0, errno: 0
03-04 08:26:38.319   955   955 E ccci_rpcd: Failed to read from RPC device (-1) !! errno = 4
03-04 08:26:38.320  1194  1301 E AAL     : IOCTL_MTK_AAL_EVENTCTL error: -1
03-04 08:26:38.329   896   918 E BatteryDump: !@new_battery_dump : 4102,-1068,100,100,74,273,287,289,0,0,317,289,0,Discharging,NO_CHARGING,None,Good,NONE,0,Normal,0,0,9840,0x40000000,0x10000,0x0,0,0,0000,0000,00000000,0,0,0,0,260,4108,7490,0,0,
03-04 08:26:39.511   955   955 E ccci_rpcd: Failed to read from RPC device (-1) !! errno = 4
03-04 08:26:39.514  1194  1301 E AAL     : IOCTL_MTK_AAL_EVENTCTL error: -1
03-04 08:26:39.519   896   918 E BatteryDump: !@new_battery_dump : 4101,-1068,100,100,74,273,287,289,0,0,317,289,0,Discharging,NO_CHARGING,None,Good,NONE,0,Normal,0,0,9840,0x40000000,0x10000,0x0,0,0,0000,0000,00000000,0,0,0,0,260,4103,7490,0,0,
03-04 08:26:40.745   889  1318 W audio_messenger_ipi: read_ipi_thread(), read dsp fail!! length_read: 0, errno: 0
03-04 08:26:40.746   955   955 E ccci_rpcd: Failed to read from RPC device (-1) !! errno = 4
03-04 08:26:40.747  1194  1301 E AAL     : IOCTL_MTK_AAL_EVENTCTL error: -1
03-04 08:26:40.754   896   918 E BatteryDump: !@new_battery_dump : 4101,-1068,100,100,74,273,287,289,0,0,317,289,0,Discharging,NO_CHARGING,None,Good,NONE,0,Normal,0,0,9840,0x40000000,0x10000,0x0,0,0,0000,0000,00000000,0,0,0,0,260,4101,7490,0,0,
03-04 08:26:42.098   955   955 E ccci_rpcd: Failed to read from RPC device (-1) !! errno = 4
03-04 08:26:42.100  1194  1301 E AAL     : IOCTL_MTK_AAL_EVENTCTL error: -1
03-04 08:26:42.106   896   918 E BatteryDump: !@new_battery_dump : 4102,-1068,100,100,74,273,287,288,0,0,317,288,0,Discharging,NO_CHARGING,None,Good,NONE,0,Normal,0,0,9840,0x40000000,0x10000,0x0,0,0,0000,0000,00000000,0,0,0,0,260,4106,7490,0,0,
03-04 08:26:42.138  2342  2349 W .gms.persistent: ApkAssets: Deleting an ApkAssets object '<empty> and /data/app/~~WWSiLgL6XB-3cZzOJz9wzw==/com.example.strooplocker-DWOR_0m3BUJXUWGymMbDmQ==/base.apk' with 1 weak references
03-04 08:26:42.141  2342  2349 W .gms.persistent: ApkAssets: Deleting an ApkAssets object '<empty> and /data/app/~~ZfAtjbiDxo5K-zP7r3rr1A==/com.google.android.partnersetup-T7NmYfei4-vCn98r5H60fA==/base.apk' with 1 weak references
03-04 08:26:42.495   889  1318 W audio_messenger_ipi: read_ipi_thread(), read dsp fail!! length_read: 0, errno: 0
03-04 08:26:42.495   955   955 E ccci_rpcd: Failed to read from RPC device (-1) !! errno = 4
03-04 08:26:42.496  1194  1301 E AAL     : IOCTL_MTK_AAL_EVENTCTL error: -1
03-04 08:26:43.801   955   955 E ccci_rpcd: Failed to read from RPC device (-1) !! errno = 4
03-04 08:26:43.802  1194  1301 E AAL     : IOCTL_MTK_AAL_EVENTCTL error: -1
03-04 08:26:43.808   896   918 E BatteryDump: !@new_battery_dump : 4101,-1068,100,100,74,272,287,289,0,0,317,289,0,Discharging,NO_CHARGING,None,Good,NONE,0,Normal,0,0,9840,0x40000000,0x10000,0x0,0,0,0000,0000,00000000,0,0,0,0,260,4104,7490,0,0,
03-04 08:26:45.075   889  1318 W audio_messenger_ipi: read_ipi_thread(), read dsp fail!! length_read: 0, errno: 0
03-04 08:26:45.078   955   955 E ccci_rpcd: Failed to read from RPC device (-1) !! errno = 4
03-04 08:26:45.079  1194  1301 E AAL     : IOCTL_MTK_AAL_EVENTCTL error: -1
03-04 08:26:45.085   896   918 E BatteryDump: !@new_battery_dump : 4101,-1068,100,100,74,269,287,288,0,0,317,288,0,Discharging,NO_CHARGING,None,Good,NONE,0,Normal,0,0,9840,0x40000000,0x10000,0x0,0,0,0000,0000,00000000,0,0,0,0,260,4108,7490,0,0,
03-04 08:26:46.592   955   955 E ccci_rpcd: Failed to read from RPC device (-1) !! errno = 4
03-04 08:26:46.593  1194  1301 E AAL     : IOCTL_MTK_AAL_EVENTCTL error: -1
03-04 08:26:46.601   896   918 E BatteryDump: !@new_battery_dump : 4102,-1068,100,100,74,272,287,288,0,0,317,288,0,Discharging,NO_CHARGING,None,Good,NONE,0,Normal,0,0,9840,0x40000000,0x10000,0x0,0,0,0000,0000,00000000,0,0,0,0,260,4104,7490,0,0,
03-04 08:26:47.227   889  1318 W audio_messenger_ipi: read_ipi_thread(), read dsp fail!! length_read: 0, errno: 0
03-04 08:26:47.228   955   955 E ccci_rpcd: Failed to read from RPC device (-1) !! errno = 4
03-04 08:26:47.230  1194  1301 E AAL     : IOCTL_MTK_AAL_EVENTCTL error: -1
03-04 08:26:47.238   896   918 E BatteryDump: !@new_battery_dump : 4105,-1068,100,100,74,273,287,288,0,0,317,288,0,Discharging,NO_CHARGING,None,Good,NONE,0,Normal,0,0,9840,0x40000000,0x10000,0x0,0,0,0000,0000,00000000,0,0,0,0,260,4109,7490,0,0,
03-04 08:26:47.510  1491  1782 W DeviceStorageMonitorService: updateBroadcasts(/data) oldLevel:0, newLevel:0, seq:1
03-04 08:26:47.512  1491  1782 W DeviceStorageMonitorService: updateBroadcasts_filenode(/data) fn_oldLevel:0, fn_newLevel:0, seq:1
03-04 08:26:47.991   889  1318 W audio_messenger_ipi: read_ipi_thread(), read dsp fail!! length_read: 0, errno: 0
03-04 08:26:47.992   955   955 E ccci_rpcd: Failed to read from RPC device (-1) !! errno = 4
03-04 08:26:47.994  1194  1301 E AAL     : IOCTL_MTK_AAL_EVENTCTL error: -1
03-04 08:26:48.004 17354 17494 W LibevQuicAsyncUDPSocket.h: setReuseAddr not implemented in LibevQuicAsyncUDPSocket
03-04 08:26:48.005 17354 17494 W LibevQuicAsyncUDPSocket.h: setTosOrTrafficClass not implemented in LibevQuicAsyncUDPSocket
03-04 08:26:48.010   896   918 E BatteryDump: !@new_battery_dump : 4099,-1068,100,100,74,271,287,288,0,0,317,288,0,Discharging,NO_CHARGING,None,Good,NONE,0,Normal,0,0,9840,0x40000000,0x10000,0x0,0,0,0000,0000,00000000,0,0,0,0,260,4104,7490,0,0,
03-04 08:26:48.562   889  1318 W audio_messenger_ipi: read_ipi_thread(), read dsp fail!! length_read: 0, errno: 0
03-04 08:26:48.563   955   955 E ccci_rpcd: Failed to read from RPC device (-1) !! errno = 4
03-04 08:26:48.565  1194  1301 E AAL     : IOCTL_MTK_AAL_EVENTCTL error: -1
03-04 08:26:50.087   889  1318 W audio_messenger_ipi: read_ipi_thread(), read dsp fail!! length_read: 0, errno: 0
03-04 08:26:50.089  1194  1301 E AAL     : IOCTL_MTK_AAL_EVENTCTL error: -1
03-04 08:26:50.090   955   955 E ccci_rpcd: Failed to read from RPC device (-1) !! errno = 4
03-04 08:26:50.095   896   918 E BatteryDump: !@new_battery_dump : 4102,-1068,100,100,74,272,287,288,0,0,317,288,0,Discharging,NO_CHARGING,None,Good,NONE,0,Normal,0,0,9840,0x40000000,0x10000,0x0,0,0,0000,0000,00000000,0,0,0,0,260,4107,7490,0,0,
03-04 08:26:51.321   955   955 E ccci_rpcd: Failed to read from RPC device (-1) !! errno = 4
03-04 08:26:51.322  1194  1301 E AAL     : IOCTL_MTK_AAL_EVENTCTL error: -1
03-04 08:26:51.327   896   918 E BatteryDump: !@new_battery_dump : 4102,-1068,100,100,74,272,287,287,0,0,317,287,0,Discharging,NO_CHARGING,None,Good,NONE,0,Normal,0,0,9840,0x40000000,0x10000,0x0,0,0,0000,0000,00000000,0,0,0,0,260,4109,7490,0,0,
03-04 08:26:51.562 17354 17798 E msys    : E[S sync]_createResponseError(263)=>Network Response 441B7B9C-D62B-46FF-A860-002513467A03 contains sync error Error Domain=dgw Code=2002 UserInfo=0xb4000070e99f5980 {MCFErrorDirectDescriptionKey=onServerMustDrain} - Underlying error (null): Error Domain=dgw Code=2002 UserInfo=0xb4000070e99f5980 {MCFErrorDirectDescriptionKey=onServerMustDrain}
03-04 08:26:51.595 17354 17798 E msys    : E[S sync]_createResponseError(263)=>Network Response DEF21550-EE6C-4F86-B241-5337C07BABB0 contains sync error Error Domain=dgw Code=2002 UserInfo=0xb4000070e9a98270 {MCFErrorDirectDescriptionKey=onServerMustDrain} - Underlying error (null): Error Domain=dgw Code=2002 UserInfo=0xb4000070e9a98270 {MCFErrorDirectDescriptionKey=onServerMustDrain}
03-04 08:26:51.619 17354 17798 E msys    : E[S sync]_createResponseError(263)=>Network Response 6BC016A5-2501-4D23-89D1-063624AB092D contains sync error Error Domain=dgw Code=2002 UserInfo=0xb4000070e99ca460 {MCFErrorDirectDescriptionKey=onServerMustDrain} - Underlying error (null): Error Domain=dgw Code=2002 UserInfo=0xb4000070e99ca460 {MCFErrorDirectDescriptionKey=onServerMustDrain}
03-04 08:26:52.016   889  1318 W audio_messenger_ipi: read_ipi_thread(), read dsp fail!! length_read: 0, errno: 0
03-04 08:26:52.017   955   955 E ccci_rpcd: Failed to read from RPC device (-1) !! errno = 4
03-04 08:26:52.019  1194  1301 E AAL     : IOCTL_MTK_AAL_EVENTCTL error: -1
03-04 08:26:52.463   955   955 E ccci_rpcd: Failed to read from RPC device (-1) !! errno = 4
03-04 08:26:52.464  1194  1301 E AAL     : IOCTL_MTK_AAL_EVENTCTL error: -1
03-04 08:26:53.451   889  1318 W audio_messenger_ipi: read_ipi_thread(), read dsp fail!! length_read: 0, errno: 0
03-04 08:26:53.452   955   955 E ccci_rpcd: Failed to read from RPC device (-1) !! errno = 4
03-04 08:26:53.454  1194  1301 E AAL     : IOCTL_MTK_AAL_EVENTCTL error: -1
03-04 08:26:53.471   896   918 E BatteryDump: !@new_battery_dump : 4102,-1068,100,100,74,270,287,287,0,0,317,287,0,Discharging,NO_CHARGING,None,Good,NONE,0,Normal,0,0,9840,0x40000000,0x10000,0x0,0,0,0000,0000,00000000,0,0,0,0,260,4109,7490,0,0,
03-04 08:26:54.771   955   955 E ccci_rpcd: Failed to read from RPC device (-1) !! errno = 4
03-04 08:26:54.773  1194  1301 E AAL     : IOCTL_MTK_AAL_EVENTCTL error: -1
03-04 08:26:54.784   896   918 E BatteryDump: !@new_battery_dump : 4102,-1068,100,100,74,272,287,287,0,0,317,287,0,Discharging,NO_CHARGING,None,Good,NONE,0,Normal,0,0,9840,0x40000000,0x10000,0x0,0,0,0000,0000,00000000,0,0,0,0,260,4109,7490,0,0,
03-04 08:26:54.787   917   917 E SehThermal-HAL: need_to_update: 15265
03-04 08:26:55.090  1491  1522 W ActivityManager: Stopping service due to app idle: u0a424 -1m20s446ms com.instagram.android/com.instagram.util.startup.tracking.TaskLifeDetectingService
03-04 08:26:56.029   889  1318 W audio_messenger_ipi: read_ipi_thread(), read dsp fail!! length_read: 0, errno: 0
03-04 08:26:56.031  1194  1301 E AAL     : IOCTL_MTK_AAL_EVENTCTL error: -1
03-04 08:26:56.031   955   955 E ccci_rpcd: Failed to read from RPC device (-1) !! errno = 4
03-04 08:26:56.031   917   974 E SehThermal-HAL: skip_to_update: 1245
03-04 08:26:56.040   896   918 E BatteryDump: !@new_battery_dump : 4103,-1068,100,100,74,272,287,287,0,0,316,287,0,Discharging,NO_CHARGING,None,Good,NONE,0,Normal,0,0,9840,0x40000000,0x10000,0x0,0,0,0000,0000,00000000,0,0,0,0,260,4109,7490,0,0,
03-04 08:26:56.306  1491  1518 E Watchdog: !@Sync: 1722 heap: 130 / 131 FD: 1115 [2025-03-04 08:26:56.306]
03-04 08:26:56.447  1491  2113 E KernelCpuUidFullTimeReader: Negative delta from freq time for uid: 10317, delta: -47650
03-04 08:26:56.449  1491  2113 E KernelCpuUidFullTimeReader: Negative delta from freq time for uid: 90000, delta: -370
03-04 08:26:56.449  1491  2113 E KernelCpuUidFullTimeReader: Negative delta from freq time for uid: 90001, delta: -26
03-04 08:26:57.256   889  1318 W audio_messenger_ipi: read_ipi_thread(), read dsp fail!! length_read: 0, errno: 0
03-04 08:26:57.257   955   955 E ccci_rpcd: Failed to read from RPC device (-1) !! errno = 4
03-04 08:26:57.259  1194  1301 E AAL     : IOCTL_MTK_AAL_EVENTCTL error: -1
03-04 08:26:57.270   896   918 E BatteryDump: !@new_battery_dump : 4102,-1068,100,100,74,272,287,287,0,0,316,287,0,Discharging,NO_CHARGING,None,Good,NONE,0,Normal,0,0,9840,0x40000000,0x10000,0x0,0,0,0000,0000,00000000,0,0,0,0,260,4108,7490,0,0,
03-04 08:26:58.444   889  1318 W audio_messenger_ipi: read_ipi_thread(), read dsp fail!! length_read: 0, errno: 0
03-04 08:26:58.445  1194  1301 E AAL     : IOCTL_MTK_AAL_EVENTCTL error: -1
03-04 08:26:58.445   955   955 E ccci_rpcd: Failed to read from RPC device (-1) !! errno = 4
03-04 08:26:58.451   896   918 E BatteryDump: !@new_battery_dump : 4095,-1068,100,100,74,270,287,287,0,0,316,287,0,Discharging,NO_CHARGING,None,Good,NONE,0,Normal,0,0,9840,0x40000000,0x10000,0x0,0,0,0000,0000,00000000,0,0,0,0,260,4097,7490,0,0,
03-04 08:26:59.712   955   955 E ccci_rpcd: Failed to read from RPC device (-1) !! errno = 4
03-04 08:26:59.713  1194  1301 E AAL     : IOCTL_MTK_AAL_EVENTCTL error: -1
03-04 08:26:59.723   896   918 E BatteryDump: !@new_battery_dump : 4102,-1068,100,100,74,269,287,287,0,0,316,287,0,Discharging,NO_CHARGING,None,Good,NONE,0,Normal,0,0,9840,0x40000000,0x10000,0x0,0,0,0000,0000,00000000,0,0,0,0,260,4106,7490,0,0,
03-04 08:27:00.946   889  1318 W audio_messenger_ipi: read_ipi_thread(), read dsp fail!! length_read: 0, errno: 0
03-04 08:27:00.947   955   955 E ccci_rpcd: Failed to read from RPC device (-1) !! errno = 4
03-04 08:27:00.948  1194  1301 E AAL     : IOCTL_MTK_AAL_EVENTCTL error: -1
03-04 08:27:00.954   896   918 E BatteryDump: !@new_battery_dump : 4102,-1068,100,100,74,272,287,286,0,0,316,286,0,Discharging,NO_CHARGING,None,Good,NONE,0,Normal,0,0,9840,0x40000000,0x10000,0x0,0,0,0000,0000,00000000,0,0,0,0,260,4109,7490,0,0,
03-04 08:27:02.169   955   955 E ccci_rpcd: Failed to read from RPC device (-1) !! errno = 4
03-04 08:27:02.170  1194  1301 E AAL     : IOCTL_MTK_AAL_EVENTCTL error: -1
03-04 08:27:02.181   896   918 E BatteryDump: !@new_battery_dump : 4102,-1068,100,100,74,272,287,286,0,0,316,286,0,Discharging,NO_CHARGING,None,Good,NONE,0,Normal,0,0,9840,0x40000000,0x10000,0x0,0,0,0000,0000,00000000,0,0,0,0,260,4109,7490,0,0,
03-04 08:27:03.410   889  1318 W audio_messenger_ipi: read_ipi_thread(), read dsp fail!! length_read: 0, errno: 0
03-04 08:27:03.411   955   955 E ccci_rpcd: Failed to read from RPC device (-1) !! errno = 4
03-04 08:27:03.413  1194  1301 E AAL     : IOCTL_MTK_AAL_EVENTCTL error: -1
03-04 08:27:03.422   896   918 E BatteryDump: !@new_battery_dump : 4103,-1068,100,100,74,272,287,286,0,0,316,286,0,Discharging,NO_CHARGING,None,Good,NONE,0,Normal,0,0,9840,0x40000000,0x10000,0x0,0,0,0000,0000,00000000,0,0,0,0,260,4110,7490,0,0,
03-04 08:27:04.602   955   955 E ccci_rpcd: Failed to read from RPC device (-1) !! errno = 4
03-04 08:27:04.603  1194  1301 E AAL     : IOCTL_MTK_AAL_EVENTCTL error: -1
03-04 08:27:04.607   896   918 E BatteryDump: !@new_battery_dump : 4101,-1068,100,100,74,272,287,286,0,0,316,286,0,Discharging,NO_CHARGING,None,Good,NONE,0,Normal,0,0,9840,0x40000000,0x10000,0x0,0,0,0000,0000,00000000,0,0,0,0,260,4099,7490,0,0,
03-04 08:27:05.860   889  1318 W audio_messenger_ipi: read_ipi_thread(), read dsp fail!! length_read: 0, errno: 0
03-04 08:27:05.861   955   955 E ccci_rpcd: Failed to read from RPC device (-1) !! errno = 4
03-04 08:27:05.862  1194  1301 E AAL     : IOCTL_MTK_AAL_EVENTCTL error: -1
03-04 08:27:05.870   896   918 E BatteryDump: !@new_battery_dump : 4102,-1068,100,100,74,272,287,286,0,0,316,286,0,Discharging,NO_CHARGING,None,Good,NONE,0,Normal,0,0,9840,0x40000000,0x10000,0x0,0,0,0000,0000,00000000,0,0,0,0,260,4108,7490,0,0,
03-04 08:27:07.098   955   955 E ccci_rpcd: Failed to read from RPC device (-1) !! errno = 4
03-04 08:27:07.100  1194  1301 E AAL     : IOCTL_MTK_AAL_EVENTCTL error: -1
03-04 08:27:07.108   896   918 E BatteryDump: !@new_battery_dump : 4098,-1068,100,100,74,271,287,286,0,0,316,286,0,Discharging,NO_CHARGING,None,Good,NONE,0,Normal,0,0,9840,0x40000000,0x10000,0x0,0,0,0000,0000,00000000,0,0,0,0,260,4110,7490,0,0,
03-04 08:27:07.362  1491  1522 W ActivityManager: Stopping service due to app idle: u0a303 -4m37s817ms com.facebook.katana/com.facebook.mqtt.service.MqttServiceV2
03-04 08:27:07.488   889  1318 W audio_messenger_ipi: read_ipi_thread(), read dsp fail!! length_read: 0, errno: 0
03-04 08:27:07.490   955   955 E ccci_rpcd: Failed to read from RPC device (-1) !! errno = 4
03-04 08:27:07.492  1194  1301 E AAL     : IOCTL_MTK_AAL_EVENTCTL error: -1
03-04 08:27:08.631   955   955 E ccci_rpcd: Failed to read from RPC device (-1) !! errno = 4
03-04 08:27:08.632  1194  1301 E AAL     : IOCTL_MTK_AAL_EVENTCTL error: -1
03-04 08:27:08.638   896   918 E BatteryDump: !@new_battery_dump : 4102,-1068,100,100,74,272,287,286,0,0,316,286,0,Discharging,NO_CHARGING,None,Good,NONE,0,Normal,0,0,9840,0x40000000,0x10000,0x0,0,0,0000,0000,00000000,0,0,0,0,260,4109,7490,0,0,
03-04 08:27:09.060   889  1318 W audio_messenger_ipi: read_ipi_thread(), read dsp fail!! length_read: 0, errno: 0
03-04 08:27:09.062   955   955 E ccci_rpcd: Failed to read from RPC device (-1) !! errno = 4
03-04 08:27:09.063  1194  1301 E AAL     : IOCTL_MTK_AAL_EVENTCTL error: -1
03-04 08:27:09.077   896   918 E BatteryDump: !@new_battery_dump : 4105,-1068,100,100,74,272,287,285,0,0,316,285,0,Discharging,NO_CHARGING,None,Good,NONE,0,Normal,0,0,9840,0x40000000,0x10000,0x0,0,0,0000,0000,00000000,0,0,0,0,260,4111,7490,0,0,
03-04 08:27:10.525  1491  1504 W system_server: ApkAssets: Deleting an ApkAssets object '<empty> and /data/app/~~WReII1Tro35vHuIufhg2mA==/com.instagram.android-E_ffvaHuskQcq6RRGLItWw==/base.apk' with 1 weak references
03-04 08:27:10.525  1491  1504 W system_server: ApkAssets: Deleting an ApkAssets object '<empty> and /data/app/~~WReII1Tro35vHuIufhg2mA==/com.instagram.android-E_ffvaHuskQcq6RRGLItWw==/split_audio_stream_processor.apk' with 1 weak references
03-04 08:27:10.526  1491  1504 W system_server: ApkAssets: Deleting an ApkAssets object '<empty> and /data/app/~~WReII1Tro35vHuIufhg2mA==/com.instagram.android-E_ffvaHuskQcq6RRGLItWw==/split_audio_stream_processor_shim_impl.apk' with 1 weak references
03-04 08:27:10.526  1491  1504 W system_server: ApkAssets: Deleting an ApkAssets object '<empty> and /data/app/~~WReII1Tro35vHuIufhg2mA==/com.instagram.android-E_ffvaHuskQcq6RRGLItWw==/split_executorch.apk' with 1 weak references
03-04 08:27:10.526  1491  1504 W system_server: ApkAssets: Deleting an ApkAssets object '<empty> and /data/app/~~WReII1Tro35vHuIufhg2mA==/com.instagram.android-E_ffvaHuskQcq6RRGLItWw==/split_pytorch.apk' with 1 weak references
03-04 08:27:10.526  1491  1504 W system_server: ApkAssets: Deleting an ApkAssets object '<empty> and /data/app/~~WReII1Tro35vHuIufhg2mA==/com.instagram.android-E_ffvaHuskQcq6RRGLItWw==/split_s_1687668038.apk' with 1 weak references
03-04 08:27:10.526  1491  1504 W system_server: ApkAssets: Deleting an ApkAssets object '<empty> and /data/app/~~WReII1Tro35vHuIufhg2mA==/com.instagram.android-E_ffvaHuskQcq6RRGLItWw==/split_s_audio_stream_processor_configurable_audio.apk' with 1 weak references
03-04 08:27:10.526  1491  1504 W system_server: ApkAssets: Deleting an ApkAssets object '<empty> and /data/app/~~WReII1Tro35vHuIufhg2mA==/com.instagram.android-E_ffvaHuskQcq6RRGLItWw==/split_s_executorch_pytorch.apk' with 1 weak references
03-04 08:27:10.526  1491  1504 W system_server: ApkAssets: Deleting an ApkAssets object '<empty> and /data/app/~~WReII1Tro35vHuIufhg2mA==/com.instagram.android-E_ffvaHuskQcq6RRGLItWw==/split_spm.apk' with 1 weak references
03-04 08:27:10.529  1491  1504 W System  : A resource failed to call HardwareBuffer.close. 
03-04 08:27:10.534  1491  1504 W System  : A resource failed to call HardwareBuffer.close. 
03-04 08:27:10.535  1491  1504 W System  : A resource failed to call HardwareBuffer.close. 
03-04 08:27:10.536  1491  1504 W System  : A resource failed to call HardwareBuffer.close. 
03-04 08:27:10.966  1491  1522 W ProcessStats: Tracking association SourceState{fe016b1 com.android.systemui/10044 BFgs #220803} whose proc state 4 is better than process ProcessState{fe0e29c com.samsung.android.oneconnect/10291 pkg=com.samsung.android.oneconnect} proc state 5 (84 skipped)
03-04 08:27:11.001  1491  2936 W LocationManagerService: onFreezeStateChanged, uid[10331]=true
03-04 08:27:11.008   908   935 E mtkpower@impl: [setMode] unknown type
03-04 08:27:11.010  1491  2936 W LocationManagerService: onFreezeStateChanged, uid[10092]=true
03-04 08:27:11.024  1961  1961 W View    : requestLayout() improperly called by android.widget.FrameLayout{2ac7743 V.E...... ......ID 0,133-1080,2214 #7f0a0846 app:id/qs_frame} during layout: running second layout pass
03-04 08:27:11.030  1491  2936 W LocationManagerService: onFreezeStateChanged, uid[10424]=true
03-04 08:27:11.038 16322 18076 E fb4a.msys: E[N mccw.liger]onReadError(733)=>read/error - ex: AsyncSocketException: recv() failed (peer=57.144.160.8:5222), type = Internal error, errno = 103 (Software caused connection abort), errno: 103
03-04 08:27:11.039 16322 17972 E fb4a.msys: E[N WA]_WCCXMPPStreamDisconnectHandler(311)=>xmpp/disconnect - errorcode: 2, domain: MCCWLigerStream: Error Domain=MCCWLigerStream Code=2 UserInfo=0xb4000070e9ac4870 {MCFErrorDirectDescriptionKey=WCIStreamState, MCFErrorDirectLocalizedFailureReasonKey=AsyncSocketException: recv() failed (peer=57.144.160.8:5222), type = Internal error, errno = 103 (Software caused connection abort)}
03-04 08:27:11.040 16322 17972 E fb4a.msys: E[N WA]_WCCXMPPStreamDoDisconnect(1041)=>xmpp/disconnect - flags: 128
03-04 08:27:11.040 16322 17972 E fb4a.msys: E[N WA]_WCCConnectionDefaultDisconnectHandler(1938)=>connection/disconnected, transport error
03-04 08:27:11.041  1491  2936 W LocationManagerService: onFreezeStateChanged, uid[10061]=true
03-04 08:27:11.046  1491  2936 W LocationManagerService: onFreezeStateChanged, uid[10303]=true
03-04 08:27:11.347   889  1318 W audio_messenger_ipi: read_ipi_thread(), read dsp fail!! length_read: 0, errno: 0
03-04 08:27:11.349   955   955 E ccci_rpcd: Failed to read from RPC device (-1) !! errno = 4
03-04 08:27:11.350  1194  1301 E AAL     : IOCTL_MTK_AAL_EVENTCTL error: -1
03-04 08:27:12.054   889  1318 W audio_messenger_ipi: read_ipi_thread(), read dsp fail!! length_read: 0, errno: 0
03-04 08:27:12.055  1194  1301 E AAL     : IOCTL_MTK_AAL_EVENTCTL error: -1
03-04 08:27:12.057   955   955 E ccci_rpcd: Failed to read from RPC device (-1) !! errno = 4
03-04 08:27:12.068   896   918 E BatteryDump: !@new_battery_dump : 4100,-1068,100,100,74,269,287,286,0,0,315,286,0,Discharging,NO_CHARGING,None,Good,NONE,0,Normal,0,0,9840,0x40000000,0x10000,0x0,0,0,0000,0000,00000000,0,0,0,0,260,4103,7490,0,0,
03-04 08:27:13.434   955   955 E ccci_rpcd: Failed to read from RPC device (-1) !! errno = 4
03-04 08:27:13.435  1194  1301 E AAL     : IOCTL_MTK_AAL_EVENTCTL error: -1
03-04 08:27:13.446   896   918 E BatteryDump: !@new_battery_dump : 4102,-1068,100,100,74,272,287,286,0,0,315,286,0,Discharging,NO_CHARGING,None,Good,NONE,0,Normal,0,0,9840,0x40000000,0x10000,0x0,0,0,0000,0000,00000000,0,0,0,0,260,4107,7490,0,0,
03-04 08:27:13.814   889  1318 W audio_messenger_ipi: read_ipi_thread(), read dsp fail!! length_read: 0, errno: 0
03-04 08:27:13.815   955   955 E ccci_rpcd: Failed to read from RPC device (-1) !! errno = 4
03-04 08:27:13.816  1194  1301 E AAL     : IOCTL_MTK_AAL_EVENTCTL error: -1
03-04 08:27:14.944   955   955 E ccci_rpcd: Failed to read from RPC device (-1) !! errno = 4
03-04 08:27:14.945  1194  1301 E AAL     : IOCTL_MTK_AAL_EVENTCTL error: -1
03-04 08:27:14.951   896   918 E BatteryDump: !@new_battery_dump : 4101,-1068,100,100,74,272,287,286,0,0,315,286,0,Discharging,NO_CHARGING,None,Good,NONE,0,Normal,0,0,9840,0x40000000,0x10000,0x0,0,0,0000,0000,00000000,0,0,0,0,260,4102,7490,0,0,
03-04 08:27:15.860   889  1318 W audio_messenger_ipi: read_ipi_thread(), read dsp fail!! length_read: 0, errno: 0
03-04 08:27:15.861   955   955 E ccci_rpcd: Failed to read from RPC device (-1) !! errno = 4
03-04 08:27:15.862  1194  1301 E AAL     : IOCTL_MTK_AAL_EVENTCTL error: -1
03-04 08:27:15.868   896   918 E BatteryDump: !@new_battery_dump : 4104,-1068,100,100,74,272,287,286,0,0,315,286,0,Discharging,NO_CHARGING,None,Good,NONE,0,Normal,0,0,9840,0x40000000,0x10000,0x0,0,0,0000,0000,00000000,0,0,0,0,260,4103,7490,0,0,
03-04 08:27:16.881   955   955 E ccci_rpcd: Failed to read from RPC device (-1) !! errno = 4
03-04 08:27:16.883  1194  1301 E AAL     : IOCTL_MTK_AAL_EVENTCTL error: -1
03-04 08:27:16.887   896   918 E BatteryDump: !@new_battery_dump : 4103,-1068,100,100,74,272,287,285,0,0,315,285,0,Discharging,NO_CHARGING,None,Good,NONE,0,Normal,0,0,9840,0x40000000,0x10000,0x0,0,0,0000,0000,00000000,0,0,0,0,260,4104,7490,0,0,
03-04 08:27:18.638   889  1318 W audio_messenger_ipi: read_ipi_thread(), read dsp fail!! length_read: 0, errno: 0
03-04 08:27:18.639   955   955 E ccci_rpcd: Failed to read from RPC device (-1) !! errno = 4
03-04 08:27:18.640  1194  1301 E AAL     : IOCTL_MTK_AAL_EVENTCTL error: -1
03-04 08:27:18.646   896   918 E BatteryDump: !@new_battery_dump : 4102,-1068,100,100,74,271,287,285,0,0,315,285,0,Discharging,NO_CHARGING,None,Good,NONE,0,Normal,0,0,9840,0x40000000,0x10000,0x0,0,0,0000,0000,00000000,0,0,0,0,260,4101,7490,0,0,
03-04 08:27:19.892   955   955 E ccci_rpcd: Failed to read from RPC device (-1) !! errno = 4
03-04 08:27:19.893  1194  1301 E AAL     : IOCTL_MTK_AAL_EVENTCTL error: -1
03-04 08:27:19.900   896   918 E BatteryDump: !@new_battery_dump : 4099,-1068,100,100,74,269,287,285,0,0,315,285,0,Discharging,NO_CHARGING,None,Good,NONE,0,Normal,0,0,9840,0x40000000,0x10000,0x0,0,0,0000,0000,00000000,0,0,0,0,260,4109,7490,0,0,
03-04 08:27:21.111   889  1318 W audio_messenger_ipi: read_ipi_thread(), read dsp fail!! length_read: 0, errno: 0
03-04 08:27:21.113   955   955 E ccci_rpcd: Failed to read from RPC device (-1) !! errno = 4
03-04 08:27:21.113  1194  1301 E AAL     : IOCTL_MTK_AAL_EVENTCTL error: -1
03-04 08:27:21.119   896   918 E BatteryDump: !@new_battery_dump : 4103,-1068,100,100,74,272,287,285,0,0,315,285,0,Discharging,NO_CHARGING,None,Good,NONE,0,Normal,0,0,9840,0x40000000,0x10000,0x0,0,0,0000,0000,00000000,0,0,0,0,260,4107,7490,0,0,
03-04 08:27:22.555   889  1318 W audio_messenger_ipi: read_ipi_thread(), read dsp fail!! length_read: 0, errno: 0
03-04 08:27:22.558   955   955 E ccci_rpcd: Failed to read from RPC device (-1) !! errno = 4
03-04 08:27:22.558  1194  1301 E AAL     : IOCTL_MTK_AAL_EVENTCTL error: -1
03-04 08:27:22.569   896   918 E BatteryDump: !@new_battery_dump : 4102,-1068,100,100,74,271,287,285,0,0,315,285,0,Discharging,NO_CHARGING,None,Good,NONE,0,Normal,0,0,9840,0x40000000,0x10000,0x0,0,0,0000,0000,00000000,0,0,0,0,260,4111,7490,0,0,
03-04 08:27:23.769   955   955 E ccci_rpcd: Failed to read from RPC device (-1) !! errno = 4
03-04 08:27:23.770  1194  1301 E AAL     : IOCTL_MTK_AAL_EVENTCTL error: -1
03-04 08:27:23.776   896   918 E BatteryDump: !@new_battery_dump : 4102,-1068,100,100,74,272,287,285,0,0,315,285,0,Discharging,NO_CHARGING,None,Good,NONE,0,Normal,0,0,9840,0x40000000,0x10000,0x0,0,0,0000,0000,00000000,0,0,0,0,260,4103,7490,0,0,
03-04 08:27:24.983   889  1318 W audio_messenger_ipi: read_ipi_thread(), read dsp fail!! length_read: 0, errno: 0
03-04 08:27:24.984   955   955 E ccci_rpcd: Failed to read from RPC device (-1) !! errno = 4
03-04 08:27:24.985  1194  1301 E AAL     : IOCTL_MTK_AAL_EVENTCTL error: -1
03-04 08:27:24.993   896   918 E BatteryDump: !@new_battery_dump : 4102,-1068,100,100,74,271,287,285,0,0,315,285,0,Discharging,NO_CHARGING,None,Good,NONE,0,Normal,0,0,9840,0x40000000,0x10000,0x0,0,0,0000,0000,00000000,0,0,0,0,260,4101,7490,0,0,
03-04 08:27:26.325   955   955 E ccci_rpcd: Failed to read from RPC device (-1) !! errno = 4
03-04 08:27:26.326  1194  1301 E AAL     : IOCTL_MTK_AAL_EVENTCTL error: -1
03-04 08:27:26.329   917   917 E SehThermal-HAL: need_to_update: 15085
03-04 08:27:26.334   896   918 E BatteryDump: !@new_battery_dump : 4101,-1068,100,100,74,272,287,285,0,0,315,285,0,Discharging,NO_CHARGING,None,Good,NONE,0,Normal,0,0,9840,0x40000000,0x10000,0x0,0,0,0000,0000,00000000,0,0,0,0,260,4108,7490,0,0,
03-04 08:27:27.879   889  1318 W audio_messenger_ipi: read_ipi_thread(), read dsp fail!! length_read: 0, errno: 0
03-04 08:27:27.880   955   955 E ccci_rpcd: Failed to read from RPC device (-1) !! errno = 4
03-04 08:27:27.881  1194  1301 E AAL     : IOCTL_MTK_AAL_EVENTCTL error: -1
03-04 08:27:27.886   896   918 E BatteryDump: !@new_battery_dump : 4102,-1068,100,100,74,271,287,284,0,0,314,284,0,Discharging,NO_CHARGING,None,Good,NONE,0,Normal,0,0,9840,0x40000000,0x10000,0x0,0,0,0000,0000,00000000,0,0,0,0,260,4110,7490,0,0,
03-04 08:27:27.891  1491  1633 W ProcessStats: Tracking association SourceState{fe016b1 com.android.systemui/10044 BFgs #220809} whose proc state 4 is better than process ProcessState{fe0e29c com.samsung.android.oneconnect/10291 pkg=com.samsung.android.oneconnect} proc state 5 (6 skipped)
03-04 08:27:28.145   917   974 E SehThermal-HAL: skip_to_update: 1816
03-04 08:27:29.115  1194  1301 E AAL     : IOCTL_MTK_AAL_EVENTCTL error: -1
03-04 08:27:29.119   955   955 E ccci_rpcd: Failed to read from RPC device (-1) !! errno = 4
03-04 08:27:29.121   896   918 E BatteryDump: !@new_battery_dump : 4103,-1068,100,100,74,271,287,284,0,0,314,284,0,Discharging,NO_CHARGING,None,Good,NONE,0,Normal,0,0,9840,0x40000000,0x10000,0x0,0,0,0000,0000,00000000,0,0,0,0,260,4110,7490,0,0,
03-04 08:27:30.338   889  1318 W audio_messenger_ipi: read_ipi_thread(), read dsp fail!! length_read: 0, errno: 0
03-04 08:27:30.340   955   955 E ccci_rpcd: Failed to read from RPC device (-1) !! errno = 4
03-04 08:27:30.341  1194  1301 E AAL     : IOCTL_MTK_AAL_EVENTCTL error: -1
03-04 08:27:30.347   896   918 E BatteryDump: !@new_battery_dump : 4103,-1068,100,100,74,272,287,284,0,0,314,284,0,Discharging,NO_CHARGING,None,Good,NONE,0,Normal,0,0,9840,0x40000000,0x10000,0x0,0,0,0000,0000,00000000,0,0,0,0,260,4106,7490,0,0,
03-04 08:27:30.924   955   955 E ccci_rpcd: Failed to read from RPC device (-1) !! errno = 4
03-04 08:27:30.925  1194  1301 E AAL     : IOCTL_MTK_AAL_EVENTCTL error: -1
03-04 08:27:30.932   896   918 E BatteryDump: !@new_battery_dump : 4104,-1068,100,100,74,272,287,284,0,0,314,284,0,Discharging,NO_CHARGING,None,Good,NONE,0,Normal,0,0,9840,0x40000000,0x10000,0x0,0,0,0000,0000,00000000,0,0,0,0,260,4110,7490,0,0,
03-04 08:27:31.541   889  1318 W audio_messenger_ipi: read_ipi_thread(), read dsp fail!! length_read: 0, errno: 0
03-04 08:27:31.542   955   955 E ccci_rpcd: Failed to read from RPC device (-1) !! errno = 4
03-04 08:27:31.543  1194  1301 E AAL     : IOCTL_MTK_AAL_EVENTCTL error: -1
03-04 08:27:31.553   896   918 E BatteryDump: !@new_battery_dump : 4103,-1068,100,100,74,271,287,284,0,0,314,284,0,Discharging,NO_CHARGING,None,Good,NONE,0,Normal,0,0,9840,0x40000000,0x10000,0x0,0,0,0000,0000,00000000,0,0,0,0,260,4109,7490,0,0,
03-04 08:27:32.791  1194  1301 E AAL     : IOCTL_MTK_AAL_EVENTCTL error: -1
03-04 08:27:32.792   955   955 E ccci_rpcd: Failed to read from RPC device (-1) !! errno = 4
03-04 08:27:32.799   896   918 E BatteryDump: !@new_battery_dump : 4102,-1068,100,100,74,272,287,284,0,0,314,284,0,Discharging,NO_CHARGING,None,Good,NONE,0,Normal,0,0,9840,0x40000000,0x10000,0x0,0,0,0000,0000,00000000,0,0,0,0,260,4107,7490,0,0,
03-04 08:27:34.020   889  1318 W audio_messenger_ipi: read_ipi_thread(), read dsp fail!! length_read: 0, errno: 0
03-04 08:27:34.022  1194  1301 E AAL     : IOCTL_MTK_AAL_EVENTCTL error: -1
03-04 08:27:34.022   955   955 E ccci_rpcd: Failed to read from RPC device (-1) !! errno = 4
03-04 08:27:34.029   896   918 E BatteryDump: !@new_battery_dump : 4102,-1068,100,100,74,271,287,284,0,0,314,284,0,Discharging,NO_CHARGING,None,Good,NONE,0,Normal,0,0,9840,0x40000000,0x10000,0x0,0,0,0000,0000,00000000,0,0,0,0,260,4106,7490,0,0,
03-04 08:27:35.259   955   955 E ccci_rpcd: Failed to read from RPC device (-1) !! errno = 4
03-04 08:27:35.260  1194  1301 E AAL     : IOCTL_MTK_AAL_EVENTCTL error: -1
03-04 08:27:35.273   896   918 E BatteryDump: !@new_battery_dump : 4101,-1068,100,100,74,271,287,284,0,0,314,284,0,Discharging,NO_CHARGING,None,Good,NONE,0,Normal,0,0,9840,0x40000000,0x10000,0x0,0,0,0000,0000,00000000,0,0,0,0,260,4110,7490,0,0,
03-04 08:27:35.642   889  1318 W audio_messenger_ipi: read_ipi_thread(), read dsp fail!! length_read: 0, errno: 0
03-04 08:27:35.642   955   955 E ccci_rpcd: Failed to read from RPC device (-1) !! errno = 4
03-04 08:27:35.644  1194  1301 E AAL     : IOCTL_MTK_AAL_EVENTCTL error: -1
03-04 08:27:37.003   955   955 E ccci_rpcd: Failed to read from RPC device (-1) !! errno = 4
03-04 08:27:37.003  1194  1301 E AAL     : IOCTL_MTK_AAL_EVENTCTL error: -1
03-04 08:27:37.014   896   918 E BatteryDump: !@new_battery_dump : 4099,-1068,100,100,74,271,287,284,0,0,314,284,0,Discharging,NO_CHARGING,None,Good,NONE,0,Normal,0,0,9840,0x40000000,0x10000,0x0,0,0,0000,0000,00000000,0,0,0,0,260,4110,7490,0,0,
03-04 08:27:37.029  1491  2936 W LocationManagerService: onFreezeStateChanged, uid[10510]=true
03-04 08:27:38.214   889  1318 W audio_messenger_ipi: read_ipi_thread(), read dsp fail!! length_read: 0, errno: 0
03-04 08:27:38.216   955   955 E ccci_rpcd: Failed to read from RPC device (-1) !! errno = 4
03-04 08:27:38.216  1194  1301 E AAL     : IOCTL_MTK_AAL_EVENTCTL error: -1
03-04 08:27:38.220   896   918 E BatteryDump: !@new_battery_dump : 4103,-1068,100,100,74,271,287,284,0,0,314,284,0,Discharging,NO_CHARGING,None,Good,NONE,0,Normal,0,0,9840,0x40000000,0x10000,0x0,0,0,0000,0000,00000000,0,0,0,0,260,4109,7490,0,0,
03-04 08:27:39.453  1194  1301 E AAL     : IOCTL_MTK_AAL_EVENTCTL error: -1
03-04 08:27:39.453   955   955 E ccci_rpcd: Failed to read from RPC device (-1) !! errno = 4
03-04 08:27:39.460   896   918 E BatteryDump: !@new_battery_dump : 4103,-1068,100,100,74,271,287,284,0,0,314,284,0,Discharging,NO_CHARGING,None,Good,NONE,0,Normal,0,0,9840,0x40000000,0x10000,0x0,0,0,0000,0000,00000000,0,0,0,0,260,4109,7490,0,0,
03-04 08:27:40.674   889  1318 W audio_messenger_ipi: read_ipi_thread(), read dsp fail!! length_read: 0, errno: 0
03-04 08:27:40.676   955   955 E ccci_rpcd: Failed to read from RPC device (-1) !! errno = 4
03-04 08:27:40.677  1194  1301 E AAL     : IOCTL_MTK_AAL_EVENTCTL error: -1
03-04 08:27:40.682   896   918 E BatteryDump: !@new_battery_dump : 4103,-1068,100,100,74,271,287,283,0,0,314,283,0,Discharging,NO_CHARGING,None,Good,NONE,0,Normal,0,0,9840,0x40000000,0x10000,0x0,0,0,0000,0000,00000000,0,0,0,0,260,4107,7490,0,0,
03-04 08:27:41.873   955   955 E ccci_rpcd: Failed to read from RPC device (-1) !! errno = 4
03-04 08:27:41.875  1194  1301 E AAL     : IOCTL_MTK_AAL_EVENTCTL error: -1
03-04 08:27:41.880   896   918 E BatteryDump: !@new_battery_dump : 4101,-1068,100,100,74,271,287,283,0,0,314,283,0,Discharging,NO_CHARGING,None,Good,NONE,0,Normal,0,0,9840,0x40000000,0x10000,0x0,0,0,0000,0000,00000000,0,0,0,0,260,4101,7490,0,0,
03-04 08:27:41.882   917   917 E SehThermal-HAL: need_to_update: 15553
03-04 08:27:43.209   889  1318 W audio_messenger_ipi: read_ipi_thread(), read dsp fail!! length_read: 0, errno: 0
03-04 08:27:43.210   955   955 E ccci_rpcd: Failed to read from RPC device (-1) !! errno = 4
03-04 08:27:43.210  1194  1301 E AAL     : IOCTL_MTK_AAL_EVENTCTL error: -1
03-04 08:27:43.218   896   918 E BatteryDump: !@new_battery_dump : 4101,-1068,100,100,74,271,287,283,0,0,313,283,0,Discharging,NO_CHARGING,None,Good,NONE,0,Normal,0,0,9840,0x40000000,0x10000,0x0,0,0,0000,0000,00000000,0,0,0,0,260,4095,7490,0,0,
03-04 08:27:43.610   955   955 E ccci_rpcd: Failed to read from RPC device (-1) !! errno = 4
03-04 08:27:43.611  1194  1301 E AAL     : IOCTL_MTK_AAL_EVENTCTL error: -1
03-04 08:27:44.774   889  1318 W audio_messenger_ipi: read_ipi_thread(), read dsp fail!! length_read: 0, errno: 0
03-04 08:27:44.775   955   955 E ccci_rpcd: Failed to read from RPC device (-1) !! errno = 4
03-04 08:27:44.777  1194  1301 E AAL     : IOCTL_MTK_AAL_EVENTCTL error: -1
03-04 08:27:44.794   896   918 E BatteryDump: !@new_battery_dump : 4103,-1068,100,100,74,271,287,283,0,0,313,283,0,Discharging,NO_CHARGING,None,Good,NONE,0,Normal,0,0,9840,0x40000000,0x10000,0x0,0,0,0000,0000,00000000,0,0,0,0,260,4110,7490,0,0,
03-04 08:27:45.138   955   955 E ccci_rpcd: Failed to read from RPC device (-1) !! errno = 4
03-04 08:27:45.139  1194  1301 E AAL     : IOCTL_MTK_AAL_EVENTCTL error: -1
03-04 08:27:46.310   889  1318 W audio_messenger_ipi: read_ipi_thread(), read dsp fail!! length_read: 0, errno: 0
03-04 08:27:46.311   955   955 E ccci_rpcd: Failed to read from RPC device (-1) !! errno = 4
03-04 08:27:46.312  1194  1301 E AAL     : IOCTL_MTK_AAL_EVENTCTL error: -1
03-04 08:27:46.319   896   918 E BatteryDump: !@new_battery_dump : 4102,-1068,100,100,74,271,287,283,0,0,313,283,0,Discharging,NO_CHARGING,None,Good,NONE,0,Normal,0,0,9840,0x40000000,0x10000,0x0,0,0,0000,0000,00000000,0,0,0,0,260,4109,7490,0,0,
03-04 08:27:46.519  1491  1518 E Watchdog: !@Sync: 1723 heap: 113 / 130 FD: 1096 [2025-03-04 08:27:46.518]
03-04 08:27:46.702   955   955 E ccci_rpcd: Failed to read from RPC device (-1) !! errno = 4
03-04 08:27:46.704  1194  1301 E AAL     : IOCTL_MTK_AAL_EVENTCTL error: -1
03-04 08:27:47.392   889  1318 W audio_messenger_ipi: read_ipi_thread(), read dsp fail!! length_read: 0, errno: 0
03-04 08:27:47.395  1194  1301 E AAL     : IOCTL_MTK_AAL_EVENTCTL error: -1
03-04 08:27:47.395   955   955 E ccci_rpcd: Failed to read from RPC device (-1) !! errno = 4
03-04 08:27:47.408   896   918 E BatteryDump: !@new_battery_dump : 4102,-1068,100,100,74,271,287,283,0,0,313,283,0,Discharging,NO_CHARGING,None,Good,NONE,0,Normal,0,0,9840,0x40000000,0x10000,0x0,0,0,0000,0000,00000000,0,0,0,0,260,4109,7490,0,0,
03-04 08:27:49.046   889  1318 W audio_messenger_ipi: read_ipi_thread(), read dsp fail!! length_read: 0, errno: 0
03-04 08:27:49.047   955   955 E ccci_rpcd: Failed to read from RPC device (-1) !! errno = 4
03-04 08:27:49.048  1194  1301 E AAL     : IOCTL_MTK_AAL_EVENTCTL error: -1
03-04 08:27:49.059   896   918 E BatteryDump: !@new_battery_dump : 4102,-1068,100,100,74,271,287,283,0,0,313,283,0,Discharging,NO_CHARGING,None,Good,NONE,0,Normal,0,0,9840,0x40000000,0x10000,0x0,0,0,0000,0000,00000000,0,0,0,0,260,4102,7490,0,0,
03-04 08:27:50.310   955   955 E ccci_rpcd: Failed to read from RPC device (-1) !! errno = 4
03-04 08:27:50.310  1194  1301 E AAL     : IOCTL_MTK_AAL_EVENTCTL error: -1
03-04 08:27:50.316   896   918 E BatteryDump: !@new_battery_dump : 4103,-1068,100,100,74,268,287,283,0,0,313,283,0,Discharging,NO_CHARGING,None,Good,NONE,0,Normal,0,0,9840,0x40000000,0x10000,0x0,0,0,0000,0000,00000000,0,0,0,0,260,4110,7490,0,0,
03-04 08:27:51.522   889  1318 W audio_messenger_ipi: read_ipi_thread(), read dsp fail!! length_read: 0, errno: 0
03-04 08:27:51.523   955   955 E ccci_rpcd: Failed to read from RPC device (-1) !! errno = 4
03-04 08:27:51.524  1194  1301 E AAL     : IOCTL_MTK_AAL_EVENTCTL error: -1
03-04 08:27:51.529   896   918 E BatteryDump: !@new_battery_dump : 4103,-1068,100,100,74,271,287,283,0,0,313,283,0,Discharging,NO_CHARGING,None,Good,NONE,0,Normal,0,0,9840,0x40000000,0x10000,0x0,0,0,0000,0000,00000000,0,0,0,0,260,4105,7490,0,0,
03-04 08:27:52.727  1194  1301 E AAL     : IOCTL_MTK_AAL_EVENTCTL error: -1
03-04 08:27:52.728   955   955 E ccci_rpcd: Failed to read from RPC device (-1) !! errno = 4
03-04 08:27:52.736   896   918 E BatteryDump: !@new_battery_dump : 4102,-1068,100,100,74,271,287,283,0,0,313,283,0,Discharging,NO_CHARGING,None,Good,NONE,0,Normal,0,0,9840,0x40000000,0x10000,0x0,0,0,0000,0000,00000000,0,0,0,0,260,4102,7490,0,0,
03-04 08:27:53.990   889  1318 W audio_messenger_ipi: read_ipi_thread(), read dsp fail!! length_read: 0, errno: 0
03-04 08:27:53.992   955   955 E ccci_rpcd: Failed to read from RPC device (-1) !! errno = 4
03-04 08:27:53.993  1194  1301 E AAL     : IOCTL_MTK_AAL_EVENTCTL error: -1
03-04 08:27:53.997   896   918 E BatteryDump: !@new_battery_dump : 4103,-1068,100,100,74,269,287,283,0,0,313,283,0,Discharging,NO_CHARGING,None,Good,NONE,0,Normal,0,0,9840,0x40000000,0x10000,0x0,0,0,0000,0000,00000000,0,0,0,0,260,4110,7490,0,0,
03-04 08:27:55.189  1194  1301 E AAL     : IOCTL_MTK_AAL_EVENTCTL error: -1
03-04 08:27:55.190   955   955 E ccci_rpcd: Failed to read from RPC device (-1) !! errno = 4
03-04 08:27:55.196   896   918 E BatteryDump: !@new_battery_dump : 4102,-1068,100,100,74,271,287,283,0,0,313,283,0,Discharging,NO_CHARGING,None,Good,NONE,0,Normal,0,0,9840,0x40000000,0x10000,0x0,0,0,0000,0000,00000000,0,0,0,0,260,4099,7490,0,0,
03-04 08:27:55.602   889  1318 W audio_messenger_ipi: read_ipi_thread(), read dsp fail!! length_read: 0, errno: 0
03-04 08:27:55.602   955   955 E ccci_rpcd: Failed to read from RPC device (-1) !! errno = 4
03-04 08:27:55.603  1194  1301 E AAL     : IOCTL_MTK_AAL_EVENTCTL error: -1
03-04 08:27:56.328   955   955 E ccci_rpcd: Failed to read from RPC device (-1) !! errno = 4
03-04 08:27:56.329  1194  1301 E AAL     : IOCTL_MTK_AAL_EVENTCTL error: -1
03-04 08:27:56.352   896   918 E BatteryDump: !@new_battery_dump : 4103,-1068,100,100,74,271,287,283,0,0,313,283,0,Discharging,NO_CHARGING,None,Good,NONE,0,Normal,0,0,9840,0x40000000,0x10000,0x0,0,0,0000,0000,00000000,0,0,0,0,260,4105,7490,0,0,
03-04 08:27:57.564   889  1318 W audio_messenger_ipi: read_ipi_thread(), read dsp fail!! length_read: 0, errno: 0
03-04 08:27:57.565   955   955 E ccci_rpcd: Failed to read from RPC device (-1) !! errno = 4
03-04 08:27:57.567  1194  1301 E AAL     : IOCTL_MTK_AAL_EVENTCTL error: -1
03-04 08:27:57.575   896   918 E BatteryDump: !@new_battery_dump : 4103,-1068,100,100,74,271,287,283,0,0,313,283,0,Discharging,NO_CHARGING,None,Good,NONE,0,Normal,0,0,9840,0x40000000,0x10000,0x0,0,0,0000,0000,00000000,0,0,0,0,260,4109,7490,0,0,
03-04 08:27:58.810  1194  1301 E AAL     : IOCTL_MTK_AAL_EVENTCTL error: -1
03-04 08:27:58.811   955   955 E ccci_rpcd: Failed to read from RPC device (-1) !! errno = 4
03-04 08:27:58.816   896   918 E BatteryDump: !@new_battery_dump : 4103,-1068,100,100,74,268,287,283,0,0,313,283,0,Discharging,NO_CHARGING,None,Good,NONE,0,Normal,0,0,9840,0x40000000,0x10000,0x0,0,0,0000,0000,00000000,0,0,0,0,260,4110,7490,0,0,
03-04 08:28:00.233   889  1318 W audio_messenger_ipi: read_ipi_thread(), read dsp fail!! length_read: 0, errno: 0
03-04 08:28:00.235   955   955 E ccci_rpcd: Failed to read from RPC device (-1) !! errno = 4
03-04 08:28:00.236  1194  1301 E AAL     : IOCTL_MTK_AAL_EVENTCTL error: -1
03-04 08:28:00.241   896   918 E BatteryDump: !@new_battery_dump : 4098,-1068,100,100,74,271,287,283,0,0,313,283,0,Discharging,NO_CHARGING,None,Good,NONE,0,Normal,0,0,9840,0x40000000,0x10000,0x0,0,0,0000,0000,00000000,0,0,0,0,260,4107,7490,0,0,
03-04 08:28:00.604   955   955 E ccci_rpcd: Failed to read from RPC device (-1) !! errno = 4
03-04 08:28:00.605  1194  1301 E AAL     : IOCTL_MTK_AAL_EVENTCTL error: -1
03-04 08:28:01.776   889  1318 W audio_messenger_ipi: read_ipi_thread(), read dsp fail!! length_read: 0, errno: 0
03-04 08:28:01.777   955   955 E ccci_rpcd: Failed to read from RPC device (-1) !! errno = 4
03-04 08:28:01.778  1194  1301 E AAL     : IOCTL_MTK_AAL_EVENTCTL error: -1
03-04 08:28:01.781   917   917 E SehThermal-HAL: need_to_update: 15471
03-04 08:28:01.785   896   918 E BatteryDump: !@new_battery_dump : 4103,-1068,100,100,74,268,287,282,0,0,313,282,0,Discharging,NO_CHARGING,None,Good,NONE,0,Normal,0,0,9840,0x40000000,0x10000,0x0,0,0,0000,0000,00000000,0,0,0,0,260,4107,7490,0,0,
03-04 08:28:02.973   955   955 E ccci_rpcd: Failed to read from RPC device (-1) !! errno = 4
03-04 08:28:02.974  1194  1301 E AAL     : IOCTL_MTK_AAL_EVENTCTL error: -1
03-04 08:28:02.981   896   918 E BatteryDump: !@new_battery_dump : 4102,-1068,100,100,74,271,287,282,0,0,312,282,0,Discharging,NO_CHARGING,None,Good,NONE,0,Normal,0,0,9840,0x40000000,0x10000,0x0,0,0,0000,0000,00000000,0,0,0,0,260,4104,7490,0,0,
03-04 08:28:03.145   917   974 E SehThermal-HAL: skip_to_update: 1363
03-04 08:28:04.236   889  1318 W audio_messenger_ipi: read_ipi_thread(), read dsp fail!! length_read: 0, errno: 0
03-04 08:28:04.237   955   955 E ccci_rpcd: Failed to read from RPC device (-1) !! errno = 4
03-04 08:28:04.238  1194  1301 E AAL     : IOCTL_MTK_AAL_EVENTCTL error: -1
03-04 08:28:04.239  1491  1491 W Looper  : Slow delivery took 228ms main h=com.android.server.pm.SnapshotStatistics$1 c=null m=0
03-04 08:28:04.244   896   918 E BatteryDump: !@new_battery_dump : 4103,-1068,100,100,74,271,287,282,0,0,312,282,0,Discharging,NO_CHARGING,None,Good,NONE,0,Normal,0,0,9840,0x40000000,0x10000,0x0,0,0,0000,0000,00000000,0,0,0,0,260,4110,7490,0,0,
03-04 08:28:05.462   955   955 E ccci_rpcd: Failed to read from RPC device (-1) !! errno = 4
03-04 08:28:05.462  1194  1301 E AAL     : IOCTL_MTK_AAL_EVENTCTL error: -1
03-04 08:28:05.469   896   918 E BatteryDump: !@new_battery_dump : 4103,-1068,100,100,74,268,287,282,0,0,312,282,0,Discharging,NO_CHARGING,None,Good,NONE,0,Normal,0,0,9840,0x40000000,0x10000,0x0,0,0,0000,0000,00000000,0,0,0,0,260,4109,7490,0,0,
03-04 08:28:05.547  1491  1491 W Looper  : Drained
03-04 08:28:06.656   889  1318 W audio_messenger_ipi: read_ipi_thread(), read dsp fail!! length_read: 0, errno: 0
03-04 08:28:06.657   955   955 E ccci_rpcd: Failed to read from RPC device (-1) !! errno = 4
03-04 08:28:06.658  1194  1301 E AAL     : IOCTL_MTK_AAL_EVENTCTL error: -1
03-04 08:28:06.665   896   918 E BatteryDump: !@new_battery_dump : 4102,-1068,100,100,74,271,287,282,0,0,312,282,0,Discharging,NO_CHARGING,None,Good,NONE,0,Normal,0,0,9840,0x40000000,0x10000,0x0,0,0,0000,0000,00000000,0,0,0,0,260,4100,7490,0,0,
03-04 08:28:08.029   955   955 E ccci_rpcd: Failed to read from RPC device (-1) !! errno = 4
03-04 08:28:08.030  1194  1301 E AAL     : IOCTL_MTK_AAL_EVENTCTL error: -1
03-04 08:28:08.044   896   918 E BatteryDump: !@new_battery_dump : 4103,-1068,100,100,74,271,287,282,0,0,312,282,0,Discharging,NO_CHARGING,None,Good,NONE,0,Normal,0,0,9840,0x40000000,0x10000,0x0,0,0,0000,0000,00000000,0,0,0,0,260,4109,7490,0,0,
03-04 08:28:08.397   889  1318 W audio_messenger_ipi: read_ipi_thread(), read dsp fail!! length_read: 0, errno: 0
03-04 08:28:08.398   955   955 E ccci_rpcd: Failed to read from RPC device (-1) !! errno = 4
03-04 08:28:08.399  1194  1301 E AAL     : IOCTL_MTK_AAL_EVENTCTL error: -1
03-04 08:28:09.536   955   955 E ccci_rpcd: Failed to read from RPC device (-1) !! errno = 4
03-04 08:28:09.541  1194  1301 E AAL     : IOCTL_MTK_AAL_EVENTCTL error: -1
03-04 08:28:09.544   896   918 E BatteryDump: !@new_battery_dump : 4103,-1068,100,100,74,271,287,282,0,0,312,282,0,Discharging,NO_CHARGING,None,Good,NONE,0,Normal,0,0,9840,0x40000000,0x10000,0x0,0,0,0000,0000,00000000,0,0,0,0,260,4110,7490,0,0,
03-04 08:28:10.790   889  1318 W audio_messenger_ipi: read_ipi_thread(), read dsp fail!! length_read: 0, errno: 0
03-04 08:28:10.791   955   955 E ccci_rpcd: Failed to read from RPC device (-1) !! errno = 4
03-04 08:28:10.792  1194  1301 E AAL     : IOCTL_MTK_AAL_EVENTCTL error: -1
03-04 08:28:10.800   896   918 E BatteryDump: !@new_battery_dump : 4098,-1068,100,100,74,271,287,282,0,0,312,282,0,Discharging,NO_CHARGING,None,Good,NONE,0,Normal,0,0,9840,0x40000000,0x10000,0x0,0,0,0000,0000,00000000,0,0,0,0,260,4107,7490,0,0,
03-04 08:28:12.021   955   955 E ccci_rpcd: Failed to read from RPC device (-1) !! errno = 4
03-04 08:28:12.022  1194  1301 E AAL     : IOCTL_MTK_AAL_EVENTCTL error: -1
03-04 08:28:12.027   896   918 E BatteryDump: !@new_battery_dump : 4103,-1068,100,100,74,271,287,282,0,0,312,282,0,Discharging,NO_CHARGING,None,Good,NONE,0,Normal,0,0,9840,0x40000000,0x10000,0x0,0,0,0000,0000,00000000,0,0,0,0,260,4105,7490,0,0,
03-04 08:28:13.229   889  1318 W audio_messenger_ipi: read_ipi_thread(), read dsp fail!! length_read: 0, errno: 0
03-04 08:28:13.230   955   955 E ccci_rpcd: Failed to read from RPC device (-1) !! errno = 4
03-04 08:28:13.231  1194  1301 E AAL     : IOCTL_MTK_AAL_EVENTCTL error: -1
03-04 08:28:13.239   896   918 E BatteryDump: !@new_battery_dump : 4103,-1068,100,100,74,271,287,282,0,0,312,282,0,Discharging,NO_CHARGING,None,Good,NONE,0,Normal,0,0,9840,0x40000000,0x10000,0x0,0,0,0000,0000,00000000,0,0,0,0,260,4106,7490,0,0,
03-04 08:28:14.471   955   955 E ccci_rpcd: Failed to read from RPC device (-1) !! errno = 4
03-04 08:28:14.472  1194  1301 E AAL     : IOCTL_MTK_AAL_EVENTCTL error: -1
03-04 08:28:14.481   896   918 E BatteryDump: !@new_battery_dump : 4103,-1068,100,100,74,271,287,282,0,0,312,282,0,Discharging,NO_CHARGING,None,Good,NONE,0,Normal,0,0,9840,0x40000000,0x10000,0x0,0,0,0000,0000,00000000,0,0,0,0,260,4109,7490,0,0,
03-04 08:28:15.013   889  1318 W audio_messenger_ipi: read_ipi_thread(), read dsp fail!! length_read: 0, errno: 0
03-04 08:28:15.014   955   955 E ccci_rpcd: Failed to read from RPC device (-1) !! errno = 4
03-04 08:28:15.018  1194  1301 E AAL     : IOCTL_MTK_AAL_EVENTCTL error: -1
03-04 08:28:15.024   896   918 E BatteryDump: !@new_battery_dump : 4106,-1068,100,100,74,271,287,281,0,0,312,281,0,Discharging,NO_CHARGING,None,Good,NONE,0,Normal,0,0,9840,0x40000000,0x10000,0x0,0,0,0000,0000,00000000,0,0,0,0,260,4109,7490,0,0,
03-04 08:28:15.618   889  1318 W audio_messenger_ipi: read_ipi_thread(), read dsp fail!! length_read: 0, errno: 0
03-04 08:28:15.619   955   955 E ccci_rpcd: Failed to read from RPC device (-1) !! errno = 4
03-04 08:28:15.619  1194  1301 E AAL     : IOCTL_MTK_AAL_EVENTCTL error: -1
03-04 08:28:16.888   889  1318 W audio_messenger_ipi: read_ipi_thread(), read dsp fail!! length_read: 0, errno: 0
03-04 08:28:16.890   955   955 E ccci_rpcd: Failed to read from RPC device (-1) !! errno = 4
03-04 08:28:16.890  1194  1301 E AAL     : IOCTL_MTK_AAL_EVENTCTL error: -1
03-04 08:28:16.895   917   917 E SehThermal-HAL: need_to_update: 15114
03-04 08:28:16.899   896   918 E BatteryDump: !@new_battery_dump : 4101,-1068,100,100,74,270,287,282,0,0,312,282,0,Discharging,NO_CHARGING,None,Good,NONE,0,Normal,0,0,9840,0x40000000,0x10000,0x0,0,0,0000,0000,00000000,0,0,0,0,260,4103,7490,0,0,
03-04 08:28:18.152   955   955 E ccci_rpcd: Failed to read from RPC device (-1) !! errno = 4
03-04 08:28:18.153  1194  1301 E AAL     : IOCTL_MTK_AAL_EVENTCTL error: -1
