03-04 08:25:45.918  1961  1961 W Settings: Setting accessibility_reduce_transparency has moved from android.provider.Settings.System to android.provider.Settings.Global, returning read-only global URI.
03-04 08:25:45.918  1961  1961 W Settings: Setting accessibility_reduce_transparency has moved from android.provider.Settings.System to android.provider.Settings.Global, returning read-only global URI.
03-04 08:25:45.919  1961  1961 W Settings: Setting accessibility_reduce_transparency has moved from android.provider.Settings.System to android.provider.Settings.Global, returning read-only global URI.
03-04 08:25:45.919  1491  1735 E PocketModeEvent: MSG_TYPE_START_SENSING
03-04 08:25:45.919  1961  1961 W Settings: Setting accessibility_reduce_transparency has moved from android.provider.Settings.System to android.provider.Settings.Global, returning read-only global URI.
03-04 08:25:45.919  1961  1961 W Settings: Setting airplane_mode_on has moved from android.provider.Settings.System to android.provider.Settings.Global, returning read-only global URI.
03-04 08:25:45.921   946  1555 E BufferQueueDebug: [FP Iconview$_1368#39841](this:0xb400007e29212c00,id:-1,api:0,p:-1,c:-1) id info cannot be read from 'FP Iconview$_1368#39841'
03-04 08:25:45.924  1491  2163 W ContextImpl: Calling a method in the system process without a qualified user: android.app.ContextImpl.bindService:2059 r0.m.e:112 b0.q.run:36 com.samsung.android.location.e.run:30 android.os.Handler.handleCallback:958 
03-04 08:25:45.926  1961  1961 W Settings: Setting accessibility_reduce_transparency has moved from android.provider.Settings.System to android.provider.Settings.Global, returning read-only global URI.
03-04 08:25:45.927  1961  1961 W Settings: Setting accessibility_reduce_transparency has moved from android.provider.Settings.System to android.provider.Settings.Global, returning read-only global URI.
03-04 08:25:45.927  1961  1961 W Settings: Setting accessibility_reduce_transparency has moved from android.provider.Settings.System to android.provider.Settings.Global, returning read-only global URI.
03-04 08:25:45.928  1961  1961 W Settings: Setting accessibility_reduce_transparency has moved from android.provider.Settings.System to android.provider.Settings.Global, returning read-only global URI.
03-04 08:25:45.928  1961  1961 W Settings: Setting accessibility_reduce_transparency has moved from android.provider.Settings.System to android.provider.Settings.Global, returning read-only global URI.
03-04 08:25:45.930  1961  1961 W Settings: Setting accessibility_reduce_transparency has moved from android.provider.Settings.System to android.provider.Settings.Global, returning read-only global URI.
03-04 08:25:45.932  1961  1961 W Settings: Setting accessibility_reduce_transparency has moved from android.provider.Settings.System to android.provider.Settings.Global, returning read-only global URI.
03-04 08:25:45.933  1961  1961 W Settings: Setting accessibility_reduce_transparency has moved from android.provider.Settings.System to android.provider.Settings.Global, returning read-only global URI.
03-04 08:25:45.933  1961  1961 W Settings: Setting accessibility_reduce_transparency has moved from android.provider.Settings.System to android.provider.Settings.Global, returning read-only global URI.
03-04 08:25:45.934  1961  1961 W Settings: Setting accessibility_reduce_transparency has moved from android.provider.Settings.System to android.provider.Settings.Global, returning read-only global URI.
03-04 08:25:45.934  1961  1961 W Settings: Setting accessibility_reduce_transparency has moved from android.provider.Settings.System to android.provider.Settings.Global, returning read-only global URI.
03-04 08:25:45.935  1961  1961 W Settings: Setting accessibility_reduce_transparency has moved from android.provider.Settings.System to android.provider.Settings.Global, returning read-only global URI.
03-04 08:25:45.935  1961  1961 W Settings: Setting accessibility_reduce_transparency has moved from android.provider.Settings.System to android.provider.Settings.Global, returning read-only global URI.
03-04 08:25:45.935  1961  1961 W Settings: Setting accessibility_reduce_transparency has moved from android.provider.Settings.System to android.provider.Settings.Global, returning read-only global URI.
03-04 08:25:45.936  1961  1961 W Settings: Setting accessibility_reduce_transparency has moved from android.provider.Settings.System to android.provider.Settings.Global, returning read-only global URI.
03-04 08:25:45.936  1961  1961 W Settings: Setting accessibility_reduce_transparency has moved from android.provider.Settings.System to android.provider.Settings.Global, returning read-only global URI.
03-04 08:25:45.937  1961  1961 W Settings: Setting accessibility_reduce_transparency has moved from android.provider.Settings.System to android.provider.Settings.Global, returning read-only global URI.
03-04 08:25:45.938  1961  1961 W Settings: Setting accessibility_reduce_transparency has moved from android.provider.Settings.System to android.provider.Settings.Global, returning read-only global URI.
03-04 08:25:45.939  1961  1961 W Settings: Setting accessibility_reduce_transparency has moved from android.provider.Settings.System to android.provider.Settings.Global, returning read-only global URI.
03-04 08:25:45.939   908   935 E mtkpower@impl: [setMode] unknown type
03-04 08:25:45.940  1961  1961 W Settings: Setting accessibility_reduce_transparency has moved from android.provider.Settings.System to android.provider.Settings.Global, returning read-only global URI.
03-04 08:25:45.941  1961  1961 W WindowOnBackDispatcher: sendCancelIfRunning: isInProgress=falsecallback=android.view.ViewRootImpl$$ExternalSyntheticLambda19@b6e66a3
03-04 08:25:45.949   908   935 E mtkpower@impl: [setMode] unknown type
03-04 08:25:45.951  1491  4053 W InputManager-JNI: Input channel object 'a32705b KeyguardBiometricToastView (client)' was disposed without first being removed with the input manager!
03-04 08:25:45.959   897  4280 E C2MtkBufferManager: [0xEC408470] fetchNewBlock:BM CC not Ready!
03-04 08:25:45.961 16322 16322 W fb4a.InitStatus: Not blocking Service (151659810)
03-04 08:25:45.965  1491  2163 E SLocation: GeopointGeofenceManager - last or current cell info is null, start nlp (timeoutSP)
03-04 08:25:45.969   897  4271 W C2MtkComponent: [0xECDC15A0] processPreQueue: queue is empty.
03-04 08:25:45.969   897  4270 W C2MtkComponent: [0xECDC15A0] processQueue: queue is empty.
03-04 08:25:45.969   897  4272 W C2MtkComponent: [0xECDC15A0] processPostQueue: queue is empty.
03-04 08:25:45.976  1961  1961 W KeyguardSecurityViewFlipper: onMeasure: widthSpec MeasureSpec: EXACTLY 1080 should be AT_MOST
03-04 08:25:45.976  1961  1961 W KeyguardSecurityViewFlipper: onMeasure: heightSpec MeasureSpec: EXACTLY 1998 should be AT_MOST
03-04 08:25:45.979  1961  4266 W Codec2Client: query -- param skipped: index = 1342179345.
03-04 08:25:45.979  1961  4266 W Codec2Client: query -- param skipped: index = 2415921170.
03-04 08:25:45.979  1961  4266 W Codec2Client: query -- param skipped: index = 1610614798.
03-04 08:25:45.981  1961  1961 W KeyguardSecurityViewFlipper: onMeasure: widthSpec MeasureSpec: EXACTLY 1080 should be AT_MOST
03-04 08:25:45.981  1961  1961 W KeyguardSecurityViewFlipper: onMeasure: heightSpec MeasureSpec: EXACTLY 1998 should be AT_MOST
03-04 08:25:45.985  2342  3865 E LoadedApk: Exception : java.lang.NullPointerException: Attempt to invoke virtual method 'boolean android.os.Looper.isPerfLogEnable()' on a null object reference
03-04 08:25:45.986 32405 32405 D StroopAccessibility_DEBUG: [onAccessibilityEvent] WINDOW CHANGE: package=com.android.systemui, class=android.widget.FrameLayout
03-04 08:25:45.986 32405 32405 D StroopAccessibility_DEBUG: [onAccessibilityEvent] Device appears to be unlocking - clearing all sessions
03-04 08:25:45.986 32405 32405 D SessionManager: Ending all sessions
03-04 08:25:45.986 32405 32405 D SessionManager: Resetting current challenge state
03-04 08:25:45.986 32405 32405 D StroopAccessibility_DEBUG: [onAccessibilityEvent] APP SWITCH: From null to com.android.systemui
03-04 08:25:45.986 32405 32405 D StroopAccessibility_DEBUG: LOCK CHECK STARTED: Is com.android.systemui locked?
03-04 08:25:45.986 32405 32405 D StroopAccessibility_DEBUG: Service active: true
03-04 08:25:45.988 32405 32625 D StroopAccessibility_DEBUG: Refreshing locked apps cache (old cache: com.facebook.katana, com.instagram.android)
03-04 08:25:45.993  1491  1491 E PocketMotionManager: activity tracker 1, 1
03-04 08:25:45.994 32405 32625 D StroopAccessibility_DEBUG: [refreshLockedAppsCache] Updated locked apps cache: com.facebook.katana, com.instagram.android
03-04 08:25:45.994 32405 32625 D StroopAccessibility_DEBUG: Cache refreshed: com.facebook.katana, com.instagram.android
03-04 08:25:45.994 32405 32625 D StroopAccessibility_DEBUG: Is com.android.systemui in locked list? false
03-04 08:25:45.994 32405 32625 D SessionManager: Checking if challenge for com.android.systemui is completed
03-04 08:25:45.994 32405 32625 D SessionManager: Current completed challenges: 
03-04 08:25:45.994 32405 32625 D StroopAccessibility_DEBUG: Has com.android.systemui completed a challenge? false
03-04 08:25:45.994 32405 32625 D StroopAccessibility_DEBUG: FINAL APP STATUS: com.android.systemui | Locked: false | Should show lock: false
03-04 08:25:45.994 32405 32625 D StroopAccessibility_DEBUG: NOT SHOWING LOCK: com.android.systemui (not locked)
03-04 08:25:46.014  1961  1961 W View    : requestLayout() improperly called by com.android.systemui.shade.NotificationsQuickSettingsContainer{71fa83d V.E...... ........ 0,0-1080,2340 #7f0a0747 app:id/notification_container_parent} during second layout pass: posting in next frame
03-04 08:25:46.014  1961  1961 W View    : requestLayout() improperly called by android.widget.FrameLayout{2ac7743 V.E...... ........ 0,133-1080,2214 #7f0a0846 app:id/qs_frame} during second layout pass: posting in next frame
03-04 08:25:46.014  1961  1961 W View    : requestLayout() improperly called by large_screen_header_constraint->large_screen_header_constraint (pos:0.0 Dpos/Dt:0.0 during second layout pass: posting in next frame
03-04 08:25:46.014  1961  1961 W View    : requestLayout() improperly called by com.android.systemui.statusbar.notification.stack.NotificationStackScrollLayout{d02c566 V.E...... ........ 0,0-1080,2214 #7f0a0757 app:id/notification_stack_scroller} during second layout pass: posting in next frame
03-04 08:25:46.014  1961  1961 W View    : requestLayout() improperly called by com.android.systemui.statusbar.phone.KeyguardStatusBarView{942cfee V.E...... ........ 0,0-1080,75 #7f0a050c app:id/keyguard_header} during second layout pass: posting in next frame
03-04 08:25:46.014  1961  1961 W View    : requestLayout() improperly called by android.widget.Button{f0e4ad8 IFED..C.. ......I. 0,0-389,95 #7f0a0891 app:id/report_rejected_touch} during second layout pass: posting in next frame
03-04 08:25:46.027  1491  4372 W ActivityManager: Foreground service started from background can not have location/camera/microphone access: service org.kde.kdeconnect_tp/org.kde.kdeconnect.BackgroundService
03-04 08:25:46.031   867 28299 E engmode_world: Unknown token(00/00/00)
03-04 08:25:46.032   658   658 E engmode_hidl_service: error to server(0xd0060012)
03-04 08:25:46.037  1961  1961 W Settings: Setting accessibility_reduce_transparency has moved from android.provider.Settings.System to android.provider.Settings.Global, returning read-only global URI.
03-04 08:25:46.039  1961  1961 W Settings: Setting accessibility_reduce_transparency has moved from android.provider.Settings.System to android.provider.Settings.Global, returning read-only global URI.
03-04 08:25:46.040  1961  1961 W Settings: Setting accessibility_reduce_transparency has moved from android.provider.Settings.System to android.provider.Settings.Global, returning read-only global URI.
03-04 08:25:46.041  1961  1961 W Settings: Setting accessibility_reduce_transparency has moved from android.provider.Settings.System to android.provider.Settings.Global, returning read-only global URI.
03-04 08:25:46.042  1961  1961 W Settings: Setting accessibility_reduce_transparency has moved from android.provider.Settings.System to android.provider.Settings.Global, returning read-only global URI.
03-04 08:25:46.042  1961  1961 W Settings: Setting accessibility_reduce_transparency has moved from android.provider.Settings.System to android.provider.Settings.Global, returning read-only global URI.
03-04 08:25:46.042  1961  1961 W Settings: Setting accessibility_reduce_transparency has moved from android.provider.Settings.System to android.provider.Settings.Global, returning read-only global URI.
03-04 08:25:46.043  1961  1961 W Settings: Setting accessibility_reduce_transparency has moved from android.provider.Settings.System to android.provider.Settings.Global, returning read-only global URI.
03-04 08:25:46.043  1961  1961 W Settings: Setting accessibility_reduce_transparency has moved from android.provider.Settings.System to android.provider.Settings.Global, returning read-only global URI.
03-04 08:25:46.044  1961  1961 W Settings: Setting accessibility_reduce_transparency has moved from android.provider.Settings.System to android.provider.Settings.Global, returning read-only global URI.
03-04 08:25:46.044  1961  1961 W Settings: Setting accessibility_reduce_transparency has moved from android.provider.Settings.System to android.provider.Settings.Global, returning read-only global URI.
03-04 08:25:46.044  1961  1961 W Settings: Setting accessibility_reduce_transparency has moved from android.provider.Settings.System to android.provider.Settings.Global, returning read-only global URI.
03-04 08:25:46.045  1961  1961 W Settings: Setting accessibility_reduce_transparency has moved from android.provider.Settings.System to android.provider.Settings.Global, returning read-only global URI.
03-04 08:25:46.046  1961  1961 W Settings: Setting accessibility_reduce_transparency has moved from android.provider.Settings.System to android.provider.Settings.Global, returning read-only global URI.
03-04 08:25:46.047  1961  1961 W Settings: Setting accessibility_reduce_transparency has moved from android.provider.Settings.System to android.provider.Settings.Global, returning read-only global URI.
03-04 08:25:46.048  1961  1961 W Settings: Setting accessibility_reduce_transparency has moved from android.provider.Settings.System to android.provider.Settings.Global, returning read-only global URI.
03-04 08:25:46.049  1491  1776 E NsdService: id 150 for 5 has no client mapping
03-04 08:25:46.049  1961  1961 W Settings: Setting accessibility_reduce_transparency has moved from android.provider.Settings.System to android.provider.Settings.Global, returning read-only global URI.
03-04 08:25:46.053  1961  1961 W Settings: Setting accessibility_reduce_transparency has moved from android.provider.Settings.System to android.provider.Settings.Global, returning read-only global URI.
03-04 08:25:46.054  1961  1961 W Settings: Setting accessibility_reduce_transparency has moved from android.provider.Settings.System to android.provider.Settings.Global, returning read-only global URI.
03-04 08:25:46.055  1961  1961 W Settings: Setting accessibility_reduce_transparency has moved from android.provider.Settings.System to android.provider.Settings.Global, returning read-only global URI.
03-04 08:25:46.061  2342 28369 E LoadedApk: Exception : java.lang.NullPointerException: Attempt to invoke virtual method 'boolean android.os.Looper.isPerfLogEnable()' on a null object reference
03-04 08:25:46.062 32405 32405 D StroopAccessibility_DEBUG: [onReceive] SCREEN ON detected
03-04 08:25:46.068  1961  1961 W KeyguardSecurityViewFlipper: onMeasure: widthSpec MeasureSpec: EXACTLY 1080 should be AT_MOST
03-04 08:25:46.068  1961  1961 W KeyguardSecurityViewFlipper: onMeasure: heightSpec MeasureSpec: EXACTLY 1998 should be AT_MOST
03-04 08:25:46.069  1961  1961 W KeyguardSecurityViewFlipper: onMeasure: widthSpec MeasureSpec: EXACTLY 1080 should be AT_MOST
03-04 08:25:46.069  2342 18195 E LoadedApk: Exception : java.lang.NullPointerException: Attempt to invoke virtual method 'boolean android.os.Looper.isPerfLogEnable()' on a null object reference
03-04 08:25:46.069  1961  1961 W KeyguardSecurityViewFlipper: onMeasure: heightSpec MeasureSpec: EXACTLY 1998 should be AT_MOST
03-04 08:25:46.070  1961  4256 W SecImageConverter: use crop info (1080 x 2340) for stride and slice-height
03-04 08:25:46.071  1491  1735 W ContextImpl: Calling a method in the system process without a qualified user: android.app.ContextImpl.sendBroadcast:1281 com.samsung.android.gesture.PocketModeEvent$1.handleMessage:456 android.os.Handler.dispatchMessage:106 android.os.Looper.loopOnce:230 android.os.Looper.loop:319 
03-04 08:25:46.077  1491  1735 E ActivityManager: Sending non-protected broadcast com.samsung.intent.action.RELEASE_POCKET_MODE from system 1491:system/1000 pkg android
03-04 08:25:46.077  1491  1735 E ActivityManager: java.lang.Throwable
03-04 08:25:46.077  1491  1735 E ActivityManager: 	at com.android.server.am.ActivityManagerService.checkBroadcastFromSystem(ActivityManagerService.java:17081)
03-04 08:25:46.077  1491  1735 E ActivityManager: 	at com.android.server.am.ActivityManagerService.broadcastIntentLockedTraced(ActivityManagerService.java:18026)
03-04 08:25:46.077  1491  1735 E ActivityManager: 	at com.android.server.am.ActivityManagerService.broadcastIntentLocked(ActivityManagerService.java:17169)
03-04 08:25:46.077  1491  1735 E ActivityManager: 	at com.android.server.am.ActivityManagerService.broadcastIntentLocked(ActivityManagerService.java:17146)
03-04 08:25:46.077  1491  1735 E ActivityManager: 	at com.android.server.am.ActivityManagerService.broadcastIntentWithFeature(ActivityManagerService.java:18253)
03-04 08:25:46.077  1491  1735 E ActivityManager: 	at android.app.ContextImpl.sendBroadcast(ContextImpl.java:1285)
03-04 08:25:46.077  1491  1735 E ActivityManager: 	at com.samsung.android.gesture.PocketModeEvent$1.handleMessage(PocketModeEvent.java:456)
03-04 08:25:46.077  1491  1735 E ActivityManager: 	at android.os.Handler.dispatchMessage(Handler.java:106)
03-04 08:25:46.077  1491  1735 E ActivityManager: 	at android.os.Looper.loopOnce(Looper.java:230)
03-04 08:25:46.077  1491  1735 E ActivityManager: 	at android.os.Looper.loop(Looper.java:319)
03-04 08:25:46.077  1491  1735 E ActivityManager: 	at android.os.HandlerThread.run(HandlerThread.java:67)
03-04 08:25:46.081  1961  1961 W View    : requestLayout() improperly called by android.widget.FrameLayout{2ac7743 V.E...... ......ID 0,133-1080,2214 #7f0a0846 app:id/qs_frame} during layout: running second layout pass
03-04 08:25:46.121 32405 32405 D StroopAccessibility_DEBUG: [onAccessibilityEvent] WINDOW CHANGE: package=com.android.systemui, class=android.widget.FrameLayout
03-04 08:25:46.129  1899  1899 E WifiHAL : handleResponse: data=0xb400007c7121a0b0, len=2448
03-04 08:25:46.138  1899  1899 E WifiHAL : handleResponse: data=0xb400007c7121a0b0, len=2448
03-04 08:25:46.153   946  2427 E BufferQueueDebug: [com.sec.android.app.launcher/com.samsung.app.honeyspace.edge.CocktailBarService$_2478#39842](this:0xb400007e291154f0,id:-1,api:0,p:-1,c:-1) id info cannot be read from 'com.sec.android.app.launcher/com.samsung.app.honeyspace.edge.CocktailBarService$_2478#39842'
03-04 08:25:46.245  1961  2191 W Bubbles : Unable to create bubble -- no intent: 0|org.kde.kdeconnect_tp|1|null|10305
03-04 08:25:46.277  1961  1961 E KeyguardFingerPrintSwipe: mLongPressCallback canceled. Touch position is FP-InDisplay area!
03-04 08:25:46.277  1961  1961 E KeyguardFingerPrintSwipe: mLongPressCallback canceled. Touch position is FP-InDisplay area!
03-04 08:25:46.284 32405 32405 D StroopAccessibility_DEBUG: [onAccessibilityEvent] WINDOW CHANGE: package=com.sec.android.app.launcher, class=android.widget.FrameLayout
03-04 08:25:46.284 32405 32405 D StroopAccessibility_DEBUG: [onAccessibilityEvent] HOME SCREEN: Ending all sessions
03-04 08:25:46.285 32405 32625 D SessionManager: App switch: com.android.systemui -> com.sec.android.app.launcher
03-04 08:25:46.285 32405 32625 D SessionManager: Ending session for app we're leaving: com.android.systemui
03-04 08:25:46.285 32405 32625 D SessionManager: Ending session for: com.android.systemui
03-04 08:25:46.285 32405 32625 D SessionManager: Going to home screen - ending all active sessions
03-04 08:25:46.314  1313  4221 E (FPLOG) : 2.0.36.0 DeviceSetClock 1
03-04 08:25:46.323  1961  1961 W KeyguardFingerprint: handleFingerprintAuth dispatchCount = 1 / elapsed time: 0ms
03-04 08:25:46.352  1491  1491 W AccessibilityManagerService:  wait for adding window timeout: 3016
03-04 08:25:46.389  1491  1825 W SemFace : daemonPauseAuth skipped
03-04 08:25:46.392  1961  1961 W KeyguardFingerprint: handleFingerprintAuth dispatchCount = 1 / elapsed time: 0ms
03-04 08:25:46.430  1491  1491 W AccessibilityManagerService:  wait for adding window timeout: 3015
03-04 08:25:46.463  1961  2191 W Bubbles : Unable to create bubble -- no intent: 0|org.kde.kdeconnect_tp|1|null|10305
03-04 08:25:46.531 32405 32405 D StroopAccessibility_DEBUG: [onAccessibilityEvent] WINDOW CHANGE: package=com.samsung.android.biometrics.app.setting, class=android.widget.FrameLayout
03-04 08:25:46.532 32405 32405 D StroopAccessibility_DEBUG: [onAccessibilityEvent] APP SWITCH: From com.sec.android.app.launcher to com.samsung.android.biometrics.app.setting
03-04 08:25:46.532 32405 32405 D StroopAccessibility_DEBUG: LOCK CHECK STARTED: Is com.samsung.android.biometrics.app.setting locked?
03-04 08:25:46.532 32405 32405 D StroopAccessibility_DEBUG: Service active: true
03-04 08:25:46.533 32405 32625 D StroopAccessibility_DEBUG: Refreshing locked apps cache (old cache: com.facebook.katana, com.instagram.android)
03-04 08:25:46.535 32405 32625 D StroopAccessibility_DEBUG: [refreshLockedAppsCache] Updated locked apps cache: com.facebook.katana, com.instagram.android
03-04 08:25:46.535 32405 32625 D StroopAccessibility_DEBUG: Cache refreshed: com.facebook.katana, com.instagram.android
03-04 08:25:46.535 32405 32625 D StroopAccessibility_DEBUG: Is com.samsung.android.biometrics.app.setting in locked list? false
03-04 08:25:46.535 32405 32625 D SessionManager: Checking if challenge for com.samsung.android.biometrics.app.setting is completed
03-04 08:25:46.535 32405 32625 D SessionManager: Current completed challenges: 
03-04 08:25:46.536 32405 32625 D StroopAccessibility_DEBUG: Has com.samsung.android.biometrics.app.setting completed a challenge? false
03-04 08:25:46.536 32405 32625 D SessionManager: App switch: com.sec.android.app.launcher -> com.samsung.android.biometrics.app.setting
03-04 08:25:46.536 32405 32625 D SessionManager: Ending session for app we're leaving: com.sec.android.app.launcher
03-04 08:25:46.536 32405 32625 D SessionManager: Ending session for: com.sec.android.app.launcher
03-04 08:25:46.536 32405 32625 D StroopAccessibility_DEBUG: FINAL APP STATUS: com.samsung.android.biometrics.app.setting | Locked: false | Should show lock: false
03-04 08:25:46.536 32405 32625 D StroopAccessibility_DEBUG: NOT SHOWING LOCK: com.samsung.android.biometrics.app.setting (not locked)
03-04 08:25:46.616  1961  1961 W KeyguardFingerprint: handleFingerprintAuth dispatchCount = 2 / elapsed time: 0ms
03-04 08:25:46.616  1961  1961 W KeyguardFingerprint: handleFingerprintAuth dispatchCount = 0 / elapsed time: 0ms
03-04 08:25:46.677  1491  1825 W SemFace : daemonResumeAuth skipped
03-04 08:25:46.677  1491  1823 W Biometrics/AuthenticationClient: Allowing background authentication, this is allowed only for platform or test invocations
03-04 08:25:46.679  1491  1822 W ContextImpl: Calling a method in the system process without a qualified user: android.app.ContextImpl.sendBroadcast:1281 com.android.server.biometrics.SemBioAnalyticsManager.fpHandleData:807 com.android.server.biometrics.SemBioAnalyticsManager.lambda$fpInsertLog$1:457 com.android.server.biometrics.SemBioAnalyticsManager.$r8$lambda$ikGr-wfnHR7_V2b0fIgmgdgIjas:0 com.android.server.biometrics.SemBioAnalyticsManager$$ExternalSyntheticLambda1.run:0 
03-04 08:25:46.679  1491  1514 W WindowManager: setSyncMethod, id=2480, method=0, caller=com.android.server.wm.Transition.startCollecting:712 com.android.server.wm.TransitionController.moveToCollecting:360 com.android.server.wm.RootWindowContainer.sendSleepTransition:2820 
03-04 08:25:46.680  1491  1823 W ActivityManager: ProcessListener no registered
03-04 08:25:46.681  1491  1822 W ContextImpl: Calling a method in the system process without a qualified user: android.app.ContextImpl.sendBroadcast:1281 com.android.server.biometrics.SemBioAnalyticsManager.fpHandleData:807 com.android.server.biometrics.SemBioAnalyticsManager.lambda$fpInsertLog$1:457 com.android.server.biometrics.SemBioAnalyticsManager.$r8$lambda$ikGr-wfnHR7_V2b0fIgmgdgIjas:0 com.android.server.biometrics.SemBioAnalyticsManager$$ExternalSyntheticLambda1.run:0 
03-04 08:25:46.682  1491  1822 W ContextImpl: Calling a method in the system process without a qualified user: android.app.ContextImpl.sendBroadcast:1281 com.android.server.biometrics.SemBioAnalyticsManager.fpHandleData:807 com.android.server.biometrics.SemBioAnalyticsManager.lambda$fpInsertLog$1:457 com.android.server.biometrics.SemBioAnalyticsManager.$r8$lambda$ikGr-wfnHR7_V2b0fIgmgdgIjas:0 com.android.server.biometrics.SemBioAnalyticsManager$$ExternalSyntheticLambda1.run:0 
03-04 08:25:46.682  1491  1822 W ContextImpl: Calling a method in the system process without a qualified user: android.app.ContextImpl.sendBroadcast:1281 com.android.server.biometrics.SemBioAnalyticsManager.fpHandleData:807 com.android.server.biometrics.SemBioAnalyticsManager.lambda$fpInsertLog$1:457 com.android.server.biometrics.SemBioAnalyticsManager.$r8$lambda$ikGr-wfnHR7_V2b0fIgmgdgIjas:0 com.android.server.biometrics.SemBioAnalyticsManager$$ExternalSyntheticLambda1.run:0 
03-04 08:25:46.682  1491  1822 W ContextImpl: Calling a method in the system process without a qualified user: android.app.ContextImpl.sendBroadcast:1281 com.android.server.biometrics.SemBioAnalyticsManager.fpHandleData:807 com.android.server.biometrics.SemBioAnalyticsManager.lambda$fpInsertLog$1:457 com.android.server.biometrics.SemBioAnalyticsManager.$r8$lambda$ikGr-wfnHR7_V2b0fIgmgdgIjas:0 com.android.server.biometrics.SemBioAnalyticsManager$$ExternalSyntheticLambda1.run:0 
03-04 08:25:46.682  3822  3822 W ContextImpl: Calling a method in the system process without a qualified user: android.app.ContextImpl.startService:1960 android.content.ContextWrapper.startService:842 android.content.ContextWrapper.startService:842 com.sec.android.diagmonagent.sa.receiver.CFLogReceiver.a:17 com.sec.android.diagmonagent.sa.receiver.CFLogReceiver.onReceive:40 
03-04 08:25:46.685  1491  1823 W ActivityManager: ProcessListener no registered
03-04 08:25:46.686  1961  4248 W APlayer : index(0) is not added in mTextRenderers
03-04 08:25:46.686  1961  4248 W APlayer : index(1) is not added in mTextRenderers
03-04 08:25:46.690  1491  4061 W Transition: Transition already started id=2480 state=2
03-04 08:25:46.692  1961  1961 W KeyguardFingerprint: handleFingerprintAuth dispatchCount = 3 / elapsed time: 10ms
03-04 08:25:46.692  1961  1961 W KeyguardFingerprint: handleFingerprintAuth dispatchCount = 0 / elapsed time: 0ms
03-04 08:25:46.692  1961  1961 W KeyguardFingerprint: handleFingerprintAuth dispatchCount = 0 / elapsed time: 0ms
03-04 08:25:46.706  1961  1961 E KeyguardViewMediator: mHideAnimationFinishedRunnable#run
03-04 08:25:46.707   657   657 W keymint_tee: [WRN]begin req PARAMS: A32, KS256, BM32, PD1, 
03-04 08:25:46.711  1491  4053 W WindowManager: setSyncMethod, id=2481, method=0, caller=com.android.server.wm.Transition.startCollecting:712 com.android.server.wm.TransitionController.moveToCollecting:360 com.android.server.wm.TransitionController.createTransition:341 
03-04 08:25:46.718   657   657 W keymint_tee: [WRN]begin req PARAMS: A32, KS256, BM32, PD1, 
03-04 08:25:46.725  1368  1368 E BufferQueueProducer: [SurfaceView[FP Maskview]@0#4(BLAST Consumer)4](id:55800000004,api:0,p:-1,c:1368) disconnect: not connected (req=2)
03-04 08:25:46.726  1491  4053 W WindowManager: There is no wallpaper for the lock screen
03-04 08:25:46.733  3822  3822 W ContextImpl: Calling a method in the system process without a qualified user: android.app.ContextImpl.startService:1960 android.content.ContextWrapper.startService:842 android.content.ContextWrapper.startService:842 com.sec.android.diagmonagent.sa.receiver.CFLogReceiver.a:17 com.sec.android.diagmonagent.sa.receiver.CFLogReceiver.onReceive:40 
03-04 08:25:46.734  1491  4063 E WindowManager: win=Window{db8858a u0 FP Maskview} destroySurfaces: appStopped=true cleanupOnResume=false win.mWindowRemovalAllowed=false win.mRemoveOnExit=false win.mViewVisibility=4 caller=com.android.server.wm.WindowManagerService.tryStartExitingAnimation:2980 com.android.server.wm.WindowManagerService.relayoutWindow:2685 com.android.server.wm.Session.relayout:282 android.view.IWindowSession$Stub.onTransact:782 com.android.server.wm.Session.onTransact:204 android.os.Binder.execTransactInternal:1375 android.os.Binder.execTransact:1311 
03-04 08:25:46.747   946  2427 E BufferQueueDebug: [com.sec.android.app.launcher/com.sec.android.app.launcher.activities.LauncherActivity$_2478#39843](this:0xb400007e2920d0e0,id:-1,api:0,p:-1,c:-1) id info cannot be read from 'com.sec.android.app.launcher/com.sec.android.app.launcher.activities.LauncherActivity$_2478#39843'
03-04 08:25:46.754  3822  3822 W ContextImpl: Calling a method in the system process without a qualified user: android.app.ContextImpl.startService:1960 android.content.ContextWrapper.startService:842 android.content.ContextWrapper.startService:842 com.sec.android.diagmonagent.sa.receiver.CFLogReceiver.a:17 com.sec.android.diagmonagent.sa.receiver.CFLogReceiver.onReceive:40 
03-04 08:25:46.777  1491  1514 W ProcessStats: Tracking association SourceState{554daa4 com.google.android.gms/10227 BFgs #220575} whose proc state 4 is better than process ProcessState{6ebc923 com.google.android.adservices.api/10266 pkg=com.google.android.adservices.api} proc state 14 (274 skipped)
03-04 08:25:46.784   946  1024 E BufferQueueDebug: [Transition Root: DefaultTaskDisplayArea_d0#39844](this:0xb400007e291b7a00,id:-1,api:0,p:-1,c:-1) id info cannot be read from 'Transition Root: DefaultTaskDisplayArea_d0#39844'
03-04 08:25:46.791   946  1024 E BufferQueueDebug: [Surface(name=Task=1)/@0x1df3d82_transition-leash#39845](this:0xb400007e2918ce90,id:-1,api:0,p:-1,c:-1) id info cannot be read from 'Surface(name=Task=1)/@0x1df3d82_transition-leash#39845'
03-04 08:25:46.792   946  1024 E BufferQueueDebug: [Surface(name=WallpaperWindowToken{c12db30 token=android.os.Binder@4cd3073})/@0x3b084d0_transition-leash#39846](this:0xb400007e292075c0,id:-1,api:0,p:-1,c:-1) id info cannot be read from 'Surface(name=WallpaperWindowToken{c12db30 token=android.os.Binder@4cd3073})/@0x3b084d0_transition-leash#39846'
03-04 08:25:46.822  3822  3822 W ContextImpl: Calling a method in the system process without a qualified user: android.app.ContextImpl.startService:1960 android.content.ContextWrapper.startService:842 android.content.ContextWrapper.startService:842 com.sec.android.diagmonagent.sa.receiver.CFLogReceiver.a:17 com.sec.android.diagmonagent.sa.receiver.CFLogReceiver.onReceive:40 
03-04 08:25:46.834  1491  1730 E MotionRecognitionService: Receiver: ACTION_USER_PRESENT - UNLOCK SCREEN
03-04 08:25:46.846   897  4271 W C2MtkComponent: [0xECDC15A0] processPreQueue: queue is empty.
03-04 08:25:46.846   897  4270 W C2MtkComponent: [0xECDC15A0] processQueue: queue is empty.
03-04 08:25:46.846   897  4272 W C2MtkComponent: [0xECDC15A0] processPostQueue: queue is empty.
03-04 08:25:46.849   867 28299 E engmode_world: Unknown token(00/00/00)
03-04 08:25:46.851   658   658 E engmode_hidl_service: error to server(0xd0060012)
03-04 08:25:46.852  1961 14875 E engmode_client_list: Cannot find client
03-04 08:25:46.852  1961 14875 E engmode_hidl_client_service: Client error
03-04 08:25:46.857   946  1044 W RefBase : CallStack::getCurrentInternal not linked, returning null
03-04 08:25:46.857   946  1044 W RefBase : CallStack::logStackInternal not linked
03-04 08:25:46.855 32405 32405 D StroopAccessibility_DEBUG: [onAccessibilityEvent] WINDOW CHANGE: package=com.android.systemui, class=android.widget.FrameLayout
03-04 08:25:46.857 32405 32405 D StroopAccessibility_DEBUG: [onAccessibilityEvent] APP SWITCH: From com.samsung.android.biometrics.app.setting to com.android.systemui
03-04 08:25:46.858 32405 32405 D StroopAccessibility_DEBUG: LOCK CHECK STARTED: Is com.android.systemui locked?
03-04 08:25:46.858 32405 32405 D StroopAccessibility_DEBUG: Service active: true
03-04 08:25:46.858   867 28299 E engmode_world: Unknown token(00/00/00)
03-04 08:25:46.858 32405 32625 D StroopAccessibility_DEBUG: Refreshing locked apps cache (old cache: com.facebook.katana, com.instagram.android)
03-04 08:25:46.859   658   658 E engmode_hidl_service: error to server(0xd0060012)
03-04 08:25:46.859 32405 32625 D StroopAccessibility_DEBUG: [refreshLockedAppsCache] Updated locked apps cache: com.facebook.katana, com.instagram.android
03-04 08:25:46.860   946  1044 W RefBase : CallStack::getCurrentInternal not linked, returning null
03-04 08:25:46.860   946  1044 W RefBase : CallStack::logStackInternal not linked
03-04 08:25:46.860  1961  4364 W BufferQueueProducer: [SurfaceView[NotificationShade]@0#2070(BLAST Consumer)2070](id:7a900000816,api:3,p:1961,c:1961) detachBuffer: slot 3 is not owned by the producer (state = FREE)
03-04 08:25:46.861 32405 32405 D StroopAccessibility_DEBUG: [onReceive] USER PRESENT detected - device unlocked
03-04 08:25:46.861 32405 32405 D SessionManager: Ending all sessions
03-04 08:25:46.861 32405 32405 D SessionManager: Resetting current challenge state
03-04 08:25:46.861   946  1044 W RefBase : CallStack::getCurrentInternal not linked, returning null
03-04 08:25:46.861   946  1044 W RefBase : CallStack::logStackInternal not linked
03-04 08:25:46.861  1961  4364 W BufferQueueProducer: [SurfaceView[NotificationShade]@0#2070(BLAST Consumer)2070](id:7a900000816,api:3,p:1961,c:1961) detachBuffer: slot 6 is not owned by the producer (state = ACQUIRED)
03-04 08:25:46.861  1961  4364 W BufferQueueProducer: [SurfaceView[NotificationShade]@0#2070(BLAST Consumer)2070](id:7a900000816,api:3,p:1961,c:1961) detachBuffer: slot 7 is not owned by the producer (state = FREE)
03-04 08:25:46.862   946  1044 W RefBase : CallStack::getCurrentInternal not linked, returning null
03-04 08:25:46.862   946  1044 W RefBase : CallStack::logStackInternal not linked
03-04 08:25:46.863   946  1044 W RefBase : CallStack::getCurrentInternal not linked, returning null
03-04 08:25:46.863   946  1044 W RefBase : CallStack::logStackInternal not linked
03-04 08:25:46.865  1961  4364 W BufferQueueProducer: [SurfaceView[NotificationShade]@0#2070(BLAST Consumer)2070](id:7a900000816,api:3,p:1961,c:1961) detachBuffer: slot 13 is not owned by the producer (state = FREE)
03-04 08:25:46.865   946  1044 W RefBase : CallStack::getCurrentInternal not linked, returning null
03-04 08:25:46.865   946  1044 W RefBase : CallStack::logStackInternal not linked
03-04 08:25:46.865  1961  4364 W BufferQueueProducer: [SurfaceView[NotificationShade]@0#2070(BLAST Consumer)2070](id:7a900000816,api:3,p:1961,c:1961) detachBuffer: slot 14 is not owned by the producer (state = FREE)
03-04 08:25:46.865  1961  4364 W BufferQueueProducer: [SurfaceView[NotificationShade]@0#2070(BLAST Consumer)2070](id:7a900000816,api:3,p:1961,c:1961) detachBuffer: slot 16 is not owned by the producer (state = FREE)
03-04 08:25:46.866   946  1044 W RefBase : CallStack::getCurrentInternal not linked, returning null
03-04 08:25:46.866   946  1044 W RefBase : CallStack::logStackInternal not linked
03-04 08:25:46.866  1961  4364 W BufferQueueProducer: [SurfaceView[NotificationShade]@0#2070(BLAST Consumer)2070](id:7a900000816,api:3,p:1961,c:1961) detachBuffer: slot 21 is not owned by the producer (state = FREE)
03-04 08:25:46.866  1961  4364 W BufferQueueProducer: [SurfaceView[NotificationShade]@0#2070(BLAST Consumer)2070](id:7a900000816,api:3,p:1961,c:1961) detachBuffer: slot 22 is not owned by the producer (state = FREE)
03-04 08:25:46.866  1961  4364 W BufferQueueProducer: [SurfaceView[NotificationShade]@0#2070(BLAST Consumer)2070](id:7a900000816,api:3,p:1961,c:1961) detachBuffer: slot 23 is not owned by the producer (state = FREE)
03-04 08:25:46.867  1961  4364 W BufferQueueProducer: [SurfaceView[NotificationShade]@0#2070(BLAST Consumer)2070](id:7a900000816,api:3,p:1961,c:1961) detachBuffer: slot 24 is not owned by the producer (state = FREE)
03-04 08:25:46.867  1961  4364 W BufferQueueProducer: [SurfaceView[NotificationShade]@0#2070(BLAST Consumer)2070](id:7a900000816,api:3,p:1961,c:1961) detachBuffer: slot 25 is not owned by the producer (state = FREE)
03-04 08:25:46.867  1961  4364 W BufferQueueProducer: [SurfaceView[NotificationShade]@0#2070(BLAST Consumer)2070](id:7a900000816,api:3,p:1961,c:1961) detachBuffer: slot 26 is not owned by the producer (state = FREE)
03-04 08:25:46.867  1961  4364 W BufferQueueProducer: [SurfaceView[NotificationShade]@0#2070(BLAST Consumer)2070](id:7a900000816,api:3,p:1961,c:1961) detachBuffer: slot 27 is not owned by the producer (state = FREE)
03-04 08:25:46.867  1961  4364 W BufferQueueProducer: [SurfaceView[NotificationShade]@0#2070(BLAST Consumer)2070](id:7a900000816,api:3,p:1961,c:1961) detachBuffer: slot 28 is not owned by the producer (state = FREE)
03-04 08:25:46.867  1961  4364 W BufferQueueProducer: [SurfaceView[NotificationShade]@0#2070(BLAST Consumer)2070](id:7a900000816,api:3,p:1961,c:1961) detachBuffer: slot 29 is not owned by the producer (state = FREE)
03-04 08:25:46.867  1961  4364 W BufferQueueProducer: [SurfaceView[NotificationShade]@0#2070(BLAST Consumer)2070](id:7a900000816,api:3,p:1961,c:1961) detachBuffer: slot 30 is not owned by the producer (state = FREE)
03-04 08:25:46.867   946  1044 W RefBase : CallStack::getCurrentInternal not linked, returning null
03-04 08:25:46.867   946  1044 W RefBase : CallStack::logStackInternal not linked
03-04 08:25:46.867  1961  4364 W BufferQueueProducer: [SurfaceView[NotificationShade]@0#2070(BLAST Consumer)2070](id:7a900000816,api:3,p:1961,c:1961) detachBuffer: slot 31 is not owned by the producer (state = FREE)
03-04 08:25:46.867  1961  4364 W BufferQueueProducer: [SurfaceView[NotificationShade]@0#2070(BLAST Consumer)2070](id:7a900000816,api:3,p:1961,c:1961) detachBuffer: slot 32 is not owned by the producer (state = FREE)
03-04 08:25:46.867  1961  4364 W BufferQueueProducer: [SurfaceView[NotificationShade]@0#2070(BLAST Consumer)2070](id:7a900000816,api:3,p:1961,c:1961) detachBuffer: slot 33 is not owned by the producer (state = FREE)
03-04 08:25:46.867  1961  4364 W BufferQueueProducer: [SurfaceView[NotificationShade]@0#2070(BLAST Consumer)2070](id:7a900000816,api:3,p:1961,c:1961) detachBuffer: slot 34 is not owned by the producer (state = FREE)
03-04 08:25:46.868  1961  4364 W BufferQueueProducer: [SurfaceView[NotificationShade]@0#2070(BLAST Consumer)2070](id:7a900000816,api:3,p:1961,c:1961) detachBuffer: slot 35 is not owned by the producer (state = FREE)
03-04 08:25:46.868  1961  4364 W BufferQueueProducer: [SurfaceView[NotificationShade]@0#2070(BLAST Consumer)2070](id:7a900000816,api:3,p:1961,c:1961) detachBuffer: slot 36 is not owned by the producer (state = FREE)
03-04 08:25:46.868  1961  4364 W BufferQueueProducer: [SurfaceView[NotificationShade]@0#2070(BLAST Consumer)2070](id:7a900000816,api:3,p:1961,c:1961) detachBuffer: slot 37 is not owned by the producer (state = FREE)
03-04 08:25:46.868  1961  4364 W BufferQueueProducer: [SurfaceView[NotificationShade]@0#2070(BLAST Consumer)2070](id:7a900000816,api:3,p:1961,c:1961) detachBuffer: slot 38 is not owned by the producer (state = FREE)
03-04 08:25:46.868   946  1044 W RefBase : CallStack::getCurrentInternal not linked, returning null
03-04 08:25:46.868   946  1044 W RefBase : CallStack::logStackInternal not linked
03-04 08:25:46.868  1961  4364 W BufferQueueProducer: [SurfaceView[NotificationShade]@0#2070(BLAST Consumer)2070](id:7a900000816,api:3,p:1961,c:1961) detachBuffer: slot 39 is not owned by the producer (state = FREE)
03-04 08:25:46.868  1961  4364 W BufferQueueProducer: [SurfaceView[NotificationShade]@0#2070(BLAST Consumer)2070](id:7a900000816,api:3,p:1961,c:1961) detachBuffer: slot 40 is not owned by the producer (state = FREE)
03-04 08:25:46.868  1961  4364 W BufferQueueProducer: [SurfaceView[NotificationShade]@0#2070(BLAST Consumer)2070](id:7a900000816,api:3,p:1961,c:1961) detachBuffer: slot 41 is not owned by the producer (state = FREE)
03-04 08:25:46.868  1961  4364 W BufferQueueProducer: [SurfaceView[NotificationShade]@0#2070(BLAST Consumer)2070](id:7a900000816,api:3,p:1961,c:1961) detachBuffer: slot 42 is not owned by the producer (state = FREE)
03-04 08:25:46.868  1961  4364 W BufferQueueProducer: [SurfaceView[NotificationShade]@0#2070(BLAST Consumer)2070](id:7a900000816,api:3,p:1961,c:1961) detachBuffer: slot 43 is not owned by the producer (state = FREE)
03-04 08:25:46.868  1961  4364 W BufferQueueProducer: [SurfaceView[NotificationShade]@0#2070(BLAST Consumer)2070](id:7a900000816,api:3,p:1961,c:1961) detachBuffer: slot 44 is not owned by the producer (state = FREE)
03-04 08:25:46.868   946  1044 W RefBase : CallStack::getCurrentInternal not linked, returning null
03-04 08:25:46.868   946  1044 W RefBase : CallStack::logStackInternal not linked
03-04 08:25:46.868  1961  4364 W BufferQueueProducer: [SurfaceView[NotificationShade]@0#2070(BLAST Consumer)2070](id:7a900000816,api:3,p:1961,c:1961) detachBuffer: slot 45 is not owned by the producer (state = FREE)
03-04 08:25:46.869  1961  4364 W BufferQueueProducer: [SurfaceView[NotificationShade]@0#2070(BLAST Consumer)2070](id:7a900000816,api:3,p:1961,c:1961) detachBuffer: slot 46 is not owned by the producer (state = FREE)
03-04 08:25:46.869  1961  4364 W BufferQueueProducer: [SurfaceView[NotificationShade]@0#2070(BLAST Consumer)2070](id:7a900000816,api:3,p:1961,c:1961) detachBuffer: slot 47 is not owned by the producer (state = FREE)
03-04 08:25:46.869  1961  4364 W BufferQueueProducer: [SurfaceView[NotificationShade]@0#2070(BLAST Consumer)2070](id:7a900000816,api:3,p:1961,c:1961) detachBuffer: slot 48 is not owned by the producer (state = FREE)
03-04 08:25:46.869  1961  4364 W BufferQueueProducer: [SurfaceView[NotificationShade]@0#2070(BLAST Consumer)2070](id:7a900000816,api:3,p:1961,c:1961) detachBuffer: slot 49 is not owned by the producer (state = FREE)
03-04 08:25:46.869  1961  4364 W BufferQueueProducer: [SurfaceView[NotificationShade]@0#2070(BLAST Consumer)2070](id:7a900000816,api:3,p:1961,c:1961) detachBuffer: slot 50 is not owned by the producer (state = FREE)
03-04 08:25:46.869  1961  4364 W BufferQueueProducer: [SurfaceView[NotificationShade]@0#2070(BLAST Consumer)2070](id:7a900000816,api:3,p:1961,c:1961) detachBuffer: slot 51 is not owned by the producer (state = FREE)
03-04 08:25:46.869  1961  4364 W BufferQueueProducer: [SurfaceView[NotificationShade]@0#2070(BLAST Consumer)2070](id:7a900000816,api:3,p:1961,c:1961) detachBuffer: slot 52 is not owned by the producer (state = FREE)
03-04 08:25:46.869   946  1044 W RefBase : CallStack::getCurrentInternal not linked, returning null
03-04 08:25:46.869   946  1044 W RefBase : CallStack::logStackInternal not linked
03-04 08:25:46.869  1961  4364 W BufferQueueProducer: [SurfaceView[NotificationShade]@0#2070(BLAST Consumer)2070](id:7a900000816,api:3,p:1961,c:1961) detachBuffer: slot 53 is not owned by the producer (state = FREE)
03-04 08:25:46.869  1961  4364 W BufferQueueProducer: [SurfaceView[NotificationShade]@0#2070(BLAST Consumer)2070](id:7a900000816,api:3,p:1961,c:1961) detachBuffer: slot 54 is not owned by the producer (state = FREE)
03-04 08:25:46.869  1961  4364 W BufferQueueProducer: [SurfaceView[NotificationShade]@0#2070(BLAST Consumer)2070](id:7a900000816,api:3,p:1961,c:1961) detachBuffer: slot 55 is not owned by the producer (state = FREE)
03-04 08:25:46.870  1961  4364 W BufferQueueProducer: [SurfaceView[NotificationShade]@0#2070(BLAST Consumer)2070](id:7a900000816,api:3,p:1961,c:1961) detachBuffer: slot 56 is not owned by the producer (state = FREE)
03-04 08:25:46.870  1961  4364 W BufferQueueProducer: [SurfaceView[NotificationShade]@0#2070(BLAST Consumer)2070](id:7a900000816,api:3,p:1961,c:1961) detachBuffer: slot 57 is not owned by the producer (state = FREE)
03-04 08:25:46.870  1961  4364 W BufferQueueProducer: [SurfaceView[NotificationShade]@0#2070(BLAST Consumer)2070](id:7a900000816,api:3,p:1961,c:1961) detachBuffer: slot 58 is not owned by the producer (state = FREE)
03-04 08:25:46.870   946  1044 W RefBase : CallStack::getCurrentInternal not linked, returning null
03-04 08:25:46.870   946  1044 W RefBase : CallStack::logStackInternal not linked
03-04 08:25:46.870  1961  4364 W BufferQueueProducer: [SurfaceView[NotificationShade]@0#2070(BLAST Consumer)2070](id:7a900000816,api:3,p:1961,c:1961) detachBuffer: slot 59 is not owned by the producer (state = FREE)
03-04 08:25:46.870  1961  4364 W BufferQueueProducer: [SurfaceView[NotificationShade]@0#2070(BLAST Consumer)2070](id:7a900000816,api:3,p:1961,c:1961) detachBuffer: slot 60 is not owned by the producer (state = FREE)
03-04 08:25:46.870  1961  4364 W BufferQueueProducer: [SurfaceView[NotificationShade]@0#2070(BLAST Consumer)2070](id:7a900000816,api:3,p:1961,c:1961) detachBuffer: slot 61 is not owned by the producer (state = FREE)
03-04 08:25:46.870  1961  4364 W BufferQueueProducer: [SurfaceView[NotificationShade]@0#2070(BLAST Consumer)2070](id:7a900000816,api:3,p:1961,c:1961) detachBuffer: slot 62 is not owned by the producer (state = FREE)
03-04 08:25:46.870  1961  4364 W BufferQueueProducer: [SurfaceView[NotificationShade]@0#2070(BLAST Consumer)2070](id:7a900000816,api:3,p:1961,c:1961) detachBuffer: slot 63 is not owned by the producer (state = FREE)
03-04 08:25:46.870  1961  4364 W BufferQueueProducer: [SurfaceView[NotificationShade]@0#2070(BLAST Consumer)2070](id:7a900000816,api:3,p:1961,c:1961) detachBuffer: slot 64 is not owned by the producer (state = FREE)
03-04 08:25:46.870  1961  4364 W BufferQueueProducer: [SurfaceView[NotificationShade]@0#2070(BLAST Consumer)2070](id:7a900000816,api:3,p:1961,c:1961) detachBuffer: slot 65 is not owned by the producer (state = FREE)
03-04 08:25:46.871  1961  4364 W BufferQueueProducer: [SurfaceView[NotificationShade]@0#2070(BLAST Consumer)2070](id:7a900000816,api:3,p:1961,c:1961) detachBuffer: slot 66 is not owned by the producer (state = FREE)
03-04 08:25:46.871  1961  4364 W BufferQueueProducer: [SurfaceView[NotificationShade]@0#2070(BLAST Consumer)2070](id:7a900000816,api:3,p:1961,c:1961) detachBuffer: slot 67 is not owned by the producer (state = FREE)
03-04 08:25:46.871   946  1044 W RefBase : CallStack::getCurrentInternal not linked, returning null
03-04 08:25:46.871   946  1044 W RefBase : CallStack::logStackInternal not linked
03-04 08:25:46.871  1961  4364 W BufferQueueProducer: [SurfaceView[NotificationShade]@0#2070(BLAST Consumer)2070](id:7a900000816,api:3,p:1961,c:1961) detachBuffer: slot 68 is not owned by the producer (state = FREE)
03-04 08:25:46.871  1961  4364 W BufferQueueProducer: [SurfaceView[NotificationShade]@0#2070(BLAST Consumer)2070](id:7a900000816,api:3,p:1961,c:1961) detachBuffer: slot 69 is not owned by the producer (state = FREE)
03-04 08:25:46.871  1961  4364 W BufferQueueProducer: [SurfaceView[NotificationShade]@0#2070(BLAST Consumer)2070](id:7a900000816,api:3,p:1961,c:1961) detachBuffer: slot 70 is not owned by the producer (state = FREE)
03-04 08:25:46.871  1961  4364 W BufferQueueProducer: [SurfaceView[NotificationShade]@0#2070(BLAST Consumer)2070](id:7a900000816,api:3,p:1961,c:1961) detachBuffer: slot 71 is not owned by the producer (state = FREE)
03-04 08:25:46.871  1961  4364 W BufferQueueProducer: [SurfaceView[NotificationShade]@0#2070(BLAST Consumer)2070](id:7a900000816,api:3,p:1961,c:1961) detachBuffer: slot 72 is not owned by the producer (state = FREE)
03-04 08:25:46.871  1961  4364 W BufferQueueProducer: [SurfaceView[NotificationShade]@0#2070(BLAST Consumer)2070](id:7a900000816,api:3,p:1961,c:1961) detachBuffer: slot 73 is not owned by the producer (state = FREE)
03-04 08:25:46.871  1961  4364 W BufferQueueProducer: [SurfaceView[NotificationShade]@0#2070(BLAST Consumer)2070](id:7a900000816,api:3,p:1961,c:1961) detachBuffer: slot 74 is not owned by the producer (state = FREE)
03-04 08:25:46.871  1961  4364 W BufferQueueProducer: [SurfaceView[NotificationShade]@0#2070(BLAST Consumer)2070](id:7a900000816,api:3,p:1961,c:1961) detachBuffer: slot 75 is not owned by the producer (state = FREE)
03-04 08:25:46.871  1961  4364 W BufferQueueProducer: [SurfaceView[NotificationShade]@0#2070(BLAST Consumer)2070](id:7a900000816,api:3,p:1961,c:1961) detachBuffer: slot 76 is not owned by the producer (state = FREE)
03-04 08:25:46.871  1961  4364 W BufferQueueProducer: [SurfaceView[NotificationShade]@0#2070(BLAST Consumer)2070](id:7a900000816,api:3,p:1961,c:1961) detachBuffer: slot 77 is not owned by the producer (state = FREE)
03-04 08:25:46.872  1961  4364 W BufferQueueProducer: [SurfaceView[NotificationShade]@0#2070(BLAST Consumer)2070](id:7a900000816,api:3,p:1961,c:1961) detachBuffer: slot 78 is not owned by the producer (state = FREE)
03-04 08:25:46.872  1961  4364 W BufferQueueProducer: [SurfaceView[NotificationShade]@0#2070(BLAST Consumer)2070](id:7a900000816,api:3,p:1961,c:1961) detachBuffer: slot 79 is not owned by the producer (state = FREE)
